Component: ARM Compiler 6.16 Tool: armlink [5dfeaa00]

==============================================================================

Section Cross References

    main.o(.text.main) refers to timers.o(.text.Init_PIT) for Init_PIT
    main.o(.text.main) refers to timers.o(.text.Init_PWM) for Init_PWM
    main.o(.text.main) refers to motor.o(.text.Init_Drive_Motor) for Init_Drive_Motor
    main.o(.text.main) refers to timers.o(.text.Start_PIT) for Start_PIT
    main.o(.text.main) refers to uart.o(.text.__uart_init) for __uart_init
    main.o(.text.main) refers to motor.o(.text.Set_Forward) for Set_Forward
    main.o(.text.main) refers to delay.o(.text.Delay) for Delay
    main.o(.text.main) refers to motor.o(.text.Set_Stop) for Set_Stop
    main.o(.text.main) refers to motor.o(.text.Set_Reverse) for Set_Reverse
    main.o(.text.main) refers to uart.o(.data.uart1_cfg) for uart1_cfg
    main.o(.text.main) refers to uart.o(.bss.uart1_txQ) for uart1_txQ
    main.o(.text.main) refers to uart.o(.bss.uart1_rxQ) for uart1_rxQ
    main.o(.ARM.exidx.text.main) refers to main.o(.text.main) for [Anonymous Symbol]
    timers.o(.text.Init_PIT) refers to timers.o(.text.__NVIC_SetPriority) for __NVIC_SetPriority
    timers.o(.text.Init_PIT) refers to timers.o(.text.__NVIC_ClearPendingIRQ) for __NVIC_ClearPendingIRQ
    timers.o(.text.Init_PIT) refers to timers.o(.text.__NVIC_EnableIRQ) for __NVIC_EnableIRQ
    timers.o(.ARM.exidx.text.Init_PIT) refers to timers.o(.text.Init_PIT) for [Anonymous Symbol]
    timers.o(.ARM.exidx.text.__NVIC_SetPriority) refers to timers.o(.text.__NVIC_SetPriority) for [Anonymous Symbol]
    timers.o(.ARM.exidx.text.__NVIC_ClearPendingIRQ) refers to timers.o(.text.__NVIC_ClearPendingIRQ) for [Anonymous Symbol]
    timers.o(.ARM.exidx.text.__NVIC_EnableIRQ) refers to timers.o(.text.__NVIC_EnableIRQ) for [Anonymous Symbol]
    timers.o(.ARM.exidx.text.Start_PIT) refers to timers.o(.text.Start_PIT) for [Anonymous Symbol]
    timers.o(.ARM.exidx.text.Stop_PIT) refers to timers.o(.text.Stop_PIT) for [Anonymous Symbol]
    timers.o(.text.PIT_IRQHandler) refers to timers.o(.text.__NVIC_ClearPendingIRQ) for __NVIC_ClearPendingIRQ
    timers.o(.text.PIT_IRQHandler) refers to aeabi_sdivfast.o(.text_divfast) for __aeabi_uidiv
    timers.o(.text.PIT_IRQHandler) refers to timers.o(.text.Set_PWM_Value_Ch0) for Set_PWM_Value_Ch0
    timers.o(.text.PIT_IRQHandler) refers to main.o(.bss.millisecond) for millisecond
    timers.o(.text.PIT_IRQHandler) refers to main.o(.bss.second) for second
    timers.o(.text.PIT_IRQHandler) refers to main.o(.bss.minute) for minute
    timers.o(.text.PIT_IRQHandler) refers to main.o(.bss.hour) for hour
    timers.o(.ARM.exidx.text.PIT_IRQHandler) refers to timers.o(.text.PIT_IRQHandler) for [Anonymous Symbol]
    timers.o(.ARM.exidx.text.Set_PWM_Value_Ch0) refers to timers.o(.text.Set_PWM_Value_Ch0) for [Anonymous Symbol]
    timers.o(.ARM.exidx.text.Init_PWM) refers to timers.o(.text.Init_PWM) for [Anonymous Symbol]
    delay.o(.ARM.exidx.text.Delay) refers to delay.o(.text.Delay) for [Anonymous Symbol]
    uart.o(.text.__uart_init) refers to queue.o(.text.Q_Init) for Q_Init
    uart.o(.text.__uart_init) refers to aeabi_sdivfast.o(.text_divfast) for __aeabi_uidiv
    uart.o(.text.__uart_init) refers to uart.o(.text.__NVIC_SetPriority) for __NVIC_SetPriority
    uart.o(.text.__uart_init) refers to uart.o(.text.__NVIC_ClearPendingIRQ) for __NVIC_ClearPendingIRQ
    uart.o(.text.__uart_init) refers to uart.o(.text.__NVIC_EnableIRQ) for __NVIC_EnableIRQ
    uart.o(.ARM.exidx.text.__uart_init) refers to uart.o(.text.__uart_init) for [Anonymous Symbol]
    uart.o(.ARM.exidx.text.__NVIC_SetPriority) refers to uart.o(.text.__NVIC_SetPriority) for [Anonymous Symbol]
    uart.o(.ARM.exidx.text.__NVIC_ClearPendingIRQ) refers to uart.o(.text.__NVIC_ClearPendingIRQ) for [Anonymous Symbol]
    uart.o(.ARM.exidx.text.__NVIC_EnableIRQ) refers to uart.o(.text.__NVIC_EnableIRQ) for [Anonymous Symbol]
    uart.o(.ARM.exidx.text.__uart_start) refers to uart.o(.text.__uart_start) for [Anonymous Symbol]
    uart.o(.ARM.exidx.text.__uart_stop) refers to uart.o(.text.__uart_stop) for [Anonymous Symbol]
    uart.o(.text.__uart_send) refers to queue.o(.text.Q_Full) for Q_Full
    uart.o(.text.__uart_send) refers to queue.o(.text.Q_Enqueue) for Q_Enqueue
    uart.o(.ARM.exidx.text.__uart_send) refers to uart.o(.text.__uart_send) for [Anonymous Symbol]
    uart.o(.text.__uart_read) refers to queue.o(.text.Q_Dequeue) for Q_Dequeue
    uart.o(.text.__uart_read) refers to queue.o(.text.Q_Size) for Q_Size
    uart.o(.text.__uart_read) refers to queue.o(.text.Q_Empty) for Q_Empty
    uart.o(.ARM.exidx.text.__uart_read) refers to uart.o(.text.__uart_read) for [Anonymous Symbol]
    uart.o(.text.UART1_IRQHandler) refers to uart.o(.text.__NVIC_ClearPendingIRQ) for __NVIC_ClearPendingIRQ
    uart.o(.text.UART1_IRQHandler) refers to queue.o(.text.Q_Empty) for Q_Empty
    uart.o(.text.UART1_IRQHandler) refers to queue.o(.text.Q_Dequeue) for Q_Dequeue
    uart.o(.text.UART1_IRQHandler) refers to queue.o(.text.Q_Full) for Q_Full
    uart.o(.text.UART1_IRQHandler) refers to queue.o(.text.Q_Enqueue) for Q_Enqueue
    uart.o(.text.UART1_IRQHandler) refers to uart.o(.bss.uart1_txQ) for uart1_txQ
    uart.o(.text.UART1_IRQHandler) refers to uart.o(.bss.uart1_rxQ) for uart1_rxQ
    uart.o(.ARM.exidx.text.UART1_IRQHandler) refers to uart.o(.text.UART1_IRQHandler) for [Anonymous Symbol]
    uart.o(.text.Get_Num_Rx_Chars_Available) refers to queue.o(.text.Q_Size) for Q_Size
    uart.o(.text.Get_Num_Rx_Chars_Available) refers to uart.o(.bss.uart1_rxQ) for uart1_rxQ
    uart.o(.ARM.exidx.text.Get_Num_Rx_Chars_Available) refers to uart.o(.text.Get_Num_Rx_Chars_Available) for [Anonymous Symbol]
    uart.o(.text.UART2_IRQHandler) refers to uart.o(.text.__NVIC_ClearPendingIRQ) for __NVIC_ClearPendingIRQ
    uart.o(.text.UART2_IRQHandler) refers to queue.o(.text.Q_Empty) for Q_Empty
    uart.o(.text.UART2_IRQHandler) refers to queue.o(.text.Q_Dequeue) for Q_Dequeue
    uart.o(.text.UART2_IRQHandler) refers to queue.o(.text.Q_Full) for Q_Full
    uart.o(.text.UART2_IRQHandler) refers to queue.o(.text.Q_Enqueue) for Q_Enqueue
    uart.o(.text.UART2_IRQHandler) refers to uart.o(.bss.uart2_txQ) for uart2_txQ
    uart.o(.text.UART2_IRQHandler) refers to uart.o(.bss.uart2_rxQ) for uart2_rxQ
    uart.o(.ARM.exidx.text.UART2_IRQHandler) refers to uart.o(.text.UART2_IRQHandler) for [Anonymous Symbol]
    queue.o(.ARM.exidx.text.Q_Empty) refers to queue.o(.text.Q_Empty) for [Anonymous Symbol]
    queue.o(.ARM.exidx.text.Q_Full) refers to queue.o(.text.Q_Full) for [Anonymous Symbol]
    queue.o(.ARM.exidx.text.Q_Size) refers to queue.o(.text.Q_Size) for [Anonymous Symbol]
    queue.o(.text.Q_Enqueue) refers to queue.o(.text.Q_Full) for Q_Full
    queue.o(.ARM.exidx.text.Q_Enqueue) refers to queue.o(.text.Q_Enqueue) for [Anonymous Symbol]
    queue.o(.text.Q_Dequeue) refers to queue.o(.text.Q_Empty) for Q_Empty
    queue.o(.ARM.exidx.text.Q_Dequeue) refers to queue.o(.text.Q_Dequeue) for [Anonymous Symbol]
    queue.o(.text.Q_Init) refers to rt_memclr.o(.text) for __aeabi_memclr
    queue.o(.ARM.exidx.text.Q_Init) refers to queue.o(.text.Q_Init) for [Anonymous Symbol]
    leds.o(.ARM.exidx.text.Init_RGB_LEDs) refers to leds.o(.text.Init_RGB_LEDs) for [Anonymous Symbol]
    leds.o(.ARM.exidx.text.Control_RGB_LEDs) refers to leds.o(.text.Control_RGB_LEDs) for [Anonymous Symbol]
    leds.o(.ARM.exidx.text.toggle_RGB_LEDs) refers to leds.o(.text.toggle_RGB_LEDs) for [Anonymous Symbol]
    lcd_4bit.o(.text.wait_while_busy) refers to lcd_4bit.o(.text.lcd_read_status) for lcd_read_status
    lcd_4bit.o(.ARM.exidx.text.wait_while_busy) refers to lcd_4bit.o(.text.wait_while_busy) for [Anonymous Symbol]
    lcd_4bit.o(.text.lcd_read_status) refers to delay.o(.text.Delay) for Delay
    lcd_4bit.o(.ARM.exidx.text.lcd_read_status) refers to lcd_4bit.o(.text.lcd_read_status) for [Anonymous Symbol]
    lcd_4bit.o(.text.lcd_write_4bit) refers to delay.o(.text.Delay) for Delay
    lcd_4bit.o(.ARM.exidx.text.lcd_write_4bit) refers to lcd_4bit.o(.text.lcd_write_4bit) for [Anonymous Symbol]
    lcd_4bit.o(.text.lcd_write_cmd) refers to lcd_4bit.o(.text.wait_while_busy) for wait_while_busy
    lcd_4bit.o(.text.lcd_write_cmd) refers to lcd_4bit.o(.text.lcd_write_4bit) for lcd_write_4bit
    lcd_4bit.o(.ARM.exidx.text.lcd_write_cmd) refers to lcd_4bit.o(.text.lcd_write_cmd) for [Anonymous Symbol]
    lcd_4bit.o(.text.lcd_putchar) refers to lcd_4bit.o(.text.lcd_write_data) for lcd_write_data
    lcd_4bit.o(.ARM.exidx.text.lcd_putchar) refers to lcd_4bit.o(.text.lcd_putchar) for [Anonymous Symbol]
    lcd_4bit.o(.text.lcd_write_data) refers to lcd_4bit.o(.text.wait_while_busy) for wait_while_busy
    lcd_4bit.o(.text.lcd_write_data) refers to lcd_4bit.o(.text.lcd_write_4bit) for lcd_write_4bit
    lcd_4bit.o(.ARM.exidx.text.lcd_write_data) refers to lcd_4bit.o(.text.lcd_write_data) for [Anonymous Symbol]
    lcd_4bit.o(.ARM.exidx.text.lcd_init_port) refers to lcd_4bit.o(.text.lcd_init_port) for [Anonymous Symbol]
    lcd_4bit.o(.text.Init_LCD) refers to lcd_4bit.o(.text.lcd_init_port) for lcd_init_port
    lcd_4bit.o(.text.Init_LCD) refers to delay.o(.text.Delay) for Delay
    lcd_4bit.o(.text.Init_LCD) refers to lcd_4bit.o(.text.lcd_write_4bit) for lcd_write_4bit
    lcd_4bit.o(.text.Init_LCD) refers to lcd_4bit.o(.text.lcd_write_cmd) for lcd_write_cmd
    lcd_4bit.o(.ARM.exidx.text.Init_LCD) refers to lcd_4bit.o(.text.Init_LCD) for [Anonymous Symbol]
    lcd_4bit.o(.text.Set_Cursor) refers to lcd_4bit.o(.text.lcd_write_cmd) for lcd_write_cmd
    lcd_4bit.o(.ARM.exidx.text.Set_Cursor) refers to lcd_4bit.o(.text.Set_Cursor) for [Anonymous Symbol]
    lcd_4bit.o(.text.Clear_LCD) refers to lcd_4bit.o(.text.lcd_write_cmd) for lcd_write_cmd
    lcd_4bit.o(.text.Clear_LCD) refers to lcd_4bit.o(.text.Set_Cursor) for Set_Cursor
    lcd_4bit.o(.ARM.exidx.text.Clear_LCD) refers to lcd_4bit.o(.text.Clear_LCD) for [Anonymous Symbol]
    lcd_4bit.o(.text.Print_LCD) refers to lcd_4bit.o(.text.lcd_putchar) for lcd_putchar
    lcd_4bit.o(.ARM.exidx.text.Print_LCD) refers to lcd_4bit.o(.text.Print_LCD) for [Anonymous Symbol]
    motor.o(.ARM.exidx.text.Init_Drive_Motor) refers to motor.o(.text.Init_Drive_Motor) for [Anonymous Symbol]
    motor.o(.text.Set_Stop) refers to timers.o(.text.Set_PWM_Value_Ch0) for Set_PWM_Value_Ch0
    motor.o(.ARM.exidx.text.Set_Stop) refers to motor.o(.text.Set_Stop) for [Anonymous Symbol]
    motor.o(.text.Set_Forward) refers to timers.o(.text.Set_PWM_Value_Ch0) for Set_PWM_Value_Ch0
    motor.o(.ARM.exidx.text.Set_Forward) refers to motor.o(.text.Set_Forward) for [Anonymous Symbol]
    motor.o(.text.Set_Reverse) refers to timers.o(.text.Set_PWM_Value_Ch0) for Set_PWM_Value_Ch0
    motor.o(.ARM.exidx.text.Set_Reverse) refers to motor.o(.text.Set_Reverse) for [Anonymous Symbol]
    startup_mkl25z4.o(STACK) refers (Special) to heapauxi.o(.text) for __use_two_region_memory
    startup_mkl25z4.o(HEAP) refers (Special) to heapauxi.o(.text) for __use_two_region_memory
    startup_mkl25z4.o(RESET) refers (Special) to heapauxi.o(.text) for __use_two_region_memory
    startup_mkl25z4.o(RESET) refers to startup_mkl25z4.o(STACK) for __initial_sp
    startup_mkl25z4.o(RESET) refers to startup_mkl25z4.o(.text) for Reset_Handler
    startup_mkl25z4.o(RESET) refers to uart.o(.text.UART1_IRQHandler) for UART1_IRQHandler
    startup_mkl25z4.o(RESET) refers to uart.o(.text.UART2_IRQHandler) for UART2_IRQHandler
    startup_mkl25z4.o(RESET) refers to timers.o(.text.PIT_IRQHandler) for PIT_IRQHandler
    startup_mkl25z4.o(.ARM.__at_0x400) refers (Special) to heapauxi.o(.text) for __use_two_region_memory
    startup_mkl25z4.o(.text) refers (Special) to heapauxi.o(.text) for __use_two_region_memory
    startup_mkl25z4.o(.text) refers to system_mkl25z4.o(.text.SystemInit) for SystemInit
    startup_mkl25z4.o(.text) refers to __main.o(!!!main) for __main
    startup_mkl25z4.o(.text) refers to startup_mkl25z4.o(HEAP) for Heap_Mem
    startup_mkl25z4.o(.text) refers to startup_mkl25z4.o(STACK) for Stack_Mem
    system_mkl25z4.o(.ARM.exidx.text.SystemInit) refers to system_mkl25z4.o(.text.SystemInit) for [Anonymous Symbol]
    system_mkl25z4.o(.text.SystemCoreClockUpdate) refers to aeabi_sdivfast.o(.text_divfast) for __aeabi_uidiv
    system_mkl25z4.o(.text.SystemCoreClockUpdate) refers to system_mkl25z4.o(.data.SystemCoreClock) for SystemCoreClock
    system_mkl25z4.o(.ARM.exidx.text.SystemCoreClockUpdate) refers to system_mkl25z4.o(.text.SystemCoreClockUpdate) for [Anonymous Symbol]
    __main.o(!!!main) refers to __rtentry.o(.ARM.Collect$$rtentry$$00000000) for __rt_entry
    __rtentry.o(.ARM.Collect$$rtentry$$00000000) refers (Special) to __rtentry2.o(.ARM.Collect$$rtentry$$0000000A) for __rt_entry_li
    __rtentry.o(.ARM.Collect$$rtentry$$00000000) refers (Special) to __rtentry2.o(.ARM.Collect$$rtentry$$0000000D) for __rt_entry_main
    __rtentry.o(.ARM.Collect$$rtentry$$00000000) refers (Special) to __rtentry2.o(.ARM.Collect$$rtentry$$0000000C) for __rt_entry_postli_1
    __rtentry.o(.ARM.Collect$$rtentry$$00000000) refers (Special) to __rtentry2.o(.ARM.Collect$$rtentry$$00000009) for __rt_entry_postsh_1
    __rtentry.o(.ARM.Collect$$rtentry$$00000000) refers (Special) to __rtentry2.o(.ARM.Collect$$rtentry$$00000002) for __rt_entry_presh_1
    __rtentry.o(.ARM.Collect$$rtentry$$00000000) refers (Special) to __rtentry4.o(.ARM.Collect$$rtentry$$00000004) for __rt_entry_sh
    aeabi_idiv0_sigfpe.o(.text) refers to rt_div0.o(.text) for __rt_div0
    __rtentry2.o(.ARM.Collect$$rtentry$$00000008) refers to boardinit2.o(.text) for _platform_post_stackheap_init
    __rtentry2.o(.ARM.Collect$$rtentry$$0000000A) refers to libinit.o(.ARM.Collect$$libinit$$00000000) for __rt_lib_init
    __rtentry2.o(.ARM.Collect$$rtentry$$0000000B) refers to boardinit3.o(.text) for _platform_post_lib_init
    __rtentry2.o(.ARM.Collect$$rtentry$$0000000D) refers to main.o(.text.main) for main
    __rtentry2.o(.ARM.Collect$$rtentry$$0000000D) refers to exit.o(.text) for exit
    __rtentry2.o(.ARM.exidx) refers to __rtentry2.o(.ARM.Collect$$rtentry$$00000001) for .ARM.Collect$$rtentry$$00000001
    __rtentry2.o(.ARM.exidx) refers to __rtentry2.o(.ARM.Collect$$rtentry$$00000008) for .ARM.Collect$$rtentry$$00000008
    __rtentry2.o(.ARM.exidx) refers to __rtentry2.o(.ARM.Collect$$rtentry$$0000000A) for .ARM.Collect$$rtentry$$0000000A
    __rtentry2.o(.ARM.exidx) refers to __rtentry2.o(.ARM.Collect$$rtentry$$0000000B) for .ARM.Collect$$rtentry$$0000000B
    __rtentry2.o(.ARM.exidx) refers to __rtentry2.o(.ARM.Collect$$rtentry$$0000000D) for .ARM.Collect$$rtentry$$0000000D
    __rtentry4.o(.ARM.Collect$$rtentry$$00000004) refers to sys_stackheap_outer.o(.text) for __user_setup_stackheap
    __rtentry4.o(.ARM.exidx) refers to __rtentry4.o(.ARM.Collect$$rtentry$$00000004) for .ARM.Collect$$rtentry$$00000004
    rt_div0.o(.text) refers to defsig_fpe_outer.o(.text) for __rt_SIGFPE
    sys_stackheap_outer.o(.text) refers to libspace.o(.text) for __user_perproc_libspace
    sys_stackheap_outer.o(.text) refers to startup_mkl25z4.o(.text) for __user_initial_stackheap
    sys_stackheap_outer.o(__vectab_stack_and_reset_area) refers to tempstk.o(.text) for __temporary_stack_top
    sys_stackheap_outer.o(__vectab_stack_and_reset_area) refers to __main.o(!!!main) for __main
    exit.o(.text) refers to rtexit.o(.ARM.Collect$$rtexit$$00000000) for __rt_exit
    defsig_fpe_outer.o(.text) refers to defsig_fpe_inner.o(.text) for __rt_SIGFPE_inner
    defsig_fpe_outer.o(.text) refers to defsig_exit.o(.text) for __sig_exit
    defsig_fpe_formal.o(.text) refers to rt_raise.o(.text) for __rt_raise
    libinit.o(.ARM.Collect$$libinit$$00000000) refers (Special) to libinit2.o(.ARM.Collect$$libinit$$0000002E) for __rt_lib_init_alloca_1
    libinit.o(.ARM.Collect$$libinit$$00000000) refers (Special) to libinit2.o(.ARM.Collect$$libinit$$0000002C) for __rt_lib_init_argv_1
    libinit.o(.ARM.Collect$$libinit$$00000000) refers (Special) to libinit2.o(.ARM.Collect$$libinit$$0000001B) for __rt_lib_init_atexit_1
    libinit.o(.ARM.Collect$$libinit$$00000000) refers (Special) to libinit2.o(.ARM.Collect$$libinit$$00000021) for __rt_lib_init_clock_1
    libinit.o(.ARM.Collect$$libinit$$00000000) refers (Special) to libinit2.o(.ARM.Collect$$libinit$$00000032) for __rt_lib_init_cpp_1
    libinit.o(.ARM.Collect$$libinit$$00000000) refers (Special) to libinit2.o(.ARM.Collect$$libinit$$00000030) for __rt_lib_init_exceptions_1
    libinit.o(.ARM.Collect$$libinit$$00000000) refers (Special) to libinit2.o(.ARM.Collect$$libinit$$00000002) for __rt_lib_init_fp_1
    libinit.o(.ARM.Collect$$libinit$$00000000) refers (Special) to libinit2.o(.ARM.Collect$$libinit$$0000001F) for __rt_lib_init_fp_trap_1
    libinit.o(.ARM.Collect$$libinit$$00000000) refers (Special) to libinit2.o(.ARM.Collect$$libinit$$00000023) for __rt_lib_init_getenv_1
    libinit.o(.ARM.Collect$$libinit$$00000000) refers (Special) to libinit2.o(.ARM.Collect$$libinit$$0000000A) for __rt_lib_init_heap_1
    libinit.o(.ARM.Collect$$libinit$$00000000) refers (Special) to libinit2.o(.ARM.Collect$$libinit$$00000011) for __rt_lib_init_lc_collate_1
    libinit.o(.ARM.Collect$$libinit$$00000000) refers (Special) to libinit2.o(.ARM.Collect$$libinit$$00000013) for __rt_lib_init_lc_ctype_1
    libinit.o(.ARM.Collect$$libinit$$00000000) refers (Special) to libinit2.o(.ARM.Collect$$libinit$$00000015) for __rt_lib_init_lc_monetary_1
    libinit.o(.ARM.Collect$$libinit$$00000000) refers (Special) to libinit2.o(.ARM.Collect$$libinit$$00000017) for __rt_lib_init_lc_numeric_1
    libinit.o(.ARM.Collect$$libinit$$00000000) refers (Special) to libinit2.o(.ARM.Collect$$libinit$$00000019) for __rt_lib_init_lc_time_1
    libinit.o(.ARM.Collect$$libinit$$00000000) refers (Special) to libinit2.o(.ARM.Collect$$libinit$$00000004) for __rt_lib_init_preinit_1
    libinit.o(.ARM.Collect$$libinit$$00000000) refers (Special) to libinit2.o(.ARM.Collect$$libinit$$0000000E) for __rt_lib_init_rand_1
    libinit.o(.ARM.Collect$$libinit$$00000000) refers (Special) to libinit2.o(.ARM.Collect$$libinit$$00000033) for __rt_lib_init_return
    libinit.o(.ARM.Collect$$libinit$$00000000) refers (Special) to libinit2.o(.ARM.Collect$$libinit$$0000001D) for __rt_lib_init_signal_1
    libinit.o(.ARM.Collect$$libinit$$00000000) refers (Special) to libinit2.o(.ARM.Collect$$libinit$$00000025) for __rt_lib_init_stdio_1
    libinit.o(.ARM.Collect$$libinit$$00000000) refers (Special) to libinit2.o(.ARM.Collect$$libinit$$0000000C) for __rt_lib_init_user_alloc_1
    libspace.o(.text) refers to libspace.o(.bss) for __libspace_start
    rtexit.o(.ARM.Collect$$rtexit$$00000000) refers (Special) to rtexit2.o(.ARM.Collect$$rtexit$$00000004) for __rt_exit_exit
    rtexit.o(.ARM.Collect$$rtexit$$00000000) refers (Special) to rtexit2.o(.ARM.Collect$$rtexit$$00000003) for __rt_exit_ls
    rtexit.o(.ARM.Collect$$rtexit$$00000000) refers (Special) to rtexit2.o(.ARM.Collect$$rtexit$$00000002) for __rt_exit_prels_1
    rtexit.o(.ARM.exidx) refers (Special) to rtexit2.o(.ARM.Collect$$rtexit$$00000004) for __rt_exit_exit
    rtexit.o(.ARM.exidx) refers (Special) to rtexit2.o(.ARM.Collect$$rtexit$$00000003) for __rt_exit_ls
    rtexit.o(.ARM.exidx) refers (Special) to rtexit2.o(.ARM.Collect$$rtexit$$00000002) for __rt_exit_prels_1
    rtexit.o(.ARM.exidx) refers to rtexit.o(.ARM.Collect$$rtexit$$00000000) for .ARM.Collect$$rtexit$$00000000
    rt_raise.o(.text) refers to __raise.o(.text) for __raise
    rt_raise.o(.text) refers to sys_exit.o(.text) for _sys_exit
    defsig_exit.o(.text) refers to sys_exit.o(.text) for _sys_exit
    defsig_fpe_inner.o(.text) refers to defsig_general.o(.text) for __default_signal_display
    libinit2.o(.ARM.Collect$$libinit$$00000010) refers to libinit2.o(.ARM.Collect$$libinit$$0000000F) for .ARM.Collect$$libinit$$0000000F
    libinit2.o(.ARM.Collect$$libinit$$00000012) refers to libinit2.o(.ARM.Collect$$libinit$$0000000F) for .ARM.Collect$$libinit$$0000000F
    libinit2.o(.ARM.Collect$$libinit$$00000014) refers to libinit2.o(.ARM.Collect$$libinit$$0000000F) for .ARM.Collect$$libinit$$0000000F
    libinit2.o(.ARM.Collect$$libinit$$00000016) refers to libinit2.o(.ARM.Collect$$libinit$$0000000F) for .ARM.Collect$$libinit$$0000000F
    libinit2.o(.ARM.Collect$$libinit$$00000018) refers to libinit2.o(.ARM.Collect$$libinit$$0000000F) for .ARM.Collect$$libinit$$0000000F
    libinit2.o(.ARM.Collect$$libinit$$00000026) refers to argv_veneer.o(.text) for __ARM_argv_veneer
    libinit2.o(.ARM.Collect$$libinit$$00000027) refers to argv_veneer.o(.text) for __ARM_argv_veneer
    sys_exit.o(.text) refers (Special) to use_no_semi.o(.text) for __I$use$semihosting
    sys_exit.o(.text) refers (Special) to indicate_semi.o(.text) for __semihosting_library_function
    sys_exit_hlt.o(.text) refers (Special) to use_no_semi.o(.text) for __I$use$semihosting
    sys_exit_hlt.o(.text) refers (Special) to indicate_semi.o(.text) for __semihosting_library_function
    rtexit2.o(.ARM.Collect$$rtexit$$00000003) refers to libshutdown.o(.ARM.Collect$$libshutdown$$00000000) for __rt_lib_shutdown
    rtexit2.o(.ARM.Collect$$rtexit$$00000004) refers to sys_exit.o(.text) for _sys_exit
    rtexit2.o(.ARM.exidx) refers to rtexit2.o(.ARM.Collect$$rtexit$$00000001) for .ARM.Collect$$rtexit$$00000001
    rtexit2.o(.ARM.exidx) refers to rtexit2.o(.ARM.Collect$$rtexit$$00000003) for .ARM.Collect$$rtexit$$00000003
    rtexit2.o(.ARM.exidx) refers to rtexit2.o(.ARM.Collect$$rtexit$$00000004) for .ARM.Collect$$rtexit$$00000004
    __raise.o(.text) refers to defsig.o(CL$$defsig) for __default_signal_handler
    defsig_general.o(.text) refers to sys_wrch.o(.text) for _ttywrch
    sys_wrch.o(.text) refers (Special) to use_no_semi.o(.text) for __I$use$semihosting
    sys_wrch.o(.text) refers (Special) to indicate_semi.o(.text) for __semihosting_library_function
    sys_wrch_hlt.o(.text) refers (Special) to use_no_semi.o(.text) for __I$use$semihosting
    sys_wrch_hlt.o(.text) refers (Special) to indicate_semi.o(.text) for __semihosting_library_function
    defsig.o(CL$$defsig) refers to defsig_fpe_inner.o(.text) for __rt_SIGFPE_inner
    defsig.o(CL$$defsig) refers to defsig_rtmem_inner.o(.text) for __rt_SIGRTMEM_inner
    _get_argv_nomalloc.o(.text) refers (Special) to hrguard.o(.text) for __heap_region$guard
    _get_argv_nomalloc.o(.text) refers to defsig_rtmem_outer.o(.text) for __rt_SIGRTMEM
    _get_argv_nomalloc.o(.text) refers to sys_command.o(.text) for _sys_command_string
    libshutdown.o(.ARM.Collect$$libshutdown$$00000000) refers (Special) to libshutdown2.o(.ARM.Collect$$libshutdown$$00000002) for __rt_lib_shutdown_cpp_1
    libshutdown.o(.ARM.Collect$$libshutdown$$00000000) refers (Special) to libshutdown2.o(.ARM.Collect$$libshutdown$$00000007) for __rt_lib_shutdown_fp_trap_1
    libshutdown.o(.ARM.Collect$$libshutdown$$00000000) refers (Special) to libshutdown2.o(.ARM.Collect$$libshutdown$$0000000F) for __rt_lib_shutdown_heap_1
    libshutdown.o(.ARM.Collect$$libshutdown$$00000000) refers (Special) to libshutdown2.o(.ARM.Collect$$libshutdown$$00000010) for __rt_lib_shutdown_return
    libshutdown.o(.ARM.Collect$$libshutdown$$00000000) refers (Special) to libshutdown2.o(.ARM.Collect$$libshutdown$$0000000A) for __rt_lib_shutdown_signal_1
    libshutdown.o(.ARM.Collect$$libshutdown$$00000000) refers (Special) to libshutdown2.o(.ARM.Collect$$libshutdown$$00000004) for __rt_lib_shutdown_stdio_1
    libshutdown.o(.ARM.Collect$$libshutdown$$00000000) refers (Special) to libshutdown2.o(.ARM.Collect$$libshutdown$$0000000C) for __rt_lib_shutdown_user_alloc_1
    sys_command.o(.text) refers (Special) to use_no_semi.o(.text) for __I$use$semihosting
    sys_command.o(.text) refers (Special) to indicate_semi.o(.text) for __semihosting_library_function
    sys_command_hlt.o(.text) refers (Special) to use_no_semi.o(.text) for __I$use$semihosting
    sys_command_hlt.o(.text) refers (Special) to indicate_semi.o(.text) for __semihosting_library_function
    defsig_abrt_inner.o(.text) refers to defsig_general.o(.text) for __default_signal_display
    defsig_rtred_inner.o(.text) refers to defsig_general.o(.text) for __default_signal_display
    defsig_rtmem_inner.o(.text) refers to defsig_general.o(.text) for __default_signal_display
    defsig_rtmem_outer.o(.text) refers to defsig_rtmem_inner.o(.text) for __rt_SIGRTMEM_inner
    defsig_rtmem_outer.o(.text) refers to defsig_exit.o(.text) for __sig_exit
    defsig_rtmem_formal.o(.text) refers to rt_raise.o(.text) for __rt_raise
    defsig_stak_inner.o(.text) refers to defsig_general.o(.text) for __default_signal_display
    defsig_pvfn_inner.o(.text) refers to defsig_general.o(.text) for __default_signal_display
    defsig_cppl_inner.o(.text) refers to defsig_general.o(.text) for __default_signal_display
    defsig_segv_inner.o(.text) refers to defsig_general.o(.text) for __default_signal_display
    defsig_other.o(.text) refers to defsig_general.o(.text) for __default_signal_display


==============================================================================

Removing Unused input sections from the image.

    Removing main.o(.text), (0 bytes).
    Removing main.o(.ARM.exidx.text.main), (8 bytes).
    Removing main.o(.ARM.use_no_argv), (4 bytes).
    Removing timers.o(.text), (0 bytes).
    Removing timers.o(.ARM.exidx.text.Init_PIT), (8 bytes).
    Removing timers.o(.ARM.exidx.text.__NVIC_SetPriority), (8 bytes).
    Removing timers.o(.ARM.exidx.text.__NVIC_ClearPendingIRQ), (8 bytes).
    Removing timers.o(.ARM.exidx.text.__NVIC_EnableIRQ), (8 bytes).
    Removing timers.o(.ARM.exidx.text.Start_PIT), (8 bytes).
    Removing timers.o(.text.Stop_PIT), (16 bytes).
    Removing timers.o(.ARM.exidx.text.Stop_PIT), (8 bytes).
    Removing timers.o(.ARM.exidx.text.PIT_IRQHandler), (8 bytes).
    Removing timers.o(.ARM.exidx.text.Set_PWM_Value_Ch0), (8 bytes).
    Removing timers.o(.ARM.exidx.text.Init_PWM), (8 bytes).
    Removing timers.o(.bss.PIT_interrupt_counter), (4 bytes).
    Removing timers.o(.bss.LCD_update_requested), (4 bytes).
    Removing delay.o(.text), (0 bytes).
    Removing delay.o(.ARM.exidx.text.Delay), (8 bytes).
    Removing uart.o(.text), (0 bytes).
    Removing uart.o(.ARM.exidx.text.__uart_init), (8 bytes).
    Removing uart.o(.ARM.exidx.text.__NVIC_SetPriority), (8 bytes).
    Removing uart.o(.ARM.exidx.text.__NVIC_ClearPendingIRQ), (8 bytes).
    Removing uart.o(.ARM.exidx.text.__NVIC_EnableIRQ), (8 bytes).
    Removing uart.o(.text.__uart_start), (2 bytes).
    Removing uart.o(.ARM.exidx.text.__uart_start), (8 bytes).
    Removing uart.o(.text.__uart_stop), (2 bytes).
    Removing uart.o(.ARM.exidx.text.__uart_stop), (8 bytes).
    Removing uart.o(.text.__uart_send), (80 bytes).
    Removing uart.o(.ARM.exidx.text.__uart_send), (8 bytes).
    Removing uart.o(.text.__uart_read), (58 bytes).
    Removing uart.o(.ARM.exidx.text.__uart_read), (8 bytes).
    Removing uart.o(.ARM.exidx.text.UART1_IRQHandler), (8 bytes).
    Removing uart.o(.text.Get_Num_Rx_Chars_Available), (16 bytes).
    Removing uart.o(.ARM.exidx.text.Get_Num_Rx_Chars_Available), (8 bytes).
    Removing uart.o(.ARM.exidx.text.UART2_IRQHandler), (8 bytes).
    Removing uart.o(.data.uart2_cfg), (36 bytes).
    Removing queue.o(.text), (0 bytes).
    Removing queue.o(.ARM.exidx.text.Q_Empty), (8 bytes).
    Removing queue.o(.ARM.exidx.text.Q_Full), (8 bytes).
    Removing queue.o(.text.Q_Size), (8 bytes).
    Removing queue.o(.ARM.exidx.text.Q_Size), (8 bytes).
    Removing queue.o(.ARM.exidx.text.Q_Enqueue), (8 bytes).
    Removing queue.o(.ARM.exidx.text.Q_Dequeue), (8 bytes).
    Removing queue.o(.ARM.exidx.text.Q_Init), (8 bytes).
    Removing leds.o(.text), (0 bytes).
    Removing leds.o(.text.Init_RGB_LEDs), (108 bytes).
    Removing leds.o(.ARM.exidx.text.Init_RGB_LEDs), (8 bytes).
    Removing leds.o(.text.Control_RGB_LEDs), (56 bytes).
    Removing leds.o(.ARM.exidx.text.Control_RGB_LEDs), (8 bytes).
    Removing leds.o(.text.toggle_RGB_LEDs), (44 bytes).
    Removing leds.o(.ARM.exidx.text.toggle_RGB_LEDs), (8 bytes).
    Removing lcd_4bit.o(.text), (0 bytes).
    Removing lcd_4bit.o(.text.wait_while_busy), (14 bytes).
    Removing lcd_4bit.o(.ARM.exidx.text.wait_while_busy), (8 bytes).
    Removing lcd_4bit.o(.text.lcd_read_status), (104 bytes).
    Removing lcd_4bit.o(.ARM.exidx.text.lcd_read_status), (8 bytes).
    Removing lcd_4bit.o(.text.lcd_write_4bit), (60 bytes).
    Removing lcd_4bit.o(.ARM.exidx.text.lcd_write_4bit), (8 bytes).
    Removing lcd_4bit.o(.text.lcd_write_cmd), (32 bytes).
    Removing lcd_4bit.o(.ARM.exidx.text.lcd_write_cmd), (8 bytes).
    Removing lcd_4bit.o(.text.lcd_putchar), (8 bytes).
    Removing lcd_4bit.o(.ARM.exidx.text.lcd_putchar), (8 bytes).
    Removing lcd_4bit.o(.text.lcd_write_data), (32 bytes).
    Removing lcd_4bit.o(.ARM.exidx.text.lcd_write_data), (8 bytes).
    Removing lcd_4bit.o(.text.lcd_init_port), (56 bytes).
    Removing lcd_4bit.o(.ARM.exidx.text.lcd_init_port), (8 bytes).
    Removing lcd_4bit.o(.text.Init_LCD), (132 bytes).
    Removing lcd_4bit.o(.ARM.exidx.text.Init_LCD), (8 bytes).
    Removing lcd_4bit.o(.text.Set_Cursor), (18 bytes).
    Removing lcd_4bit.o(.ARM.exidx.text.Set_Cursor), (8 bytes).
    Removing lcd_4bit.o(.text.Clear_LCD), (18 bytes).
    Removing lcd_4bit.o(.ARM.exidx.text.Clear_LCD), (8 bytes).
    Removing lcd_4bit.o(.text.Print_LCD), (28 bytes).
    Removing lcd_4bit.o(.ARM.exidx.text.Print_LCD), (8 bytes).
    Removing motor.o(.text), (0 bytes).
    Removing motor.o(.ARM.exidx.text.Init_Drive_Motor), (8 bytes).
    Removing motor.o(.ARM.exidx.text.Set_Stop), (8 bytes).
    Removing motor.o(.ARM.exidx.text.Set_Forward), (8 bytes).
    Removing motor.o(.ARM.exidx.text.Set_Reverse), (8 bytes).
    Removing system_mkl25z4.o(.text), (0 bytes).
    Removing system_mkl25z4.o(.ARM.exidx.text.SystemInit), (8 bytes).
    Removing system_mkl25z4.o(.text.SystemCoreClockUpdate), (272 bytes).
    Removing system_mkl25z4.o(.ARM.exidx.text.SystemCoreClockUpdate), (8 bytes).
    Removing system_mkl25z4.o(.data.SystemCoreClock), (4 bytes).

84 unused section(s) (total 1600 bytes) removed from the image.

==============================================================================

Image Symbol Table

    Local Symbols

    Symbol Name                              Value     Ov Type        Size  Object(Section)

    ../clib/angel/boardlib.s                 0x00000000   Number         0  boardinit1.o ABSOLUTE
    ../clib/angel/boardlib.s                 0x00000000   Number         0  boardinit2.o ABSOLUTE
    ../clib/angel/boardlib.s                 0x00000000   Number         0  boardinit3.o ABSOLUTE
    ../clib/angel/boardlib.s                 0x00000000   Number         0  boardshut.o ABSOLUTE
    ../clib/angel/handlers.s                 0x00000000   Number         0  __scatter_copy.o ABSOLUTE
    ../clib/angel/handlers.s                 0x00000000   Number         0  __scatter_zi.o ABSOLUTE
    ../clib/angel/kernel.s                   0x00000000   Number         0  __rtentry.o ABSOLUTE
    ../clib/angel/kernel.s                   0x00000000   Number         0  __rtentry2.o ABSOLUTE
    ../clib/angel/kernel.s                   0x00000000   Number         0  __rtentry4.o ABSOLUTE
    ../clib/angel/kernel.s                   0x00000000   Number         0  rtexit.o ABSOLUTE
    ../clib/angel/kernel.s                   0x00000000   Number         0  rtexit2.o ABSOLUTE
    ../clib/angel/rt.s                       0x00000000   Number         0  aeabi_idiv0.o ABSOLUTE
    ../clib/angel/rt.s                       0x00000000   Number         0  aeabi_idiv0_sigfpe.o ABSOLUTE
    ../clib/angel/rt.s                       0x00000000   Number         0  rt_div0.o ABSOLUTE
    ../clib/angel/rt.s                       0x00000000   Number         0  rt_raise.o ABSOLUTE
    ../clib/angel/scatterp.s                 0x00000000   Number         0  __scatter.o ABSOLUTE
    ../clib/angel/startup.s                  0x00000000   Number         0  __main.o ABSOLUTE
    ../clib/angel/sys.s                      0x00000000   Number         0  sys_stackheap_outer.o ABSOLUTE
    ../clib/angel/sys.s                      0x00000000   Number         0  libspace.o ABSOLUTE
    ../clib/angel/sys.s                      0x00000000   Number         0  tempstk.o ABSOLUTE
    ../clib/angel/sys.s                      0x00000000   Number         0  use_no_semi.o ABSOLUTE
    ../clib/angel/sys.s                      0x00000000   Number         0  indicate_semi.o ABSOLUTE
    ../clib/angel/sysapp.c                   0x00000000   Number         0  sys_exit.o ABSOLUTE
    ../clib/angel/sysapp.c                   0x00000000   Number         0  sys_exit_hlt.o ABSOLUTE
    ../clib/angel/sysapp.c                   0x00000000   Number         0  sys_wrch.o ABSOLUTE
    ../clib/angel/sysapp.c                   0x00000000   Number         0  sys_wrch_hlt.o ABSOLUTE
    ../clib/angel/sysapp.c                   0x00000000   Number         0  sys_command.o ABSOLUTE
    ../clib/angel/sysapp.c                   0x00000000   Number         0  sys_command_hlt.o ABSOLUTE
    ../clib/armsys.c                         0x00000000   Number         0  argv_veneer.o ABSOLUTE
    ../clib/armsys.c                         0x00000000   Number         0  _get_argv_nomalloc.o ABSOLUTE
    ../clib/armsys.c                         0x00000000   Number         0  no_argv.o ABSOLUTE
    ../clib/division.s                       0x00000000   Number         0  aeabi_sdivfast.o ABSOLUTE
    ../clib/division.s                       0x00000000   Number         0  aeabi_sdivfast_div0.o ABSOLUTE
    ../clib/heapalloc.c                      0x00000000   Number         0  hrguard.o ABSOLUTE
    ../clib/heapaux.c                        0x00000000   Number         0  heapauxi.o ABSOLUTE
    ../clib/libinit.s                        0x00000000   Number         0  libinit.o ABSOLUTE
    ../clib/libinit.s                        0x00000000   Number         0  libinit2.o ABSOLUTE
    ../clib/libinit.s                        0x00000000   Number         0  libshutdown.o ABSOLUTE
    ../clib/libinit.s                        0x00000000   Number         0  libshutdown2.o ABSOLUTE
    ../clib/memcpset.c                       0x00000000   Number         0  rt_memclr.o ABSOLUTE
    ../clib/signal.c                         0x00000000   Number         0  defsig_fpe_outer.o ABSOLUTE
    ../clib/signal.c                         0x00000000   Number         0  defsig_fpe_formal.o ABSOLUTE
    ../clib/signal.c                         0x00000000   Number         0  defsig_exit.o ABSOLUTE
    ../clib/signal.c                         0x00000000   Number         0  defsig_fpe_inner.o ABSOLUTE
    ../clib/signal.c                         0x00000000   Number         0  __raise.o ABSOLUTE
    ../clib/signal.c                         0x00000000   Number         0  defsig_general.o ABSOLUTE
    ../clib/signal.c                         0x00000000   Number         0  defsig_abrt_inner.o ABSOLUTE
    ../clib/signal.c                         0x00000000   Number         0  defsig_rtred_inner.o ABSOLUTE
    ../clib/signal.c                         0x00000000   Number         0  defsig_rtmem_inner.o ABSOLUTE
    ../clib/signal.c                         0x00000000   Number         0  defsig_rtmem_outer.o ABSOLUTE
    ../clib/signal.c                         0x00000000   Number         0  defsig_rtmem_formal.o ABSOLUTE
    ../clib/signal.c                         0x00000000   Number         0  defsig_stak_inner.o ABSOLUTE
    ../clib/signal.c                         0x00000000   Number         0  defsig_pvfn_inner.o ABSOLUTE
    ../clib/signal.c                         0x00000000   Number         0  defsig_cppl_inner.o ABSOLUTE
    ../clib/signal.c                         0x00000000   Number         0  defsig_segv_inner.o ABSOLUTE
    ../clib/signal.c                         0x00000000   Number         0  defsig_other.o ABSOLUTE
    ../clib/signal.s                         0x00000000   Number         0  defsig.o ABSOLUTE
    ../clib/stdlib.c                         0x00000000   Number         0  exit.o ABSOLUTE
    ../fplib/cfplib/fpinit.c                 0x00000000   Number         0  fpinit.o ABSOLUTE
    LCD_4bit.c                               0x00000000   Number         0  lcd_4bit.o ABSOLUTE
    LEDs.c                                   0x00000000   Number         0  leds.o ABSOLUTE
    RTE/Device/MKL25Z128xxx4/startup_MKL25Z4.s 0x00000000   Number         0  startup_mkl25z4.o ABSOLUTE
    dc.s                                     0x00000000   Number         0  dc.o ABSOLUTE
    delay.c                                  0x00000000   Number         0  delay.o ABSOLUTE
    main.c                                   0x00000000   Number         0  main.o ABSOLUTE
    motor.c                                  0x00000000   Number         0  motor.o ABSOLUTE
    queue.c                                  0x00000000   Number         0  queue.o ABSOLUTE
    system_MKL25Z4.c                         0x00000000   Number         0  system_mkl25z4.o ABSOLUTE
    timers.c                                 0x00000000   Number         0  timers.o ABSOLUTE
    uart.c                                   0x00000000   Number         0  uart.o ABSOLUTE
    RESET                                    0x00000000   Section      192  startup_mkl25z4.o(RESET)
    !!!main                                  0x000000c0   Section        8  __main.o(!!!main)
    !!!scatter                               0x000000c8   Section       60  __scatter.o(!!!scatter)
    !!handler_copy                           0x00000104   Section       26  __scatter_copy.o(!!handler_copy)
    !!handler_zi                             0x00000120   Section       28  __scatter_zi.o(!!handler_zi)
    .ARM.Collect$$libinit$$00000000          0x0000013c   Section        2  libinit.o(.ARM.Collect$$libinit$$00000000)
    .ARM.Collect$$libinit$$00000002          0x0000013e   Section        0  libinit2.o(.ARM.Collect$$libinit$$00000002)
    .ARM.Collect$$libinit$$00000004          0x0000013e   Section        0  libinit2.o(.ARM.Collect$$libinit$$00000004)
    .ARM.Collect$$libinit$$0000000A          0x0000013e   Section        0  libinit2.o(.ARM.Collect$$libinit$$0000000A)
    .ARM.Collect$$libinit$$0000000C          0x0000013e   Section        0  libinit2.o(.ARM.Collect$$libinit$$0000000C)
    .ARM.Collect$$libinit$$0000000E          0x0000013e   Section        0  libinit2.o(.ARM.Collect$$libinit$$0000000E)
    .ARM.Collect$$libinit$$00000011          0x0000013e   Section        0  libinit2.o(.ARM.Collect$$libinit$$00000011)
    .ARM.Collect$$libinit$$00000013          0x0000013e   Section        0  libinit2.o(.ARM.Collect$$libinit$$00000013)
    .ARM.Collect$$libinit$$00000015          0x0000013e   Section        0  libinit2.o(.ARM.Collect$$libinit$$00000015)
    .ARM.Collect$$libinit$$00000017          0x0000013e   Section        0  libinit2.o(.ARM.Collect$$libinit$$00000017)
    .ARM.Collect$$libinit$$00000019          0x0000013e   Section        0  libinit2.o(.ARM.Collect$$libinit$$00000019)
    .ARM.Collect$$libinit$$0000001B          0x0000013e   Section        0  libinit2.o(.ARM.Collect$$libinit$$0000001B)
    .ARM.Collect$$libinit$$0000001D          0x0000013e   Section        0  libinit2.o(.ARM.Collect$$libinit$$0000001D)
    .ARM.Collect$$libinit$$0000001F          0x0000013e   Section        0  libinit2.o(.ARM.Collect$$libinit$$0000001F)
    .ARM.Collect$$libinit$$00000021          0x0000013e   Section        0  libinit2.o(.ARM.Collect$$libinit$$00000021)
    .ARM.Collect$$libinit$$00000023          0x0000013e   Section        0  libinit2.o(.ARM.Collect$$libinit$$00000023)
    .ARM.Collect$$libinit$$00000025          0x0000013e   Section        0  libinit2.o(.ARM.Collect$$libinit$$00000025)
    .ARM.Collect$$libinit$$0000002C          0x0000013e   Section        0  libinit2.o(.ARM.Collect$$libinit$$0000002C)
    .ARM.Collect$$libinit$$0000002E          0x0000013e   Section        0  libinit2.o(.ARM.Collect$$libinit$$0000002E)
    .ARM.Collect$$libinit$$00000030          0x0000013e   Section        0  libinit2.o(.ARM.Collect$$libinit$$00000030)
    .ARM.Collect$$libinit$$00000032          0x0000013e   Section        0  libinit2.o(.ARM.Collect$$libinit$$00000032)
    .ARM.Collect$$libinit$$00000033          0x0000013e   Section        2  libinit2.o(.ARM.Collect$$libinit$$00000033)
    .ARM.Collect$$libshutdown$$00000000      0x00000140   Section        2  libshutdown.o(.ARM.Collect$$libshutdown$$00000000)
    .ARM.Collect$$libshutdown$$00000002      0x00000142   Section        0  libshutdown2.o(.ARM.Collect$$libshutdown$$00000002)
    .ARM.Collect$$libshutdown$$00000004      0x00000142   Section        0  libshutdown2.o(.ARM.Collect$$libshutdown$$00000004)
    .ARM.Collect$$libshutdown$$00000007      0x00000142   Section        0  libshutdown2.o(.ARM.Collect$$libshutdown$$00000007)
    .ARM.Collect$$libshutdown$$0000000A      0x00000142   Section        0  libshutdown2.o(.ARM.Collect$$libshutdown$$0000000A)
    .ARM.Collect$$libshutdown$$0000000C      0x00000142   Section        0  libshutdown2.o(.ARM.Collect$$libshutdown$$0000000C)
    .ARM.Collect$$libshutdown$$0000000F      0x00000142   Section        0  libshutdown2.o(.ARM.Collect$$libshutdown$$0000000F)
    .ARM.Collect$$libshutdown$$00000010      0x00000142   Section        2  libshutdown2.o(.ARM.Collect$$libshutdown$$00000010)
    .ARM.Collect$$rtentry$$00000000          0x00000144   Section        0  __rtentry.o(.ARM.Collect$$rtentry$$00000000)
    .ARM.Collect$$rtentry$$00000002          0x00000144   Section        0  __rtentry2.o(.ARM.Collect$$rtentry$$00000002)
    .ARM.Collect$$rtentry$$00000004          0x00000144   Section        6  __rtentry4.o(.ARM.Collect$$rtentry$$00000004)
    .ARM.Collect$$rtentry$$00000009          0x0000014a   Section        0  __rtentry2.o(.ARM.Collect$$rtentry$$00000009)
    .ARM.Collect$$rtentry$$0000000A          0x0000014a   Section        4  __rtentry2.o(.ARM.Collect$$rtentry$$0000000A)
    .ARM.Collect$$rtentry$$0000000C          0x0000014e   Section        0  __rtentry2.o(.ARM.Collect$$rtentry$$0000000C)
    .ARM.Collect$$rtentry$$0000000D          0x0000014e   Section        8  __rtentry2.o(.ARM.Collect$$rtentry$$0000000D)
    .ARM.Collect$$rtexit$$00000000           0x00000156   Section        2  rtexit.o(.ARM.Collect$$rtexit$$00000000)
    .ARM.Collect$$rtexit$$00000002           0x00000158   Section        0  rtexit2.o(.ARM.Collect$$rtexit$$00000002)
    .ARM.Collect$$rtexit$$00000003           0x00000158   Section        4  rtexit2.o(.ARM.Collect$$rtexit$$00000003)
    .ARM.Collect$$rtexit$$00000004           0x0000015c   Section        6  rtexit2.o(.ARM.Collect$$rtexit$$00000004)
    .text                                    0x00000164   Section       64  startup_mkl25z4.o(.text)
    .text                                    0x000001a4   Section        0  rt_memclr.o(.text)
    .text                                    0x000001e4   Section        0  heapauxi.o(.text)
    .text                                    0x000001ea   Section       62  sys_stackheap_outer.o(.text)
    .text                                    0x00000228   Section        0  exit.o(.text)
    .text                                    0x00000238   Section        8  libspace.o(.text)
    .text                                    0x00000240   Section        0  sys_exit.o(.text)
    .text                                    0x0000024c   Section        2  use_no_semi.o(.text)
    .text                                    0x0000024e   Section        0  indicate_semi.o(.text)
    [Anonymous Symbol]                       0x00000250   Section        0  delay.o(.text.Delay)
    __arm_cp.0_0                             0x00000270   Number         4  delay.o(.text.Delay)
    [Anonymous Symbol]                       0x00000274   Section        0  motor.o(.text.Init_Drive_Motor)
    __arm_cp.0_0                             0x000002bc   Number         4  motor.o(.text.Init_Drive_Motor)
    __arm_cp.0_1                             0x000002c0   Number         4  motor.o(.text.Init_Drive_Motor)
    __arm_cp.0_2                             0x000002c4   Number         4  motor.o(.text.Init_Drive_Motor)
    __arm_cp.0_3                             0x000002c8   Number         4  motor.o(.text.Init_Drive_Motor)
    __arm_cp.0_4                             0x000002cc   Number         4  motor.o(.text.Init_Drive_Motor)
    __arm_cp.0_5                             0x000002d0   Number         4  motor.o(.text.Init_Drive_Motor)
    [Anonymous Symbol]                       0x000002d4   Section        0  timers.o(.text.Init_PIT)
    __arm_cp.0_0                             0x00000318   Number         4  timers.o(.text.Init_PIT)
    __arm_cp.0_1                             0x0000031c   Number         4  timers.o(.text.Init_PIT)
    [Anonymous Symbol]                       0x00000320   Section        0  timers.o(.text.Init_PWM)
    __arm_cp.8_0                             0x00000370   Number         4  timers.o(.text.Init_PWM)
    __arm_cp.8_1                             0x00000374   Number         4  timers.o(.text.Init_PWM)
    __arm_cp.8_2                             0x00000378   Number         4  timers.o(.text.Init_PWM)
    __arm_cp.8_3                             0x0000037c   Number         4  timers.o(.text.Init_PWM)
    __arm_cp.8_4                             0x00000380   Number         4  timers.o(.text.Init_PWM)
    __arm_cp.8_5                             0x00000384   Number         4  timers.o(.text.Init_PWM)
    __arm_cp.8_6                             0x00000388   Number         4  timers.o(.text.Init_PWM)
    [Anonymous Symbol]                       0x0000038c   Section        0  queue.o(.text.Q_Dequeue)
    [Anonymous Symbol]                       0x000003ba   Section        0  queue.o(.text.Q_Empty)
    [Anonymous Symbol]                       0x000003c6   Section        0  queue.o(.text.Q_Enqueue)
    [Anonymous Symbol]                       0x000003f4   Section        0  system_mkl25z4.o(.text.SystemInit)
    __arm_cp.0_0                             0x000003fc   Number         4  system_mkl25z4.o(.text.SystemInit)
    .ARM.__at_0x400                          0x00000400   Section       16  startup_mkl25z4.o(.ARM.__at_0x400)
    [Anonymous Symbol]                       0x00000410   Section        0  timers.o(.text.PIT_IRQHandler)
    __arm_cp.6_0                             0x0000048c   Number         4  timers.o(.text.PIT_IRQHandler)
    __arm_cp.6_1                             0x00000490   Number         4  timers.o(.text.PIT_IRQHandler)
    __arm_cp.6_2                             0x00000494   Number         4  timers.o(.text.PIT_IRQHandler)
    __arm_cp.6_3                             0x00000498   Number         4  timers.o(.text.PIT_IRQHandler)
    __arm_cp.6_4                             0x0000049c   Number         4  timers.o(.text.PIT_IRQHandler)
    [Anonymous Symbol]                       0x000004a0   Section        0  queue.o(.text.Q_Full)
    [Anonymous Symbol]                       0x000004b2   Section        0  queue.o(.text.Q_Init)
    [Anonymous Symbol]                       0x000004d0   Section        0  motor.o(.text.Set_Forward)
    __arm_cp.2_1                             0x000004ec   Number         4  motor.o(.text.Set_Forward)
    [Anonymous Symbol]                       0x000004f0   Section        0  timers.o(.text.Set_PWM_Value_Ch0)
    __arm_cp.7_0                             0x000004fc   Number         4  timers.o(.text.Set_PWM_Value_Ch0)
    [Anonymous Symbol]                       0x00000500   Section        0  motor.o(.text.Set_Reverse)
    __arm_cp.3_0                             0x0000051c   Number         4  motor.o(.text.Set_Reverse)
    [Anonymous Symbol]                       0x00000520   Section        0  motor.o(.text.Set_Stop)
    __arm_cp.1_0                             0x00000540   Number         4  motor.o(.text.Set_Stop)
    __arm_cp.1_1                             0x00000544   Number         4  motor.o(.text.Set_Stop)
    [Anonymous Symbol]                       0x00000548   Section        0  timers.o(.text.Start_PIT)
    __arm_cp.4_0                             0x00000554   Number         4  timers.o(.text.Start_PIT)
    [Anonymous Symbol]                       0x00000558   Section        0  uart.o(.text.UART1_IRQHandler)
    __arm_cp.8_0                             0x000005a8   Number         4  uart.o(.text.UART1_IRQHandler)
    [Anonymous Symbol]                       0x000005ac   Section        0  uart.o(.text.UART2_IRQHandler)
    __arm_cp.10_0                            0x000005fc   Number         4  uart.o(.text.UART2_IRQHandler)
    __arm_cp.10_1                            0x00000600   Number         4  uart.o(.text.UART2_IRQHandler)
    __arm_cp.10_2                            0x00000604   Number         4  uart.o(.text.UART2_IRQHandler)
    __NVIC_ClearPendingIRQ                   0x00000609   Thumb Code    12  timers.o(.text.__NVIC_ClearPendingIRQ)
    [Anonymous Symbol]                       0x00000608   Section        0  timers.o(.text.__NVIC_ClearPendingIRQ)
    __NVIC_ClearPendingIRQ                   0x00000615   Thumb Code    20  uart.o(.text.__NVIC_ClearPendingIRQ)
    [Anonymous Symbol]                       0x00000614   Section        0  uart.o(.text.__NVIC_ClearPendingIRQ)
    __arm_cp.2_0                             0x00000628   Number         4  uart.o(.text.__NVIC_ClearPendingIRQ)
    __NVIC_EnableIRQ                         0x0000062d   Thumb Code    12  timers.o(.text.__NVIC_EnableIRQ)
    [Anonymous Symbol]                       0x0000062c   Section        0  timers.o(.text.__NVIC_EnableIRQ)
    __NVIC_EnableIRQ                         0x00000639   Thumb Code    20  uart.o(.text.__NVIC_EnableIRQ)
    [Anonymous Symbol]                       0x00000638   Section        0  uart.o(.text.__NVIC_EnableIRQ)
    __arm_cp.3_0                             0x0000064c   Number         4  uart.o(.text.__NVIC_EnableIRQ)
    __NVIC_SetPriority                       0x00000651   Thumb Code    16  timers.o(.text.__NVIC_SetPriority)
    [Anonymous Symbol]                       0x00000650   Section        0  timers.o(.text.__NVIC_SetPriority)
    __arm_cp.1_0                             0x00000660   Number         4  timers.o(.text.__NVIC_SetPriority)
    __NVIC_SetPriority                       0x00000665   Thumb Code    56  uart.o(.text.__NVIC_SetPriority)
    [Anonymous Symbol]                       0x00000664   Section        0  uart.o(.text.__NVIC_SetPriority)
    __arm_cp.1_0                             0x0000069c   Number         4  uart.o(.text.__NVIC_SetPriority)
    __arm_cp.1_1                             0x000006a0   Number         4  uart.o(.text.__NVIC_SetPriority)
    [Anonymous Symbol]                       0x000006a4   Section        0  uart.o(.text.__uart_init)
    __arm_cp.0_0                             0x00000734   Number         4  uart.o(.text.__uart_init)
    __arm_cp.0_1                             0x00000738   Number         4  uart.o(.text.__uart_init)
    [Anonymous Symbol]                       0x0000073c   Section        0  main.o(.text.main)
    __arm_cp.0_0                             0x00000798   Number         4  main.o(.text.main)
    __arm_cp.0_1                             0x0000079c   Number         4  main.o(.text.main)
    __arm_cp.0_2                             0x000007a0   Number         4  main.o(.text.main)
    __arm_cp.0_3                             0x000007a4   Number         4  main.o(.text.main)
    .text_divfast                            0x000007a8   Section      502  aeabi_sdivfast.o(.text_divfast)
    .bss                                     0x1ffff028   Section       96  libspace.o(.bss)
    Heap_Mem                                 0x1ffff4c0   Data           0  startup_mkl25z4.o(HEAP)
    Stack_Mem                                0x1ffff4c0   Data         256  startup_mkl25z4.o(STACK)
    HEAP                                     0x1ffff4c0   Section        0  startup_mkl25z4.o(HEAP)
    STACK                                    0x1ffff4c0   Section      256  startup_mkl25z4.o(STACK)
    __initial_sp                             0x1ffff5c0   Data           0  startup_mkl25z4.o(STACK)

    Global Symbols

    Symbol Name                              Value     Ov Type        Size  Object(Section)

    BuildAttributes$$THM_ISAv3M$S$PE$A:L22$X:L11$S22$IEEE1$IW$~IW$USESV6$~STKCKD$USESV7$~SHL$OTIME$ROPI$EBA8$UX$STANDARDLIB$REQ8$PRES8$EABIv2 0x00000000   Number         0  anon$$obj.o ABSOLUTE
    __Vectors                                0x00000000   Data           4  startup_mkl25z4.o(RESET)
    __ARM_exceptions_init                     - Undefined Weak Reference
    __alloca_initialize                       - Undefined Weak Reference
    __arm_preinit_                            - Undefined Weak Reference
    __cpp_initialize__aeabi_                  - Undefined Weak Reference
    __cxa_finalize                            - Undefined Weak Reference
    __rt_locale                               - Undefined Weak Reference
    __sigvec_lookup                           - Undefined Weak Reference
    _atexit_init                              - Undefined Weak Reference
    _call_atexit_fns                          - Undefined Weak Reference
    _clock_init                               - Undefined Weak Reference
    _fp_trap_init                             - Undefined Weak Reference
    _fp_trap_shutdown                         - Undefined Weak Reference
    _get_lc_collate                           - Undefined Weak Reference
    _get_lc_ctype                             - Undefined Weak Reference
    _get_lc_monetary                          - Undefined Weak Reference
    _get_lc_numeric                           - Undefined Weak Reference
    _get_lc_time                              - Undefined Weak Reference
    _getenv_init                              - Undefined Weak Reference
    _handle_redirection                       - Undefined Weak Reference
    _init_alloc                               - Undefined Weak Reference
    _init_user_alloc                          - Undefined Weak Reference
    _initio                                   - Undefined Weak Reference
    _rand_init                                - Undefined Weak Reference
    _signal_finish                            - Undefined Weak Reference
    _signal_init                              - Undefined Weak Reference
    _terminate_alloc                          - Undefined Weak Reference
    _terminate_user_alloc                     - Undefined Weak Reference
    _terminateio                              - Undefined Weak Reference
    __Vectors_End                            0x000000c0   Data           0  startup_mkl25z4.o(RESET)
    __Vectors_Size                           0x000000c0   Number         0  startup_mkl25z4.o ABSOLUTE
    __main                                   0x000000c1   Thumb Code     8  __main.o(!!!main)
    __scatterload                            0x000000c9   Thumb Code     0  __scatter.o(!!!scatter)
    __scatterload_rt2                        0x000000c9   Thumb Code    52  __scatter.o(!!!scatter)
    __scatterload_rt2_thumb_only             0x000000c9   Thumb Code     0  __scatter.o(!!!scatter)
    __scatterload_null                       0x000000d9   Thumb Code     0  __scatter.o(!!!scatter)
    __scatterload_copy                       0x00000105   Thumb Code    26  __scatter_copy.o(!!handler_copy)
    __scatterload_zeroinit                   0x00000121   Thumb Code    28  __scatter_zi.o(!!handler_zi)
    __rt_lib_init                            0x0000013d   Thumb Code     0  libinit.o(.ARM.Collect$$libinit$$00000000)
    __rt_lib_init_alloca_1                   0x0000013f   Thumb Code     0  libinit2.o(.ARM.Collect$$libinit$$0000002E)
    __rt_lib_init_argv_1                     0x0000013f   Thumb Code     0  libinit2.o(.ARM.Collect$$libinit$$0000002C)
    __rt_lib_init_atexit_1                   0x0000013f   Thumb Code     0  libinit2.o(.ARM.Collect$$libinit$$0000001B)
    __rt_lib_init_clock_1                    0x0000013f   Thumb Code     0  libinit2.o(.ARM.Collect$$libinit$$00000021)
    __rt_lib_init_cpp_1                      0x0000013f   Thumb Code     0  libinit2.o(.ARM.Collect$$libinit$$00000032)
    __rt_lib_init_exceptions_1               0x0000013f   Thumb Code     0  libinit2.o(.ARM.Collect$$libinit$$00000030)
    __rt_lib_init_fp_1                       0x0000013f   Thumb Code     0  libinit2.o(.ARM.Collect$$libinit$$00000002)
    __rt_lib_init_fp_trap_1                  0x0000013f   Thumb Code     0  libinit2.o(.ARM.Collect$$libinit$$0000001F)
    __rt_lib_init_getenv_1                   0x0000013f   Thumb Code     0  libinit2.o(.ARM.Collect$$libinit$$00000023)
    __rt_lib_init_heap_1                     0x0000013f   Thumb Code     0  libinit2.o(.ARM.Collect$$libinit$$0000000A)
    __rt_lib_init_lc_collate_1               0x0000013f   Thumb Code     0  libinit2.o(.ARM.Collect$$libinit$$00000011)
    __rt_lib_init_lc_ctype_1                 0x0000013f   Thumb Code     0  libinit2.o(.ARM.Collect$$libinit$$00000013)
    __rt_lib_init_lc_monetary_1              0x0000013f   Thumb Code     0  libinit2.o(.ARM.Collect$$libinit$$00000015)
    __rt_lib_init_lc_numeric_1               0x0000013f   Thumb Code     0  libinit2.o(.ARM.Collect$$libinit$$00000017)
    __rt_lib_init_lc_time_1                  0x0000013f   Thumb Code     0  libinit2.o(.ARM.Collect$$libinit$$00000019)
    __rt_lib_init_preinit_1                  0x0000013f   Thumb Code     0  libinit2.o(.ARM.Collect$$libinit$$00000004)
    __rt_lib_init_rand_1                     0x0000013f   Thumb Code     0  libinit2.o(.ARM.Collect$$libinit$$0000000E)
    __rt_lib_init_return                     0x0000013f   Thumb Code     0  libinit2.o(.ARM.Collect$$libinit$$00000033)
    __rt_lib_init_signal_1                   0x0000013f   Thumb Code     0  libinit2.o(.ARM.Collect$$libinit$$0000001D)
    __rt_lib_init_stdio_1                    0x0000013f   Thumb Code     0  libinit2.o(.ARM.Collect$$libinit$$00000025)
    __rt_lib_init_user_alloc_1               0x0000013f   Thumb Code     0  libinit2.o(.ARM.Collect$$libinit$$0000000C)
    __rt_lib_shutdown                        0x00000141   Thumb Code     0  libshutdown.o(.ARM.Collect$$libshutdown$$00000000)
    __rt_lib_shutdown_cpp_1                  0x00000143   Thumb Code     0  libshutdown2.o(.ARM.Collect$$libshutdown$$00000002)
    __rt_lib_shutdown_fp_trap_1              0x00000143   Thumb Code     0  libshutdown2.o(.ARM.Collect$$libshutdown$$00000007)
    __rt_lib_shutdown_heap_1                 0x00000143   Thumb Code     0  libshutdown2.o(.ARM.Collect$$libshutdown$$0000000F)
    __rt_lib_shutdown_return                 0x00000143   Thumb Code     0  libshutdown2.o(.ARM.Collect$$libshutdown$$00000010)
    __rt_lib_shutdown_signal_1               0x00000143   Thumb Code     0  libshutdown2.o(.ARM.Collect$$libshutdown$$0000000A)
    __rt_lib_shutdown_stdio_1                0x00000143   Thumb Code     0  libshutdown2.o(.ARM.Collect$$libshutdown$$00000004)
    __rt_lib_shutdown_user_alloc_1           0x00000143   Thumb Code     0  libshutdown2.o(.ARM.Collect$$libshutdown$$0000000C)
    __rt_entry                               0x00000145   Thumb Code     0  __rtentry.o(.ARM.Collect$$rtentry$$00000000)
    __rt_entry_presh_1                       0x00000145   Thumb Code     0  __rtentry2.o(.ARM.Collect$$rtentry$$00000002)
    __rt_entry_sh                            0x00000145   Thumb Code     0  __rtentry4.o(.ARM.Collect$$rtentry$$00000004)
    __rt_entry_li                            0x0000014b   Thumb Code     0  __rtentry2.o(.ARM.Collect$$rtentry$$0000000A)
    __rt_entry_postsh_1                      0x0000014b   Thumb Code     0  __rtentry2.o(.ARM.Collect$$rtentry$$00000009)
    __rt_entry_main                          0x0000014f   Thumb Code     0  __rtentry2.o(.ARM.Collect$$rtentry$$0000000D)
    __rt_entry_postli_1                      0x0000014f   Thumb Code     0  __rtentry2.o(.ARM.Collect$$rtentry$$0000000C)
    __rt_exit                                0x00000157   Thumb Code     0  rtexit.o(.ARM.Collect$$rtexit$$00000000)
    __rt_exit_ls                             0x00000159   Thumb Code     0  rtexit2.o(.ARM.Collect$$rtexit$$00000003)
    __rt_exit_prels_1                        0x00000159   Thumb Code     0  rtexit2.o(.ARM.Collect$$rtexit$$00000002)
    __rt_exit_exit                           0x0000015d   Thumb Code     0  rtexit2.o(.ARM.Collect$$rtexit$$00000004)
    Reset_Handler                            0x00000165   Thumb Code    12  startup_mkl25z4.o(.text)
    NMI_Handler                              0x00000171   Thumb Code     2  startup_mkl25z4.o(.text)
    HardFault_Handler                        0x00000173   Thumb Code     2  startup_mkl25z4.o(.text)
    SVC_Handler                              0x00000175   Thumb Code     2  startup_mkl25z4.o(.text)
    PendSV_Handler                           0x00000177   Thumb Code     2  startup_mkl25z4.o(.text)
    SysTick_Handler                          0x00000179   Thumb Code     2  startup_mkl25z4.o(.text)
    ADC0_IRQHandler                          0x0000017b   Thumb Code     0  startup_mkl25z4.o(.text)
    CMP0_IRQHandler                          0x0000017b   Thumb Code     0  startup_mkl25z4.o(.text)
    DAC0_IRQHandler                          0x0000017b   Thumb Code     0  startup_mkl25z4.o(.text)
    DMA0_IRQHandler                          0x0000017b   Thumb Code     0  startup_mkl25z4.o(.text)
    DMA1_IRQHandler                          0x0000017b   Thumb Code     0  startup_mkl25z4.o(.text)
    DMA2_IRQHandler                          0x0000017b   Thumb Code     0  startup_mkl25z4.o(.text)
    DMA3_IRQHandler                          0x0000017b   Thumb Code     0  startup_mkl25z4.o(.text)
    DefaultISR                               0x0000017b   Thumb Code     0  startup_mkl25z4.o(.text)
    FTFA_IRQHandler                          0x0000017b   Thumb Code     0  startup_mkl25z4.o(.text)
    I2C0_IRQHandler                          0x0000017b   Thumb Code     0  startup_mkl25z4.o(.text)
    I2C1_IRQHandler                          0x0000017b   Thumb Code     0  startup_mkl25z4.o(.text)
    LLWU_IRQHandler                          0x0000017b   Thumb Code     0  startup_mkl25z4.o(.text)
    LPTMR0_IRQHandler                        0x0000017b   Thumb Code     0  startup_mkl25z4.o(.text)
    LVD_LVW_IRQHandler                       0x0000017b   Thumb Code     0  startup_mkl25z4.o(.text)
    MCG_IRQHandler                           0x0000017b   Thumb Code     0  startup_mkl25z4.o(.text)
    PORTA_IRQHandler                         0x0000017b   Thumb Code     0  startup_mkl25z4.o(.text)
    PORTD_IRQHandler                         0x0000017b   Thumb Code     0  startup_mkl25z4.o(.text)
    RTC_IRQHandler                           0x0000017b   Thumb Code     0  startup_mkl25z4.o(.text)
    RTC_Seconds_IRQHandler                   0x0000017b   Thumb Code     0  startup_mkl25z4.o(.text)
    Reserved20_IRQHandler                    0x0000017b   Thumb Code     0  startup_mkl25z4.o(.text)
    Reserved39_IRQHandler                    0x0000017b   Thumb Code     0  startup_mkl25z4.o(.text)
    Reserved45_IRQHandler                    0x0000017b   Thumb Code     0  startup_mkl25z4.o(.text)
    SPI0_IRQHandler                          0x0000017b   Thumb Code     0  startup_mkl25z4.o(.text)
    SPI1_IRQHandler                          0x0000017b   Thumb Code     0  startup_mkl25z4.o(.text)
    TPM0_IRQHandler                          0x0000017b   Thumb Code     0  startup_mkl25z4.o(.text)
    TPM1_IRQHandler                          0x0000017b   Thumb Code     0  startup_mkl25z4.o(.text)
    TPM2_IRQHandler                          0x0000017b   Thumb Code     0  startup_mkl25z4.o(.text)
    TSI0_IRQHandler                          0x0000017b   Thumb Code     0  startup_mkl25z4.o(.text)
    UART0_IRQHandler                         0x0000017b   Thumb Code     0  startup_mkl25z4.o(.text)
    USB0_IRQHandler                          0x0000017b   Thumb Code     0  startup_mkl25z4.o(.text)
    __user_initial_stackheap                 0x00000181   Thumb Code     0  startup_mkl25z4.o(.text)
    _memset_w                                0x000001a5   Thumb Code    26  rt_memclr.o(.text)
    _memset                                  0x000001bf   Thumb Code    30  rt_memclr.o(.text)
    __aeabi_memclr                           0x000001dd   Thumb Code     4  rt_memclr.o(.text)
    __rt_memclr                              0x000001dd   Thumb Code     0  rt_memclr.o(.text)
    __aeabi_memclr4                          0x000001e1   Thumb Code     0  rt_memclr.o(.text)
    __aeabi_memclr8                          0x000001e1   Thumb Code     0  rt_memclr.o(.text)
    __rt_memclr_w                            0x000001e1   Thumb Code     4  rt_memclr.o(.text)
    __use_two_region_memory                  0x000001e5   Thumb Code     2  heapauxi.o(.text)
    __rt_heap_escrow$2region                 0x000001e7   Thumb Code     2  heapauxi.o(.text)
    __rt_heap_expand$2region                 0x000001e9   Thumb Code     2  heapauxi.o(.text)
    __user_setup_stackheap                   0x000001eb   Thumb Code    62  sys_stackheap_outer.o(.text)
    exit                                     0x00000229   Thumb Code    16  exit.o(.text)
    __user_libspace                          0x00000239   Thumb Code     8  libspace.o(.text)
    __user_perproc_libspace                  0x00000239   Thumb Code     0  libspace.o(.text)
    __user_perthread_libspace                0x00000239   Thumb Code     0  libspace.o(.text)
    _sys_exit                                0x00000241   Thumb Code     8  sys_exit.o(.text)
    __I$use$semihosting                      0x0000024d   Thumb Code     0  use_no_semi.o(.text)
    __use_no_semihosting_swi                 0x0000024d   Thumb Code     2  use_no_semi.o(.text)
    __semihosting_library_function           0x0000024f   Thumb Code     0  indicate_semi.o(.text)
    Delay                                    0x00000251   Thumb Code    32  delay.o(.text.Delay)
    Init_Drive_Motor                         0x00000275   Thumb Code    72  motor.o(.text.Init_Drive_Motor)
    Init_PIT                                 0x000002d5   Thumb Code    68  timers.o(.text.Init_PIT)
    Init_PWM                                 0x00000321   Thumb Code    80  timers.o(.text.Init_PWM)
    Q_Dequeue                                0x0000038d   Thumb Code    46  queue.o(.text.Q_Dequeue)
    Q_Empty                                  0x000003bb   Thumb Code    12  queue.o(.text.Q_Empty)
    Q_Enqueue                                0x000003c7   Thumb Code    46  queue.o(.text.Q_Enqueue)
    SystemInit                               0x000003f5   Thumb Code     8  system_mkl25z4.o(.text.SystemInit)
    PIT_IRQHandler                           0x00000411   Thumb Code   124  timers.o(.text.PIT_IRQHandler)
    Q_Full                                   0x000004a1   Thumb Code    18  queue.o(.text.Q_Full)
    Q_Init                                   0x000004b3   Thumb Code    28  queue.o(.text.Q_Init)
    Set_Forward                              0x000004d1   Thumb Code    28  motor.o(.text.Set_Forward)
    Set_PWM_Value_Ch0                        0x000004f1   Thumb Code    12  timers.o(.text.Set_PWM_Value_Ch0)
    Set_Reverse                              0x00000501   Thumb Code    28  motor.o(.text.Set_Reverse)
    Set_Stop                                 0x00000521   Thumb Code    32  motor.o(.text.Set_Stop)
    Start_PIT                                0x00000549   Thumb Code    12  timers.o(.text.Start_PIT)
    UART1_IRQHandler                         0x00000559   Thumb Code    80  uart.o(.text.UART1_IRQHandler)
    UART2_IRQHandler                         0x000005ad   Thumb Code    80  uart.o(.text.UART2_IRQHandler)
    __uart_init                              0x000006a5   Thumb Code   144  uart.o(.text.__uart_init)
    main                                     0x0000073d   Thumb Code    92  main.o(.text.main)
    __aeabi_uidiv                            0x000007a9   Thumb Code    68  aeabi_sdivfast.o(.text_divfast)
    __aeabi_idiv                             0x000007ed   Thumb Code   434  aeabi_sdivfast.o(.text_divfast)
    Region$$Table$$Base                      0x000009a0   Number         0  anon$$obj.o(Region$$Table)
    Region$$Table$$Limit                     0x000009c0   Number         0  anon$$obj.o(Region$$Table)
    uart1_cfg                                0x1ffff000   Data          36  uart.o(.data.uart1_cfg)
    __libspace_start                         0x1ffff028   Data          96  libspace.o(.bss)
    __temporary_stack_top$libspace           0x1ffff088   Data           0  libspace.o(.bss)
    hour                                     0x1ffff088   Data           1  main.o(.bss.hour)
    millisecond                              0x1ffff08a   Data           2  main.o(.bss.millisecond)
    minute                                   0x1ffff08c   Data           1  main.o(.bss.minute)
    second                                   0x1ffff08d   Data           1  main.o(.bss.second)
    uart1_rxQ                                0x1ffff090   Data         268  uart.o(.bss.uart1_rxQ)
    uart1_txQ                                0x1ffff19c   Data         268  uart.o(.bss.uart1_txQ)
    uart2_rxQ                                0x1ffff2a8   Data         268  uart.o(.bss.uart2_rxQ)
    uart2_txQ                                0x1ffff3b4   Data         268  uart.o(.bss.uart2_txQ)



==============================================================================

Memory Map of the image

  Image Entry point : 0x00000165

  Load Region LR_1 (Base: 0x00000000, Size: 0x000009e4, Max: 0xffffffff, ABSOLUTE)

    Execution Region ER_RO (Exec base: 0x00000000, Load base: 0x00000000, Size: 0x000009c0, Max: 0xffffffff, ABSOLUTE)

    Exec Addr    Load Addr    Size         Type   Attr      Idx    E Section Name        Object

    0x00000000   0x00000000   0x000000c0   Data   RO          170    RESET               startup_mkl25z4.o
    0x000000c0   0x000000c0   0x00000008   Code   RO          207  * !!!main             c_p.l(__main.o)
    0x000000c8   0x000000c8   0x0000003c   Code   RO          382    !!!scatter          c_p.l(__scatter.o)
    0x00000104   0x00000104   0x0000001a   Code   RO          384    !!handler_copy      c_p.l(__scatter_copy.o)
    0x0000011e   0x0000011e   0x00000002   PAD
    0x00000120   0x00000120   0x0000001c   Code   RO          386    !!handler_zi        c_p.l(__scatter_zi.o)
    0x0000013c   0x0000013c   0x00000002   Code   RO          245    .ARM.Collect$$libinit$$00000000  c_p.l(libinit.o)
    0x0000013e   0x0000013e   0x00000000   Code   RO          259    .ARM.Collect$$libinit$$00000002  c_p.l(libinit2.o)
    0x0000013e   0x0000013e   0x00000000   Code   RO          261    .ARM.Collect$$libinit$$00000004  c_p.l(libinit2.o)
    0x0000013e   0x0000013e   0x00000000   Code   RO          264    .ARM.Collect$$libinit$$0000000A  c_p.l(libinit2.o)
    0x0000013e   0x0000013e   0x00000000   Code   RO          266    .ARM.Collect$$libinit$$0000000C  c_p.l(libinit2.o)
    0x0000013e   0x0000013e   0x00000000   Code   RO          268    .ARM.Collect$$libinit$$0000000E  c_p.l(libinit2.o)
    0x0000013e   0x0000013e   0x00000000   Code   RO          271    .ARM.Collect$$libinit$$00000011  c_p.l(libinit2.o)
    0x0000013e   0x0000013e   0x00000000   Code   RO          273    .ARM.Collect$$libinit$$00000013  c_p.l(libinit2.o)
    0x0000013e   0x0000013e   0x00000000   Code   RO          275    .ARM.Collect$$libinit$$00000015  c_p.l(libinit2.o)
    0x0000013e   0x0000013e   0x00000000   Code   RO          277    .ARM.Collect$$libinit$$00000017  c_p.l(libinit2.o)
    0x0000013e   0x0000013e   0x00000000   Code   RO          279    .ARM.Collect$$libinit$$00000019  c_p.l(libinit2.o)
    0x0000013e   0x0000013e   0x00000000   Code   RO          281    .ARM.Collect$$libinit$$0000001B  c_p.l(libinit2.o)
    0x0000013e   0x0000013e   0x00000000   Code   RO          283    .ARM.Collect$$libinit$$0000001D  c_p.l(libinit2.o)
    0x0000013e   0x0000013e   0x00000000   Code   RO          285    .ARM.Collect$$libinit$$0000001F  c_p.l(libinit2.o)
    0x0000013e   0x0000013e   0x00000000   Code   RO          287    .ARM.Collect$$libinit$$00000021  c_p.l(libinit2.o)
    0x0000013e   0x0000013e   0x00000000   Code   RO          289    .ARM.Collect$$libinit$$00000023  c_p.l(libinit2.o)
    0x0000013e   0x0000013e   0x00000000   Code   RO          291    .ARM.Collect$$libinit$$00000025  c_p.l(libinit2.o)
    0x0000013e   0x0000013e   0x00000000   Code   RO          295    .ARM.Collect$$libinit$$0000002C  c_p.l(libinit2.o)
    0x0000013e   0x0000013e   0x00000000   Code   RO          297    .ARM.Collect$$libinit$$0000002E  c_p.l(libinit2.o)
    0x0000013e   0x0000013e   0x00000000   Code   RO          299    .ARM.Collect$$libinit$$00000030  c_p.l(libinit2.o)
    0x0000013e   0x0000013e   0x00000000   Code   RO          301    .ARM.Collect$$libinit$$00000032  c_p.l(libinit2.o)
    0x0000013e   0x0000013e   0x00000002   Code   RO          302    .ARM.Collect$$libinit$$00000033  c_p.l(libinit2.o)
    0x00000140   0x00000140   0x00000002   Code   RO          337    .ARM.Collect$$libshutdown$$00000000  c_p.l(libshutdown.o)
    0x00000142   0x00000142   0x00000000   Code   RO          365    .ARM.Collect$$libshutdown$$00000002  c_p.l(libshutdown2.o)
    0x00000142   0x00000142   0x00000000   Code   RO          367    .ARM.Collect$$libshutdown$$00000004  c_p.l(libshutdown2.o)
    0x00000142   0x00000142   0x00000000   Code   RO          370    .ARM.Collect$$libshutdown$$00000007  c_p.l(libshutdown2.o)
    0x00000142   0x00000142   0x00000000   Code   RO          373    .ARM.Collect$$libshutdown$$0000000A  c_p.l(libshutdown2.o)
    0x00000142   0x00000142   0x00000000   Code   RO          375    .ARM.Collect$$libshutdown$$0000000C  c_p.l(libshutdown2.o)
    0x00000142   0x00000142   0x00000000   Code   RO          378    .ARM.Collect$$libshutdown$$0000000F  c_p.l(libshutdown2.o)
    0x00000142   0x00000142   0x00000002   Code   RO          379    .ARM.Collect$$libshutdown$$00000010  c_p.l(libshutdown2.o)
    0x00000144   0x00000144   0x00000000   Code   RO          209    .ARM.Collect$$rtentry$$00000000  c_p.l(__rtentry.o)
    0x00000144   0x00000144   0x00000000   Code   RO          215    .ARM.Collect$$rtentry$$00000002  c_p.l(__rtentry2.o)
    0x00000144   0x00000144   0x00000006   Code   RO          227    .ARM.Collect$$rtentry$$00000004  c_p.l(__rtentry4.o)
    0x0000014a   0x0000014a   0x00000000   Code   RO          217    .ARM.Collect$$rtentry$$00000009  c_p.l(__rtentry2.o)
    0x0000014a   0x0000014a   0x00000004   Code   RO          218    .ARM.Collect$$rtentry$$0000000A  c_p.l(__rtentry2.o)
    0x0000014e   0x0000014e   0x00000000   Code   RO          220    .ARM.Collect$$rtentry$$0000000C  c_p.l(__rtentry2.o)
    0x0000014e   0x0000014e   0x00000008   Code   RO          221    .ARM.Collect$$rtentry$$0000000D  c_p.l(__rtentry2.o)
    0x00000156   0x00000156   0x00000002   Code   RO          250    .ARM.Collect$$rtexit$$00000000  c_p.l(rtexit.o)
    0x00000158   0x00000158   0x00000000   Code   RO          308    .ARM.Collect$$rtexit$$00000002  c_p.l(rtexit2.o)
    0x00000158   0x00000158   0x00000004   Code   RO          309    .ARM.Collect$$rtexit$$00000003  c_p.l(rtexit2.o)
    0x0000015c   0x0000015c   0x00000006   Code   RO          310    .ARM.Collect$$rtexit$$00000004  c_p.l(rtexit2.o)
    0x00000162   0x00000162   0x00000002   PAD
    0x00000164   0x00000164   0x00000040   Code   RO          172  * .text               startup_mkl25z4.o
    0x000001a4   0x000001a4   0x00000040   Code   RO          195    .text               c_p.l(rt_memclr.o)
    0x000001e4   0x000001e4   0x00000006   Code   RO          205    .text               c_p.l(heapauxi.o)
    0x000001ea   0x000001ea   0x0000003e   Code   RO          231    .text               c_p.l(sys_stackheap_outer.o)
    0x00000228   0x00000228   0x00000010   Code   RO          234    .text               c_p.l(exit.o)
    0x00000238   0x00000238   0x00000008   Code   RO          246    .text               c_p.l(libspace.o)
    0x00000240   0x00000240   0x0000000c   Code   RO          303    .text               c_p.l(sys_exit.o)
    0x0000024c   0x0000024c   0x00000002   Code   RO          326    .text               c_p.l(use_no_semi.o)
    0x0000024e   0x0000024e   0x00000000   Code   RO          328    .text               c_p.l(indicate_semi.o)
    0x0000024e   0x0000024e   0x00000002   PAD
    0x00000250   0x00000250   0x00000024   Code   RO           44    .text.Delay         delay.o
    0x00000274   0x00000274   0x00000060   Code   RO          153    .text.Init_Drive_Motor  motor.o
    0x000002d4   0x000002d4   0x0000004c   Code   RO           16    .text.Init_PIT      timers.o
    0x00000320   0x00000320   0x0000006c   Code   RO           32    .text.Init_PWM      timers.o
    0x0000038c   0x0000038c   0x0000002e   Code   RO           97    .text.Q_Dequeue     queue.o
    0x000003ba   0x000003ba   0x0000000c   Code   RO           89    .text.Q_Empty       queue.o
    0x000003c6   0x000003c6   0x0000002e   Code   RO           95    .text.Q_Enqueue     queue.o
    0x000003f4   0x000003f4   0x0000000c   Code   RO          181    .text.SystemInit    system_mkl25z4.o
    0x00000400   0x00000400   0x00000010   Code   RO          171    .ARM.__at_0x400     startup_mkl25z4.o
    0x00000410   0x00000410   0x00000090   Code   RO           28    .text.PIT_IRQHandler  timers.o
    0x000004a0   0x000004a0   0x00000012   Code   RO           91    .text.Q_Full        queue.o
    0x000004b2   0x000004b2   0x0000001c   Code   RO           99    .text.Q_Init        queue.o
    0x000004ce   0x000004ce   0x00000002   PAD
    0x000004d0   0x000004d0   0x00000020   Code   RO          157    .text.Set_Forward   motor.o
    0x000004f0   0x000004f0   0x00000010   Code   RO           30    .text.Set_PWM_Value_Ch0  timers.o
    0x00000500   0x00000500   0x00000020   Code   RO          159    .text.Set_Reverse   motor.o
    0x00000520   0x00000520   0x00000028   Code   RO          155    .text.Set_Stop      motor.o
    0x00000548   0x00000548   0x00000010   Code   RO           24    .text.Start_PIT     timers.o
    0x00000558   0x00000558   0x00000054   Code   RO           69    .text.UART1_IRQHandler  uart.o
    0x000005ac   0x000005ac   0x0000005c   Code   RO           73    .text.UART2_IRQHandler  uart.o
    0x00000608   0x00000608   0x0000000c   Code   RO           20    .text.__NVIC_ClearPendingIRQ  timers.o
    0x00000614   0x00000614   0x00000018   Code   RO           57    .text.__NVIC_ClearPendingIRQ  uart.o
    0x0000062c   0x0000062c   0x0000000c   Code   RO           22    .text.__NVIC_EnableIRQ  timers.o
    0x00000638   0x00000638   0x00000018   Code   RO           59    .text.__NVIC_EnableIRQ  uart.o
    0x00000650   0x00000650   0x00000014   Code   RO           18    .text.__NVIC_SetPriority  timers.o
    0x00000664   0x00000664   0x00000040   Code   RO           55    .text.__NVIC_SetPriority  uart.o
    0x000006a4   0x000006a4   0x00000098   Code   RO           53    .text.__uart_init   uart.o
    0x0000073c   0x0000073c   0x0000006c   Code   RO            2    .text.main          main.o
    0x000007a8   0x000007a8   0x000001f6   Code   RO          198    .text_divfast       c_p.l(aeabi_sdivfast.o)
    0x0000099e   0x0000099e   0x00000002   PAD
    0x000009a0   0x000009a0   0x00000020   Data   RO          381    Region$$Table       anon$$obj.o


    Execution Region ER_RW (Exec base: 0x1ffff000, Load base: 0x000009c0, Size: 0x00000024, Max: 0xffffffff, ABSOLUTE)

    Exec Addr    Load Addr    Size         Type   Attr      Idx    E Section Name        Object

    0x1ffff000   0x000009c0   0x00000024   Data   RW           75    .data.uart1_cfg     uart.o


    Execution Region ER_ZI (Exec base: 0x1ffff028, Load base: 0x000009e4, Size: 0x00000598, Max: 0xffffffff, ABSOLUTE)

    Exec Addr    Load Addr    Size         Type   Attr      Idx    E Section Name        Object

    0x1ffff028        -       0x00000060   Zero   RW          247    .bss                c_p.l(libspace.o)
    0x1ffff088        -       0x00000001   Zero   RW            4    .bss.hour           main.o
    0x1ffff089   0x000009e4   0x00000001   PAD
    0x1ffff08a        -       0x00000002   Zero   RW            7    .bss.millisecond    main.o
    0x1ffff08c        -       0x00000001   Zero   RW            5    .bss.minute         main.o
    0x1ffff08d        -       0x00000001   Zero   RW            6    .bss.second         main.o
    0x1ffff08e   0x000009e4   0x00000002   PAD
    0x1ffff090        -       0x0000010c   Zero   RW           78    .bss.uart1_rxQ      uart.o
    0x1ffff19c        -       0x0000010c   Zero   RW           77    .bss.uart1_txQ      uart.o
    0x1ffff2a8        -       0x0000010c   Zero   RW           80    .bss.uart2_rxQ      uart.o
    0x1ffff3b4        -       0x0000010c   Zero   RW           79    .bss.uart2_txQ      uart.o
    0x1ffff4c0        -       0x00000000   Zero   RW          169    HEAP                startup_mkl25z4.o
    0x1ffff4c0        -       0x00000100   Zero   RW          168    STACK               startup_mkl25z4.o


==============================================================================

Image component sizes


      Code (inc. data)   RO Data    RW Data    ZI Data      Debug   Object Name

        36          4          0          0          0        655   delay.o
       108         16          0          0          5       1197   main.o
       200         40          0          0          0       2241   motor.o
       150          0          0          0          0       1889   queue.o
        80         44        192          0        256        988   startup_mkl25z4.o
        12          4          0          0          0       2587   system_mkl25z4.o
       404         68          0          0          0       4877   timers.o
       440         40          0         36       1072       6391   uart.o

    ----------------------------------------------------------------------
      1432        216        224         36       1336      20825   Object Totals
         0          0         32          0          0          0   (incl. Generated)
         2          0          0          0          3          0   (incl. Padding)

    ----------------------------------------------------------------------

      Code (inc. data)   RO Data    RW Data    ZI Data      Debug   Library Member Name

         8          0          0          0          0         68   __main.o
         0          0          0          0          0          0   __rtentry.o
        12          0          0          0          0          0   __rtentry2.o
         6          0          0          0          0          0   __rtentry4.o
        60          8          0          0          0          0   __scatter.o
        26          0          0          0          0          0   __scatter_copy.o
        28          0          0          0          0          0   __scatter_zi.o
       502          0          0          0          0         92   aeabi_sdivfast.o
        16          0          0          0          0         68   exit.o
         6          0          0          0          0        136   heapauxi.o
         0          0          0          0          0          0   indicate_semi.o
         2          0          0          0          0          0   libinit.o
         2          0          0          0          0          0   libinit2.o
         2          0          0          0          0          0   libshutdown.o
         2          0          0          0          0          0   libshutdown2.o
         8          4          0          0         96         68   libspace.o
        64          0          0          0          0        108   rt_memclr.o
         2          0          0          0          0          0   rtexit.o
        10          0          0          0          0          0   rtexit2.o
        12          4          0          0          0         60   sys_exit.o
        62          0          0          0          0         80   sys_stackheap_outer.o
         2          0          0          0          0         68   use_no_semi.o

    ----------------------------------------------------------------------
       840         16          0          0         96        748   Library Totals
         8          0          0          0          0          0   (incl. Padding)

    ----------------------------------------------------------------------

      Code (inc. data)   RO Data    RW Data    ZI Data      Debug   Library Name

       832         16          0          0         96        748   c_p.l

    ----------------------------------------------------------------------
       840         16          0          0         96        748   Library Totals

    ----------------------------------------------------------------------

==============================================================================


      Code (inc. data)   RO Data    RW Data    ZI Data      Debug   

      2272        232        224         36       1432      21265   Grand Totals
      2272        232        224         36       1432      21265   ELF Image Totals
      2272        232        224         36          0          0   ROM Totals

==============================================================================

    Total RO  Size (Code + RO Data)                 2496 (   2.44kB)
    Total RW  Size (RW Data + ZI Data)              1468 (   1.43kB)
    Total ROM Size (Code + RO Data + RW Data)       2532 (   2.47kB)

==============================================================================

