Component: ARM Compiler 6.16 Tool: armlink [5dfeaa00]

==============================================================================

Section Cross References

    main.o(.text.main) refers to ir.o(.text.Init_ADC) for Init_ADC
    main.o(.text.main) refers to leds.o(.text.Init_RGB_LEDs) for Init_RGB_LEDs
    main.o(.text.main) refers to ir.o(.text.Init_IR_LED) for Init_IR_LED
    main.o(.text.main) refers to leds.o(.text.Control_RGB_LEDs) for Control_RGB_LEDs
    main.o(.text.main) refers to ir.o(.text.Control_IR_LED) for Control_IR_LED
    main.o(.text.main) refers to ir.o(.text.Delay_us) for Delay_us
    main.o(.text.main) refers to ir.o(.text.Measure_IR) for Measure_IR
    main.o(.text.main) refers to aeabi_sdiv.o(.text) for __aeabi_idiv
    main.o(.text.main) refers to ir.o(.text.Display_Range) for Display_Range
    main.o(.text.main) refers to delay.o(.text.Delay) for Delay
    main.o(.text.main) refers to main.o(.bss.main.diff) for [Anonymous Symbol]
    main.o(.text.main) refers to main.o(.bss.main.avg_diff) for [Anonymous Symbol]
    main.o(.text.main) refers to main.o(.bss.main.off_brightness) for [Anonymous Symbol]
    main.o(.text.main) refers to main.o(.bss.main.on_brightness) for [Anonymous Symbol]
    main.o(.ARM.exidx.text.main) refers to main.o(.text.main) for [Anonymous Symbol]
    ir.o(.ARM.exidx.text.Init_ADC) refers to ir.o(.text.Init_ADC) for [Anonymous Symbol]
    ir.o(.ARM.exidx.text.Control_IR_LED) refers to ir.o(.text.Control_IR_LED) for [Anonymous Symbol]
    ir.o(.text.Init_IR_LED) refers to ir.o(.text.Control_IR_LED) for Control_IR_LED
    ir.o(.ARM.exidx.text.Init_IR_LED) refers to ir.o(.text.Init_IR_LED) for [Anonymous Symbol]
    ir.o(.ARM.exidx.text.Measure_IR) refers to ir.o(.text.Measure_IR) for [Anonymous Symbol]
    ir.o(.text.Display_Range) refers to leds.o(.text.Control_RGB_LEDs) for Control_RGB_LEDs
    ir.o(.text.Display_Range) refers to ir.o(.data.Threshold) for Threshold
    ir.o(.text.Display_Range) refers to ir.o(.rodata.Colors) for Colors
    ir.o(.ARM.exidx.text.Display_Range) refers to ir.o(.text.Display_Range) for [Anonymous Symbol]
    ir.o(.ARM.exidx.text.Delay_us) refers to ir.o(.text.Delay_us) for [Anonymous Symbol]
    timers.o(.text.Init_PIT) refers to timers.o(.text.__NVIC_SetPriority) for __NVIC_SetPriority
    timers.o(.text.Init_PIT) refers to timers.o(.text.__NVIC_ClearPendingIRQ) for __NVIC_ClearPendingIRQ
    timers.o(.text.Init_PIT) refers to timers.o(.text.__NVIC_EnableIRQ) for __NVIC_EnableIRQ
    timers.o(.ARM.exidx.text.Init_PIT) refers to timers.o(.text.Init_PIT) for [Anonymous Symbol]
    timers.o(.ARM.exidx.text.__NVIC_SetPriority) refers to timers.o(.text.__NVIC_SetPriority) for [Anonymous Symbol]
    timers.o(.ARM.exidx.text.__NVIC_ClearPendingIRQ) refers to timers.o(.text.__NVIC_ClearPendingIRQ) for [Anonymous Symbol]
    timers.o(.ARM.exidx.text.__NVIC_EnableIRQ) refers to timers.o(.text.__NVIC_EnableIRQ) for [Anonymous Symbol]
    timers.o(.ARM.exidx.text.Start_PIT) refers to timers.o(.text.Start_PIT) for [Anonymous Symbol]
    timers.o(.ARM.exidx.text.Stop_PIT) refers to timers.o(.text.Stop_PIT) for [Anonymous Symbol]
    timers.o(.text.PIT_IRQHandler) refers to timers.o(.text.__NVIC_ClearPendingIRQ) for __NVIC_ClearPendingIRQ
    timers.o(.text.PIT_IRQHandler) refers to ir.o(.text.Measure_IR) for Measure_IR
    timers.o(.text.PIT_IRQHandler) refers to timers.o(.bss.IR_brightness) for IR_brightness
    timers.o(.text.PIT_IRQHandler) refers to timers.o(.bss.IR_led_state) for IR_led_state
    timers.o(.text.PIT_IRQHandler) refers to timers.o(.bss.IR_diff) for IR_diff
    timers.o(.text.PIT_IRQHandler) refers to timers.o(.bss.n_IR_samples) for n_IR_samples
    timers.o(.ARM.exidx.text.PIT_IRQHandler) refers to timers.o(.text.PIT_IRQHandler) for [Anonymous Symbol]
    delay.o(.ARM.exidx.text.Delay) refers to delay.o(.text.Delay) for [Anonymous Symbol]
    lcd_4bit.o(.text.wait_while_busy) refers to lcd_4bit.o(.text.lcd_read_status) for lcd_read_status
    lcd_4bit.o(.ARM.exidx.text.wait_while_busy) refers to lcd_4bit.o(.text.wait_while_busy) for [Anonymous Symbol]
    lcd_4bit.o(.text.lcd_read_status) refers to delay.o(.text.Delay) for Delay
    lcd_4bit.o(.ARM.exidx.text.lcd_read_status) refers to lcd_4bit.o(.text.lcd_read_status) for [Anonymous Symbol]
    lcd_4bit.o(.text.lcd_write_4bit) refers to delay.o(.text.Delay) for Delay
    lcd_4bit.o(.ARM.exidx.text.lcd_write_4bit) refers to lcd_4bit.o(.text.lcd_write_4bit) for [Anonymous Symbol]
    lcd_4bit.o(.text.lcd_write_cmd) refers to lcd_4bit.o(.text.wait_while_busy) for wait_while_busy
    lcd_4bit.o(.text.lcd_write_cmd) refers to lcd_4bit.o(.text.lcd_write_4bit) for lcd_write_4bit
    lcd_4bit.o(.ARM.exidx.text.lcd_write_cmd) refers to lcd_4bit.o(.text.lcd_write_cmd) for [Anonymous Symbol]
    lcd_4bit.o(.text.lcd_putchar) refers to lcd_4bit.o(.text.lcd_write_data) for lcd_write_data
    lcd_4bit.o(.ARM.exidx.text.lcd_putchar) refers to lcd_4bit.o(.text.lcd_putchar) for [Anonymous Symbol]
    lcd_4bit.o(.text.lcd_write_data) refers to lcd_4bit.o(.text.wait_while_busy) for wait_while_busy
    lcd_4bit.o(.text.lcd_write_data) refers to lcd_4bit.o(.text.lcd_write_4bit) for lcd_write_4bit
    lcd_4bit.o(.ARM.exidx.text.lcd_write_data) refers to lcd_4bit.o(.text.lcd_write_data) for [Anonymous Symbol]
    lcd_4bit.o(.text.Init_LCD) refers to delay.o(.text.Delay) for Delay
    lcd_4bit.o(.text.Init_LCD) refers to lcd_4bit.o(.text.lcd_write_4bit) for lcd_write_4bit
    lcd_4bit.o(.text.Init_LCD) refers to lcd_4bit.o(.text.lcd_write_cmd) for lcd_write_cmd
    lcd_4bit.o(.ARM.exidx.text.Init_LCD) refers to lcd_4bit.o(.text.Init_LCD) for [Anonymous Symbol]
    lcd_4bit.o(.text.Set_Cursor) refers to lcd_4bit.o(.text.lcd_write_cmd) for lcd_write_cmd
    lcd_4bit.o(.ARM.exidx.text.Set_Cursor) refers to lcd_4bit.o(.text.Set_Cursor) for [Anonymous Symbol]
    lcd_4bit.o(.text.Clear_LCD) refers to lcd_4bit.o(.text.lcd_write_cmd) for lcd_write_cmd
    lcd_4bit.o(.text.Clear_LCD) refers to lcd_4bit.o(.text.Set_Cursor) for Set_Cursor
    lcd_4bit.o(.ARM.exidx.text.Clear_LCD) refers to lcd_4bit.o(.text.Clear_LCD) for [Anonymous Symbol]
    lcd_4bit.o(.text.Print_LCD) refers to lcd_4bit.o(.text.lcd_putchar) for lcd_putchar
    lcd_4bit.o(.ARM.exidx.text.Print_LCD) refers to lcd_4bit.o(.text.Print_LCD) for [Anonymous Symbol]
    leds.o(.ARM.exidx.text.Init_RGB_LEDs) refers to leds.o(.text.Init_RGB_LEDs) for [Anonymous Symbol]
    leds.o(.ARM.exidx.text.Control_RGB_LEDs) refers to leds.o(.text.Control_RGB_LEDs) for [Anonymous Symbol]
    queue.o(.ARM.exidx.text.Q_Empty) refers to queue.o(.text.Q_Empty) for [Anonymous Symbol]
    queue.o(.ARM.exidx.text.Q_Full) refers to queue.o(.text.Q_Full) for [Anonymous Symbol]
    queue.o(.ARM.exidx.text.Q_Size) refers to queue.o(.text.Q_Size) for [Anonymous Symbol]
    queue.o(.text.Q_Enqueue) refers to queue.o(.text.Q_Full) for Q_Full
    queue.o(.ARM.exidx.text.Q_Enqueue) refers to queue.o(.text.Q_Enqueue) for [Anonymous Symbol]
    queue.o(.text.Q_Dequeue) refers to queue.o(.text.Q_Empty) for Q_Empty
    queue.o(.ARM.exidx.text.Q_Dequeue) refers to queue.o(.text.Q_Dequeue) for [Anonymous Symbol]
    queue.o(.ARM.exidx.text.Q_Init) refers to queue.o(.text.Q_Init) for [Anonymous Symbol]
    uart.o(.text.Init_UART1) refers to aeabi_sdiv.o(.text) for __aeabi_uidiv
    uart.o(.text.Init_UART1) refers to uart.o(.text.__NVIC_SetPriority) for __NVIC_SetPriority
    uart.o(.text.Init_UART1) refers to uart.o(.text.__NVIC_ClearPendingIRQ) for __NVIC_ClearPendingIRQ
    uart.o(.text.Init_UART1) refers to uart.o(.text.__NVIC_EnableIRQ) for __NVIC_EnableIRQ
    uart.o(.text.Init_UART1) refers to queue.o(.text.Q_Init) for Q_Init
    uart.o(.ARM.exidx.text.Init_UART1) refers to uart.o(.text.Init_UART1) for [Anonymous Symbol]
    uart.o(.ARM.exidx.text.__NVIC_SetPriority) refers to uart.o(.text.__NVIC_SetPriority) for [Anonymous Symbol]
    uart.o(.ARM.exidx.text.__NVIC_ClearPendingIRQ) refers to uart.o(.text.__NVIC_ClearPendingIRQ) for [Anonymous Symbol]
    uart.o(.ARM.exidx.text.__NVIC_EnableIRQ) refers to uart.o(.text.__NVIC_EnableIRQ) for [Anonymous Symbol]
    uart.o(.text.Init_UART2) refers to aeabi_sdiv.o(.text) for __aeabi_uidiv
    uart.o(.text.Init_UART2) refers to uart.o(.text.__NVIC_SetPriority) for __NVIC_SetPriority
    uart.o(.text.Init_UART2) refers to uart.o(.text.__NVIC_ClearPendingIRQ) for __NVIC_ClearPendingIRQ
    uart.o(.text.Init_UART2) refers to uart.o(.text.__NVIC_EnableIRQ) for __NVIC_EnableIRQ
    uart.o(.text.Init_UART2) refers to queue.o(.text.Q_Init) for Q_Init
    uart.o(.ARM.exidx.text.Init_UART2) refers to uart.o(.text.Init_UART2) for [Anonymous Symbol]
    uart.o(.ARM.exidx.text.UART1_Transmit_Poll) refers to uart.o(.text.UART1_Transmit_Poll) for [Anonymous Symbol]
    uart.o(.ARM.exidx.text.UART1_Receive_Poll) refers to uart.o(.text.UART1_Receive_Poll) for [Anonymous Symbol]
    uart.o(.ARM.exidx.text.UART2_Transmit_Poll) refers to uart.o(.text.UART2_Transmit_Poll) for [Anonymous Symbol]
    uart.o(.ARM.exidx.text.UART2_Receive_Poll) refers to uart.o(.text.UART2_Receive_Poll) for [Anonymous Symbol]
    uart.o(.text.UART1_IRQHandler) refers to uart.o(.text.__NVIC_ClearPendingIRQ) for __NVIC_ClearPendingIRQ
    uart.o(.text.UART1_IRQHandler) refers to queue.o(.text.Q_Empty) for Q_Empty
    uart.o(.text.UART1_IRQHandler) refers to queue.o(.text.Q_Dequeue) for Q_Dequeue
    uart.o(.text.UART1_IRQHandler) refers to queue.o(.text.Q_Full) for Q_Full
    uart.o(.text.UART1_IRQHandler) refers to queue.o(.text.Q_Enqueue) for Q_Enqueue
    uart.o(.text.UART1_IRQHandler) refers to uart.o(.bss.TxQ) for TxQ
    uart.o(.text.UART1_IRQHandler) refers to uart.o(.bss.RxQ) for RxQ
    uart.o(.text.UART1_IRQHandler) refers to uart.o(.bss.CR_received) for CR_received
    uart.o(.ARM.exidx.text.UART1_IRQHandler) refers to uart.o(.text.UART1_IRQHandler) for [Anonymous Symbol]
    uart.o(.text.UART2_IRQHandler) refers to uart.o(.text.__NVIC_ClearPendingIRQ) for __NVIC_ClearPendingIRQ
    uart.o(.text.UART2_IRQHandler) refers to queue.o(.text.Q_Empty) for Q_Empty
    uart.o(.text.UART2_IRQHandler) refers to queue.o(.text.Q_Dequeue) for Q_Dequeue
    uart.o(.text.UART2_IRQHandler) refers to queue.o(.text.Q_Full) for Q_Full
    uart.o(.text.UART2_IRQHandler) refers to queue.o(.text.Q_Enqueue) for Q_Enqueue
    uart.o(.text.UART2_IRQHandler) refers to uart.o(.bss.TxQ) for TxQ
    uart.o(.text.UART2_IRQHandler) refers to uart.o(.bss.RxQ) for RxQ
    uart.o(.text.UART2_IRQHandler) refers to uart.o(.bss.CR_received) for CR_received
    uart.o(.ARM.exidx.text.UART2_IRQHandler) refers to uart.o(.text.UART2_IRQHandler) for [Anonymous Symbol]
    uart.o(.text.send_data) refers to queue.o(.text.Q_Full) for Q_Full
    uart.o(.text.send_data) refers to queue.o(.text.Q_Enqueue) for Q_Enqueue
    uart.o(.ARM.exidx.text.send_data) refers to uart.o(.text.send_data) for [Anonymous Symbol]
    uart.o(.text.Get_Num_Rx_Chars_Available) refers to queue.o(.text.Q_Size) for Q_Size
    uart.o(.text.Get_Num_Rx_Chars_Available) refers to uart.o(.bss.RxQ) for RxQ
    uart.o(.ARM.exidx.text.Get_Num_Rx_Chars_Available) refers to uart.o(.text.Get_Num_Rx_Chars_Available) for [Anonymous Symbol]
    uart.o(.text.get_data) refers to queue.o(.text.Q_Empty) for Q_Empty
    uart.o(.text.get_data) refers to queue.o(.text.Q_Dequeue) for Q_Dequeue
    uart.o(.ARM.exidx.text.get_data) refers to uart.o(.text.get_data) for [Anonymous Symbol]
    startup_mkl25z4.o(STACK) refers (Special) to heapauxi.o(.text) for __use_two_region_memory
    startup_mkl25z4.o(HEAP) refers (Special) to heapauxi.o(.text) for __use_two_region_memory
    startup_mkl25z4.o(RESET) refers (Special) to heapauxi.o(.text) for __use_two_region_memory
    startup_mkl25z4.o(RESET) refers to startup_mkl25z4.o(STACK) for __initial_sp
    startup_mkl25z4.o(RESET) refers to startup_mkl25z4.o(.text) for Reset_Handler
    startup_mkl25z4.o(RESET) refers to uart.o(.text.UART1_IRQHandler) for UART1_IRQHandler
    startup_mkl25z4.o(RESET) refers to uart.o(.text.UART2_IRQHandler) for UART2_IRQHandler
    startup_mkl25z4.o(RESET) refers to timers.o(.text.PIT_IRQHandler) for PIT_IRQHandler
    startup_mkl25z4.o(.ARM.__at_0x400) refers (Special) to heapauxi.o(.text) for __use_two_region_memory
    startup_mkl25z4.o(.text) refers (Special) to heapauxi.o(.text) for __use_two_region_memory
    startup_mkl25z4.o(.text) refers to system_mkl25z4.o(.text.SystemInit) for SystemInit
    startup_mkl25z4.o(.text) refers to __main.o(!!!main) for __main
    startup_mkl25z4.o(.text) refers to startup_mkl25z4.o(HEAP) for Heap_Mem
    startup_mkl25z4.o(.text) refers to startup_mkl25z4.o(STACK) for Stack_Mem
    system_mkl25z4.o(.ARM.exidx.text.SystemInit) refers to system_mkl25z4.o(.text.SystemInit) for [Anonymous Symbol]
    system_mkl25z4.o(.text.SystemCoreClockUpdate) refers to aeabi_sdiv.o(.text) for __aeabi_uidiv
    system_mkl25z4.o(.text.SystemCoreClockUpdate) refers to system_mkl25z4.o(.data.SystemCoreClock) for SystemCoreClock
    system_mkl25z4.o(.ARM.exidx.text.SystemCoreClockUpdate) refers to system_mkl25z4.o(.text.SystemCoreClockUpdate) for [Anonymous Symbol]
    __main.o(!!!main) refers to __rtentry.o(.ARM.Collect$$rtentry$$00000000) for __rt_entry
    __rtentry.o(.ARM.Collect$$rtentry$$00000000) refers (Special) to __rtentry2.o(.ARM.Collect$$rtentry$$0000000A) for __rt_entry_li
    __rtentry.o(.ARM.Collect$$rtentry$$00000000) refers (Special) to __rtentry2.o(.ARM.Collect$$rtentry$$0000000D) for __rt_entry_main
    __rtentry.o(.ARM.Collect$$rtentry$$00000000) refers (Special) to __rtentry2.o(.ARM.Collect$$rtentry$$0000000C) for __rt_entry_postli_1
    __rtentry.o(.ARM.Collect$$rtentry$$00000000) refers (Special) to __rtentry2.o(.ARM.Collect$$rtentry$$00000009) for __rt_entry_postsh_1
    __rtentry.o(.ARM.Collect$$rtentry$$00000000) refers (Special) to __rtentry2.o(.ARM.Collect$$rtentry$$00000002) for __rt_entry_presh_1
    __rtentry.o(.ARM.Collect$$rtentry$$00000000) refers (Special) to __rtentry4.o(.ARM.Collect$$rtentry$$00000004) for __rt_entry_sh
    aeabi_idiv0_sigfpe.o(.text) refers to rt_div0.o(.text) for __rt_div0
    __rtentry2.o(.ARM.Collect$$rtentry$$00000008) refers to boardinit2.o(.text) for _platform_post_stackheap_init
    __rtentry2.o(.ARM.Collect$$rtentry$$0000000A) refers to libinit.o(.ARM.Collect$$libinit$$00000000) for __rt_lib_init
    __rtentry2.o(.ARM.Collect$$rtentry$$0000000B) refers to boardinit3.o(.text) for _platform_post_lib_init
    __rtentry2.o(.ARM.Collect$$rtentry$$0000000D) refers to main.o(.text.main) for main
    __rtentry2.o(.ARM.Collect$$rtentry$$0000000D) refers to exit.o(.text) for exit
    __rtentry2.o(.ARM.exidx) refers to __rtentry2.o(.ARM.Collect$$rtentry$$00000001) for .ARM.Collect$$rtentry$$00000001
    __rtentry2.o(.ARM.exidx) refers to __rtentry2.o(.ARM.Collect$$rtentry$$00000008) for .ARM.Collect$$rtentry$$00000008
    __rtentry2.o(.ARM.exidx) refers to __rtentry2.o(.ARM.Collect$$rtentry$$0000000A) for .ARM.Collect$$rtentry$$0000000A
    __rtentry2.o(.ARM.exidx) refers to __rtentry2.o(.ARM.Collect$$rtentry$$0000000B) for .ARM.Collect$$rtentry$$0000000B
    __rtentry2.o(.ARM.exidx) refers to __rtentry2.o(.ARM.Collect$$rtentry$$0000000D) for .ARM.Collect$$rtentry$$0000000D
    __rtentry4.o(.ARM.Collect$$rtentry$$00000004) refers to sys_stackheap_outer.o(.text) for __user_setup_stackheap
    __rtentry4.o(.ARM.exidx) refers to __rtentry4.o(.ARM.Collect$$rtentry$$00000004) for .ARM.Collect$$rtentry$$00000004
    rt_div0.o(.text) refers to defsig_fpe_outer.o(.text) for __rt_SIGFPE
    sys_stackheap_outer.o(.text) refers to libspace.o(.text) for __user_perproc_libspace
    sys_stackheap_outer.o(.text) refers to startup_mkl25z4.o(.text) for __user_initial_stackheap
    sys_stackheap_outer.o(__vectab_stack_and_reset_area) refers to tempstk.o(.text) for __temporary_stack_top
    sys_stackheap_outer.o(__vectab_stack_and_reset_area) refers to __main.o(!!!main) for __main
    exit.o(.text) refers to rtexit.o(.ARM.Collect$$rtexit$$00000000) for __rt_exit
    defsig_fpe_outer.o(.text) refers to defsig_fpe_inner.o(.text) for __rt_SIGFPE_inner
    defsig_fpe_outer.o(.text) refers to defsig_exit.o(.text) for __sig_exit
    defsig_fpe_formal.o(.text) refers to rt_raise.o(.text) for __rt_raise
    libinit.o(.ARM.Collect$$libinit$$00000000) refers (Special) to libinit2.o(.ARM.Collect$$libinit$$0000002E) for __rt_lib_init_alloca_1
    libinit.o(.ARM.Collect$$libinit$$00000000) refers (Special) to libinit2.o(.ARM.Collect$$libinit$$0000002C) for __rt_lib_init_argv_1
    libinit.o(.ARM.Collect$$libinit$$00000000) refers (Special) to libinit2.o(.ARM.Collect$$libinit$$0000001B) for __rt_lib_init_atexit_1
    libinit.o(.ARM.Collect$$libinit$$00000000) refers (Special) to libinit2.o(.ARM.Collect$$libinit$$00000021) for __rt_lib_init_clock_1
    libinit.o(.ARM.Collect$$libinit$$00000000) refers (Special) to libinit2.o(.ARM.Collect$$libinit$$00000032) for __rt_lib_init_cpp_1
    libinit.o(.ARM.Collect$$libinit$$00000000) refers (Special) to libinit2.o(.ARM.Collect$$libinit$$00000030) for __rt_lib_init_exceptions_1
    libinit.o(.ARM.Collect$$libinit$$00000000) refers (Special) to libinit2.o(.ARM.Collect$$libinit$$00000002) for __rt_lib_init_fp_1
    libinit.o(.ARM.Collect$$libinit$$00000000) refers (Special) to libinit2.o(.ARM.Collect$$libinit$$0000001F) for __rt_lib_init_fp_trap_1
    libinit.o(.ARM.Collect$$libinit$$00000000) refers (Special) to libinit2.o(.ARM.Collect$$libinit$$00000023) for __rt_lib_init_getenv_1
    libinit.o(.ARM.Collect$$libinit$$00000000) refers (Special) to libinit2.o(.ARM.Collect$$libinit$$0000000A) for __rt_lib_init_heap_1
    libinit.o(.ARM.Collect$$libinit$$00000000) refers (Special) to libinit2.o(.ARM.Collect$$libinit$$00000011) for __rt_lib_init_lc_collate_1
    libinit.o(.ARM.Collect$$libinit$$00000000) refers (Special) to libinit2.o(.ARM.Collect$$libinit$$00000013) for __rt_lib_init_lc_ctype_1
    libinit.o(.ARM.Collect$$libinit$$00000000) refers (Special) to libinit2.o(.ARM.Collect$$libinit$$00000015) for __rt_lib_init_lc_monetary_1
    libinit.o(.ARM.Collect$$libinit$$00000000) refers (Special) to libinit2.o(.ARM.Collect$$libinit$$00000017) for __rt_lib_init_lc_numeric_1
    libinit.o(.ARM.Collect$$libinit$$00000000) refers (Special) to libinit2.o(.ARM.Collect$$libinit$$00000019) for __rt_lib_init_lc_time_1
    libinit.o(.ARM.Collect$$libinit$$00000000) refers (Special) to libinit2.o(.ARM.Collect$$libinit$$00000004) for __rt_lib_init_preinit_1
    libinit.o(.ARM.Collect$$libinit$$00000000) refers (Special) to libinit2.o(.ARM.Collect$$libinit$$0000000E) for __rt_lib_init_rand_1
    libinit.o(.ARM.Collect$$libinit$$00000000) refers (Special) to libinit2.o(.ARM.Collect$$libinit$$00000033) for __rt_lib_init_return
    libinit.o(.ARM.Collect$$libinit$$00000000) refers (Special) to libinit2.o(.ARM.Collect$$libinit$$0000001D) for __rt_lib_init_signal_1
    libinit.o(.ARM.Collect$$libinit$$00000000) refers (Special) to libinit2.o(.ARM.Collect$$libinit$$00000025) for __rt_lib_init_stdio_1
    libinit.o(.ARM.Collect$$libinit$$00000000) refers (Special) to libinit2.o(.ARM.Collect$$libinit$$0000000C) for __rt_lib_init_user_alloc_1
    libspace.o(.text) refers to libspace.o(.bss) for __libspace_start
    rtexit.o(.ARM.Collect$$rtexit$$00000000) refers (Special) to rtexit2.o(.ARM.Collect$$rtexit$$00000004) for __rt_exit_exit
    rtexit.o(.ARM.Collect$$rtexit$$00000000) refers (Special) to rtexit2.o(.ARM.Collect$$rtexit$$00000003) for __rt_exit_ls
    rtexit.o(.ARM.Collect$$rtexit$$00000000) refers (Special) to rtexit2.o(.ARM.Collect$$rtexit$$00000002) for __rt_exit_prels_1
    rtexit.o(.ARM.exidx) refers (Special) to rtexit2.o(.ARM.Collect$$rtexit$$00000004) for __rt_exit_exit
    rtexit.o(.ARM.exidx) refers (Special) to rtexit2.o(.ARM.Collect$$rtexit$$00000003) for __rt_exit_ls
    rtexit.o(.ARM.exidx) refers (Special) to rtexit2.o(.ARM.Collect$$rtexit$$00000002) for __rt_exit_prels_1
    rtexit.o(.ARM.exidx) refers to rtexit.o(.ARM.Collect$$rtexit$$00000000) for .ARM.Collect$$rtexit$$00000000
    rt_raise.o(.text) refers to __raise.o(.text) for __raise
    rt_raise.o(.text) refers to sys_exit.o(.text) for _sys_exit
    defsig_exit.o(.text) refers to sys_exit.o(.text) for _sys_exit
    defsig_fpe_inner.o(.text) refers to defsig_general.o(.text) for __default_signal_display
    libinit2.o(.ARM.Collect$$libinit$$00000010) refers to libinit2.o(.ARM.Collect$$libinit$$0000000F) for .ARM.Collect$$libinit$$0000000F
    libinit2.o(.ARM.Collect$$libinit$$00000012) refers to libinit2.o(.ARM.Collect$$libinit$$0000000F) for .ARM.Collect$$libinit$$0000000F
    libinit2.o(.ARM.Collect$$libinit$$00000014) refers to libinit2.o(.ARM.Collect$$libinit$$0000000F) for .ARM.Collect$$libinit$$0000000F
    libinit2.o(.ARM.Collect$$libinit$$00000016) refers to libinit2.o(.ARM.Collect$$libinit$$0000000F) for .ARM.Collect$$libinit$$0000000F
    libinit2.o(.ARM.Collect$$libinit$$00000018) refers to libinit2.o(.ARM.Collect$$libinit$$0000000F) for .ARM.Collect$$libinit$$0000000F
    libinit2.o(.ARM.Collect$$libinit$$00000026) refers to argv_veneer.o(.text) for __ARM_argv_veneer
    libinit2.o(.ARM.Collect$$libinit$$00000027) refers to argv_veneer.o(.text) for __ARM_argv_veneer
    sys_exit.o(.text) refers (Special) to use_no_semi.o(.text) for __I$use$semihosting
    sys_exit.o(.text) refers (Special) to indicate_semi.o(.text) for __semihosting_library_function
    sys_exit_hlt.o(.text) refers (Special) to use_no_semi.o(.text) for __I$use$semihosting
    sys_exit_hlt.o(.text) refers (Special) to indicate_semi.o(.text) for __semihosting_library_function
    rtexit2.o(.ARM.Collect$$rtexit$$00000003) refers to libshutdown.o(.ARM.Collect$$libshutdown$$00000000) for __rt_lib_shutdown
    rtexit2.o(.ARM.Collect$$rtexit$$00000004) refers to sys_exit.o(.text) for _sys_exit
    rtexit2.o(.ARM.exidx) refers to rtexit2.o(.ARM.Collect$$rtexit$$00000001) for .ARM.Collect$$rtexit$$00000001
    rtexit2.o(.ARM.exidx) refers to rtexit2.o(.ARM.Collect$$rtexit$$00000003) for .ARM.Collect$$rtexit$$00000003
    rtexit2.o(.ARM.exidx) refers to rtexit2.o(.ARM.Collect$$rtexit$$00000004) for .ARM.Collect$$rtexit$$00000004
    __raise.o(.text) refers to defsig.o(CL$$defsig) for __default_signal_handler
    defsig_general.o(.text) refers to sys_wrch.o(.text) for _ttywrch
    sys_wrch.o(.text) refers (Special) to use_no_semi.o(.text) for __I$use$semihosting
    sys_wrch.o(.text) refers (Special) to indicate_semi.o(.text) for __semihosting_library_function
    sys_wrch_hlt.o(.text) refers (Special) to use_no_semi.o(.text) for __I$use$semihosting
    sys_wrch_hlt.o(.text) refers (Special) to indicate_semi.o(.text) for __semihosting_library_function
    defsig.o(CL$$defsig) refers to defsig_fpe_inner.o(.text) for __rt_SIGFPE_inner
    defsig.o(CL$$defsig) refers to defsig_rtmem_inner.o(.text) for __rt_SIGRTMEM_inner
    _get_argv_nomalloc.o(.text) refers (Special) to hrguard.o(.text) for __heap_region$guard
    _get_argv_nomalloc.o(.text) refers to defsig_rtmem_outer.o(.text) for __rt_SIGRTMEM
    _get_argv_nomalloc.o(.text) refers to sys_command.o(.text) for _sys_command_string
    libshutdown.o(.ARM.Collect$$libshutdown$$00000000) refers (Special) to libshutdown2.o(.ARM.Collect$$libshutdown$$00000002) for __rt_lib_shutdown_cpp_1
    libshutdown.o(.ARM.Collect$$libshutdown$$00000000) refers (Special) to libshutdown2.o(.ARM.Collect$$libshutdown$$00000007) for __rt_lib_shutdown_fp_trap_1
    libshutdown.o(.ARM.Collect$$libshutdown$$00000000) refers (Special) to libshutdown2.o(.ARM.Collect$$libshutdown$$0000000F) for __rt_lib_shutdown_heap_1
    libshutdown.o(.ARM.Collect$$libshutdown$$00000000) refers (Special) to libshutdown2.o(.ARM.Collect$$libshutdown$$00000010) for __rt_lib_shutdown_return
    libshutdown.o(.ARM.Collect$$libshutdown$$00000000) refers (Special) to libshutdown2.o(.ARM.Collect$$libshutdown$$0000000A) for __rt_lib_shutdown_signal_1
    libshutdown.o(.ARM.Collect$$libshutdown$$00000000) refers (Special) to libshutdown2.o(.ARM.Collect$$libshutdown$$00000004) for __rt_lib_shutdown_stdio_1
    libshutdown.o(.ARM.Collect$$libshutdown$$00000000) refers (Special) to libshutdown2.o(.ARM.Collect$$libshutdown$$0000000C) for __rt_lib_shutdown_user_alloc_1
    sys_command.o(.text) refers (Special) to use_no_semi.o(.text) for __I$use$semihosting
    sys_command.o(.text) refers (Special) to indicate_semi.o(.text) for __semihosting_library_function
    sys_command_hlt.o(.text) refers (Special) to use_no_semi.o(.text) for __I$use$semihosting
    sys_command_hlt.o(.text) refers (Special) to indicate_semi.o(.text) for __semihosting_library_function
    defsig_abrt_inner.o(.text) refers to defsig_general.o(.text) for __default_signal_display
    defsig_rtred_inner.o(.text) refers to defsig_general.o(.text) for __default_signal_display
    defsig_rtmem_inner.o(.text) refers to defsig_general.o(.text) for __default_signal_display
    defsig_rtmem_outer.o(.text) refers to defsig_rtmem_inner.o(.text) for __rt_SIGRTMEM_inner
    defsig_rtmem_outer.o(.text) refers to defsig_exit.o(.text) for __sig_exit
    defsig_rtmem_formal.o(.text) refers to rt_raise.o(.text) for __rt_raise
    defsig_stak_inner.o(.text) refers to defsig_general.o(.text) for __default_signal_display
    defsig_pvfn_inner.o(.text) refers to defsig_general.o(.text) for __default_signal_display
    defsig_cppl_inner.o(.text) refers to defsig_general.o(.text) for __default_signal_display
    defsig_segv_inner.o(.text) refers to defsig_general.o(.text) for __default_signal_display
    defsig_other.o(.text) refers to defsig_general.o(.text) for __default_signal_display


==============================================================================

Removing Unused input sections from the image.

    Removing main.o(.text), (0 bytes).
    Removing main.o(.ARM.exidx.text.main), (8 bytes).
    Removing main.o(.ARM.use_no_argv), (4 bytes).
    Removing ir.o(.text), (0 bytes).
    Removing ir.o(.ARM.exidx.text.Init_ADC), (8 bytes).
    Removing ir.o(.ARM.exidx.text.Control_IR_LED), (8 bytes).
    Removing ir.o(.ARM.exidx.text.Init_IR_LED), (8 bytes).
    Removing ir.o(.ARM.exidx.text.Measure_IR), (8 bytes).
    Removing ir.o(.ARM.exidx.text.Display_Range), (8 bytes).
    Removing ir.o(.ARM.exidx.text.Delay_us), (8 bytes).
    Removing timers.o(.text), (0 bytes).
    Removing timers.o(.text.Init_PIT), (104 bytes).
    Removing timers.o(.ARM.exidx.text.Init_PIT), (8 bytes).
    Removing timers.o(.text.__NVIC_SetPriority), (136 bytes).
    Removing timers.o(.ARM.exidx.text.__NVIC_SetPriority), (8 bytes).
    Removing timers.o(.ARM.exidx.text.__NVIC_ClearPendingIRQ), (8 bytes).
    Removing timers.o(.text.__NVIC_EnableIRQ), (44 bytes).
    Removing timers.o(.ARM.exidx.text.__NVIC_EnableIRQ), (8 bytes).
    Removing timers.o(.text.Start_PIT), (16 bytes).
    Removing timers.o(.ARM.exidx.text.Start_PIT), (8 bytes).
    Removing timers.o(.text.Stop_PIT), (16 bytes).
    Removing timers.o(.ARM.exidx.text.Stop_PIT), (8 bytes).
    Removing timers.o(.ARM.exidx.text.PIT_IRQHandler), (8 bytes).
    Removing timers.o(.bss.PIT_IR_sample_count), (4 bytes).
    Removing delay.o(.text), (0 bytes).
    Removing delay.o(.ARM.exidx.text.Delay), (8 bytes).
    Removing lcd_4bit.o(.text), (0 bytes).
    Removing lcd_4bit.o(.text.wait_while_busy), (20 bytes).
    Removing lcd_4bit.o(.ARM.exidx.text.wait_while_busy), (8 bytes).
    Removing lcd_4bit.o(.text.lcd_read_status), (148 bytes).
    Removing lcd_4bit.o(.ARM.exidx.text.lcd_read_status), (8 bytes).
    Removing lcd_4bit.o(.text.lcd_write_4bit), (80 bytes).
    Removing lcd_4bit.o(.ARM.exidx.text.lcd_write_4bit), (8 bytes).
    Removing lcd_4bit.o(.text.lcd_write_cmd), (48 bytes).
    Removing lcd_4bit.o(.ARM.exidx.text.lcd_write_cmd), (8 bytes).
    Removing lcd_4bit.o(.text.lcd_putchar), (20 bytes).
    Removing lcd_4bit.o(.ARM.exidx.text.lcd_putchar), (8 bytes).
    Removing lcd_4bit.o(.text.lcd_write_data), (48 bytes).
    Removing lcd_4bit.o(.ARM.exidx.text.lcd_write_data), (8 bytes).
    Removing lcd_4bit.o(.text.Init_LCD), (216 bytes).
    Removing lcd_4bit.o(.ARM.exidx.text.Init_LCD), (8 bytes).
    Removing lcd_4bit.o(.text.Set_Cursor), (42 bytes).
    Removing lcd_4bit.o(.ARM.exidx.text.Set_Cursor), (8 bytes).
    Removing lcd_4bit.o(.text.Clear_LCD), (18 bytes).
    Removing lcd_4bit.o(.ARM.exidx.text.Clear_LCD), (8 bytes).
    Removing lcd_4bit.o(.text.Print_LCD), (36 bytes).
    Removing lcd_4bit.o(.ARM.exidx.text.Print_LCD), (8 bytes).
    Removing leds.o(.text), (0 bytes).
    Removing leds.o(.ARM.exidx.text.Init_RGB_LEDs), (8 bytes).
    Removing leds.o(.ARM.exidx.text.Control_RGB_LEDs), (8 bytes).
    Removing queue.o(.text), (0 bytes).
    Removing queue.o(.ARM.exidx.text.Q_Empty), (8 bytes).
    Removing queue.o(.ARM.exidx.text.Q_Full), (8 bytes).
    Removing queue.o(.text.Q_Size), (16 bytes).
    Removing queue.o(.ARM.exidx.text.Q_Size), (8 bytes).
    Removing queue.o(.ARM.exidx.text.Q_Enqueue), (8 bytes).
    Removing queue.o(.ARM.exidx.text.Q_Dequeue), (8 bytes).
    Removing queue.o(.text.Q_Init), (66 bytes).
    Removing queue.o(.ARM.exidx.text.Q_Init), (8 bytes).
    Removing uart.o(.text), (0 bytes).
    Removing uart.o(.text.Init_UART1), (216 bytes).
    Removing uart.o(.ARM.exidx.text.Init_UART1), (8 bytes).
    Removing uart.o(.text.__NVIC_SetPriority), (136 bytes).
    Removing uart.o(.ARM.exidx.text.__NVIC_SetPriority), (8 bytes).
    Removing uart.o(.ARM.exidx.text.__NVIC_ClearPendingIRQ), (8 bytes).
    Removing uart.o(.text.__NVIC_EnableIRQ), (44 bytes).
    Removing uart.o(.ARM.exidx.text.__NVIC_EnableIRQ), (8 bytes).
    Removing uart.o(.text.Init_UART2), (216 bytes).
    Removing uart.o(.ARM.exidx.text.Init_UART2), (8 bytes).
    Removing uart.o(.text.UART1_Transmit_Poll), (40 bytes).
    Removing uart.o(.ARM.exidx.text.UART1_Transmit_Poll), (8 bytes).
    Removing uart.o(.text.UART1_Receive_Poll), (32 bytes).
    Removing uart.o(.ARM.exidx.text.UART1_Receive_Poll), (8 bytes).
    Removing uart.o(.text.UART2_Transmit_Poll), (40 bytes).
    Removing uart.o(.ARM.exidx.text.UART2_Transmit_Poll), (8 bytes).
    Removing uart.o(.text.UART2_Receive_Poll), (32 bytes).
    Removing uart.o(.ARM.exidx.text.UART2_Receive_Poll), (8 bytes).
    Removing uart.o(.ARM.exidx.text.UART1_IRQHandler), (8 bytes).
    Removing uart.o(.ARM.exidx.text.UART2_IRQHandler), (8 bytes).
    Removing uart.o(.text.send_data), (112 bytes).
    Removing uart.o(.ARM.exidx.text.send_data), (8 bytes).
    Removing uart.o(.text.Get_Num_Rx_Chars_Available), (16 bytes).
    Removing uart.o(.ARM.exidx.text.Get_Num_Rx_Chars_Available), (8 bytes).
    Removing uart.o(.text.get_data), (98 bytes).
    Removing uart.o(.ARM.exidx.text.get_data), (8 bytes).
    Removing system_mkl25z4.o(.text), (0 bytes).
    Removing system_mkl25z4.o(.ARM.exidx.text.SystemInit), (8 bytes).
    Removing system_mkl25z4.o(.text.SystemCoreClockUpdate), (556 bytes).
    Removing system_mkl25z4.o(.ARM.exidx.text.SystemCoreClockUpdate), (8 bytes).
    Removing system_mkl25z4.o(.data.SystemCoreClock), (4 bytes).

90 unused section(s) (total 3016 bytes) removed from the image.

==============================================================================

Image Symbol Table

    Local Symbols

    Symbol Name                              Value     Ov Type        Size  Object(Section)

    ../clib/angel/boardlib.s                 0x00000000   Number         0  boardinit1.o ABSOLUTE
    ../clib/angel/boardlib.s                 0x00000000   Number         0  boardinit2.o ABSOLUTE
    ../clib/angel/boardlib.s                 0x00000000   Number         0  boardinit3.o ABSOLUTE
    ../clib/angel/boardlib.s                 0x00000000   Number         0  boardshut.o ABSOLUTE
    ../clib/angel/handlers.s                 0x00000000   Number         0  __scatter_copy.o ABSOLUTE
    ../clib/angel/handlers.s                 0x00000000   Number         0  __scatter_zi.o ABSOLUTE
    ../clib/angel/kernel.s                   0x00000000   Number         0  __rtentry.o ABSOLUTE
    ../clib/angel/kernel.s                   0x00000000   Number         0  __rtentry2.o ABSOLUTE
    ../clib/angel/kernel.s                   0x00000000   Number         0  __rtentry4.o ABSOLUTE
    ../clib/angel/kernel.s                   0x00000000   Number         0  rtexit.o ABSOLUTE
    ../clib/angel/kernel.s                   0x00000000   Number         0  rtexit2.o ABSOLUTE
    ../clib/angel/rt.s                       0x00000000   Number         0  aeabi_idiv0.o ABSOLUTE
    ../clib/angel/rt.s                       0x00000000   Number         0  aeabi_idiv0_sigfpe.o ABSOLUTE
    ../clib/angel/rt.s                       0x00000000   Number         0  rt_div0.o ABSOLUTE
    ../clib/angel/rt.s                       0x00000000   Number         0  rt_raise.o ABSOLUTE
    ../clib/angel/scatterp.s                 0x00000000   Number         0  __scatter.o ABSOLUTE
    ../clib/angel/startup.s                  0x00000000   Number         0  __main.o ABSOLUTE
    ../clib/angel/sys.s                      0x00000000   Number         0  sys_stackheap_outer.o ABSOLUTE
    ../clib/angel/sys.s                      0x00000000   Number         0  libspace.o ABSOLUTE
    ../clib/angel/sys.s                      0x00000000   Number         0  tempstk.o ABSOLUTE
    ../clib/angel/sys.s                      0x00000000   Number         0  use_no_semi.o ABSOLUTE
    ../clib/angel/sys.s                      0x00000000   Number         0  indicate_semi.o ABSOLUTE
    ../clib/angel/sysapp.c                   0x00000000   Number         0  sys_exit.o ABSOLUTE
    ../clib/angel/sysapp.c                   0x00000000   Number         0  sys_exit_hlt.o ABSOLUTE
    ../clib/angel/sysapp.c                   0x00000000   Number         0  sys_wrch.o ABSOLUTE
    ../clib/angel/sysapp.c                   0x00000000   Number         0  sys_wrch_hlt.o ABSOLUTE
    ../clib/angel/sysapp.c                   0x00000000   Number         0  sys_command.o ABSOLUTE
    ../clib/angel/sysapp.c                   0x00000000   Number         0  sys_command_hlt.o ABSOLUTE
    ../clib/armsys.c                         0x00000000   Number         0  argv_veneer.o ABSOLUTE
    ../clib/armsys.c                         0x00000000   Number         0  _get_argv_nomalloc.o ABSOLUTE
    ../clib/armsys.c                         0x00000000   Number         0  no_argv.o ABSOLUTE
    ../clib/division.s                       0x00000000   Number         0  aeabi_sdiv.o ABSOLUTE
    ../clib/division.s                       0x00000000   Number         0  aeabi_sdiv_div0.o ABSOLUTE
    ../clib/heapalloc.c                      0x00000000   Number         0  hrguard.o ABSOLUTE
    ../clib/heapaux.c                        0x00000000   Number         0  heapauxi.o ABSOLUTE
    ../clib/libinit.s                        0x00000000   Number         0  libinit.o ABSOLUTE
    ../clib/libinit.s                        0x00000000   Number         0  libinit2.o ABSOLUTE
    ../clib/libinit.s                        0x00000000   Number         0  libshutdown.o ABSOLUTE
    ../clib/libinit.s                        0x00000000   Number         0  libshutdown2.o ABSOLUTE
    ../clib/signal.c                         0x00000000   Number         0  defsig_fpe_outer.o ABSOLUTE
    ../clib/signal.c                         0x00000000   Number         0  defsig_fpe_formal.o ABSOLUTE
    ../clib/signal.c                         0x00000000   Number         0  defsig_exit.o ABSOLUTE
    ../clib/signal.c                         0x00000000   Number         0  defsig_fpe_inner.o ABSOLUTE
    ../clib/signal.c                         0x00000000   Number         0  __raise.o ABSOLUTE
    ../clib/signal.c                         0x00000000   Number         0  defsig_general.o ABSOLUTE
    ../clib/signal.c                         0x00000000   Number         0  defsig_abrt_inner.o ABSOLUTE
    ../clib/signal.c                         0x00000000   Number         0  defsig_rtred_inner.o ABSOLUTE
    ../clib/signal.c                         0x00000000   Number         0  defsig_rtmem_inner.o ABSOLUTE
    ../clib/signal.c                         0x00000000   Number         0  defsig_rtmem_outer.o ABSOLUTE
    ../clib/signal.c                         0x00000000   Number         0  defsig_rtmem_formal.o ABSOLUTE
    ../clib/signal.c                         0x00000000   Number         0  defsig_stak_inner.o ABSOLUTE
    ../clib/signal.c                         0x00000000   Number         0  defsig_pvfn_inner.o ABSOLUTE
    ../clib/signal.c                         0x00000000   Number         0  defsig_cppl_inner.o ABSOLUTE
    ../clib/signal.c                         0x00000000   Number         0  defsig_segv_inner.o ABSOLUTE
    ../clib/signal.c                         0x00000000   Number         0  defsig_other.o ABSOLUTE
    ../clib/signal.s                         0x00000000   Number         0  defsig.o ABSOLUTE
    ../clib/stdlib.c                         0x00000000   Number         0  exit.o ABSOLUTE
    ../fplib/cfplib/fpinit.c                 0x00000000   Number         0  fpinit.o ABSOLUTE
    IR.c                                     0x00000000   Number         0  ir.o ABSOLUTE
    LCD_4bit.c                               0x00000000   Number         0  lcd_4bit.o ABSOLUTE
    LEDs.c                                   0x00000000   Number         0  leds.o ABSOLUTE
    RTE/Device/MKL25Z128xxx4/startup_MKL25Z4.s 0x00000000   Number         0  startup_mkl25z4.o ABSOLUTE
    dc.s                                     0x00000000   Number         0  dc.o ABSOLUTE
    delay.c                                  0x00000000   Number         0  delay.o ABSOLUTE
    main.c                                   0x00000000   Number         0  main.o ABSOLUTE
    queue.c                                  0x00000000   Number         0  queue.o ABSOLUTE
    system_MKL25Z4.c                         0x00000000   Number         0  system_mkl25z4.o ABSOLUTE
    timers.c                                 0x00000000   Number         0  timers.o ABSOLUTE
    uart.c                                   0x00000000   Number         0  uart.o ABSOLUTE
    RESET                                    0x00000000   Section      192  startup_mkl25z4.o(RESET)
    !!!main                                  0x000000c0   Section        8  __main.o(!!!main)
    !!!scatter                               0x000000c8   Section       60  __scatter.o(!!!scatter)
    !!handler_copy                           0x00000104   Section       26  __scatter_copy.o(!!handler_copy)
    !!handler_zi                             0x00000120   Section       28  __scatter_zi.o(!!handler_zi)
    .ARM.Collect$$libinit$$00000000          0x0000013c   Section        2  libinit.o(.ARM.Collect$$libinit$$00000000)
    .ARM.Collect$$libinit$$00000002          0x0000013e   Section        0  libinit2.o(.ARM.Collect$$libinit$$00000002)
    .ARM.Collect$$libinit$$00000004          0x0000013e   Section        0  libinit2.o(.ARM.Collect$$libinit$$00000004)
    .ARM.Collect$$libinit$$0000000A          0x0000013e   Section        0  libinit2.o(.ARM.Collect$$libinit$$0000000A)
    .ARM.Collect$$libinit$$0000000C          0x0000013e   Section        0  libinit2.o(.ARM.Collect$$libinit$$0000000C)
    .ARM.Collect$$libinit$$0000000E          0x0000013e   Section        0  libinit2.o(.ARM.Collect$$libinit$$0000000E)
    .ARM.Collect$$libinit$$00000011          0x0000013e   Section        0  libinit2.o(.ARM.Collect$$libinit$$00000011)
    .ARM.Collect$$libinit$$00000013          0x0000013e   Section        0  libinit2.o(.ARM.Collect$$libinit$$00000013)
    .ARM.Collect$$libinit$$00000015          0x0000013e   Section        0  libinit2.o(.ARM.Collect$$libinit$$00000015)
    .ARM.Collect$$libinit$$00000017          0x0000013e   Section        0  libinit2.o(.ARM.Collect$$libinit$$00000017)
    .ARM.Collect$$libinit$$00000019          0x0000013e   Section        0  libinit2.o(.ARM.Collect$$libinit$$00000019)
    .ARM.Collect$$libinit$$0000001B          0x0000013e   Section        0  libinit2.o(.ARM.Collect$$libinit$$0000001B)
    .ARM.Collect$$libinit$$0000001D          0x0000013e   Section        0  libinit2.o(.ARM.Collect$$libinit$$0000001D)
    .ARM.Collect$$libinit$$0000001F          0x0000013e   Section        0  libinit2.o(.ARM.Collect$$libinit$$0000001F)
    .ARM.Collect$$libinit$$00000021          0x0000013e   Section        0  libinit2.o(.ARM.Collect$$libinit$$00000021)
    .ARM.Collect$$libinit$$00000023          0x0000013e   Section        0  libinit2.o(.ARM.Collect$$libinit$$00000023)
    .ARM.Collect$$libinit$$00000025          0x0000013e   Section        0  libinit2.o(.ARM.Collect$$libinit$$00000025)
    .ARM.Collect$$libinit$$0000002C          0x0000013e   Section        0  libinit2.o(.ARM.Collect$$libinit$$0000002C)
    .ARM.Collect$$libinit$$0000002E          0x0000013e   Section        0  libinit2.o(.ARM.Collect$$libinit$$0000002E)
    .ARM.Collect$$libinit$$00000030          0x0000013e   Section        0  libinit2.o(.ARM.Collect$$libinit$$00000030)
    .ARM.Collect$$libinit$$00000032          0x0000013e   Section        0  libinit2.o(.ARM.Collect$$libinit$$00000032)
    .ARM.Collect$$libinit$$00000033          0x0000013e   Section        2  libinit2.o(.ARM.Collect$$libinit$$00000033)
    .ARM.Collect$$libshutdown$$00000000      0x00000140   Section        2  libshutdown.o(.ARM.Collect$$libshutdown$$00000000)
    .ARM.Collect$$libshutdown$$00000002      0x00000142   Section        0  libshutdown2.o(.ARM.Collect$$libshutdown$$00000002)
    .ARM.Collect$$libshutdown$$00000004      0x00000142   Section        0  libshutdown2.o(.ARM.Collect$$libshutdown$$00000004)
    .ARM.Collect$$libshutdown$$00000007      0x00000142   Section        0  libshutdown2.o(.ARM.Collect$$libshutdown$$00000007)
    .ARM.Collect$$libshutdown$$0000000A      0x00000142   Section        0  libshutdown2.o(.ARM.Collect$$libshutdown$$0000000A)
    .ARM.Collect$$libshutdown$$0000000C      0x00000142   Section        0  libshutdown2.o(.ARM.Collect$$libshutdown$$0000000C)
    .ARM.Collect$$libshutdown$$0000000F      0x00000142   Section        0  libshutdown2.o(.ARM.Collect$$libshutdown$$0000000F)
    .ARM.Collect$$libshutdown$$00000010      0x00000142   Section        2  libshutdown2.o(.ARM.Collect$$libshutdown$$00000010)
    .ARM.Collect$$rtentry$$00000000          0x00000144   Section        0  __rtentry.o(.ARM.Collect$$rtentry$$00000000)
    .ARM.Collect$$rtentry$$00000002          0x00000144   Section        0  __rtentry2.o(.ARM.Collect$$rtentry$$00000002)
    .ARM.Collect$$rtentry$$00000004          0x00000144   Section        6  __rtentry4.o(.ARM.Collect$$rtentry$$00000004)
    .ARM.Collect$$rtentry$$00000009          0x0000014a   Section        0  __rtentry2.o(.ARM.Collect$$rtentry$$00000009)
    .ARM.Collect$$rtentry$$0000000A          0x0000014a   Section        4  __rtentry2.o(.ARM.Collect$$rtentry$$0000000A)
    .ARM.Collect$$rtentry$$0000000C          0x0000014e   Section        0  __rtentry2.o(.ARM.Collect$$rtentry$$0000000C)
    .ARM.Collect$$rtentry$$0000000D          0x0000014e   Section        8  __rtentry2.o(.ARM.Collect$$rtentry$$0000000D)
    .ARM.Collect$$rtexit$$00000000           0x00000156   Section        2  rtexit.o(.ARM.Collect$$rtexit$$00000000)
    .ARM.Collect$$rtexit$$00000002           0x00000158   Section        0  rtexit2.o(.ARM.Collect$$rtexit$$00000002)
    .ARM.Collect$$rtexit$$00000003           0x00000158   Section        4  rtexit2.o(.ARM.Collect$$rtexit$$00000003)
    .ARM.Collect$$rtexit$$00000004           0x0000015c   Section        6  rtexit2.o(.ARM.Collect$$rtexit$$00000004)
    .text                                    0x00000164   Section       64  startup_mkl25z4.o(.text)
    .text                                    0x000001a4   Section      364  aeabi_sdiv.o(.text)
    .text                                    0x00000310   Section        0  heapauxi.o(.text)
    .text                                    0x00000316   Section       62  sys_stackheap_outer.o(.text)
    .text                                    0x00000354   Section        0  exit.o(.text)
    .text                                    0x00000364   Section        8  libspace.o(.text)
    .text                                    0x0000036c   Section        0  sys_exit.o(.text)
    .text                                    0x00000378   Section        2  use_no_semi.o(.text)
    .text                                    0x0000037a   Section        0  indicate_semi.o(.text)
    [Anonymous Symbol]                       0x0000037c   Section        0  ir.o(.text.Control_IR_LED)
    [Anonymous Symbol]                       0x0000039c   Section        0  delay.o(.text.Delay)
    __arm_cp.0_0                             0x000003c0   Number         4  delay.o(.text.Delay)
    [Anonymous Symbol]                       0x000003c4   Section        0  ir.o(.text.Delay_us)
    [Anonymous Symbol]                       0x000003ec   Section        0  system_mkl25z4.o(.text.SystemInit)
    __arm_cp.0_0                             0x000003f4   Number         4  system_mkl25z4.o(.text.SystemInit)
    .ARM.__at_0x400                          0x00000400   Section       16  startup_mkl25z4.o(.ARM.__at_0x400)
    [Anonymous Symbol]                       0x00000410   Section        0  leds.o(.text.Control_RGB_LEDs)
    __arm_cp.1_0                             0x0000046c   Number         4  leds.o(.text.Control_RGB_LEDs)
    __arm_cp.1_1                             0x00000470   Number         4  leds.o(.text.Control_RGB_LEDs)
    __arm_cp.1_2                             0x00000474   Number         4  leds.o(.text.Control_RGB_LEDs)
    __arm_cp.1_3                             0x00000478   Number         4  leds.o(.text.Control_RGB_LEDs)
    [Anonymous Symbol]                       0x0000047c   Section        0  ir.o(.text.Display_Range)
    __arm_cp.4_0                             0x000004c4   Number         4  ir.o(.text.Display_Range)
    __arm_cp.4_1                             0x000004c8   Number         4  ir.o(.text.Display_Range)
    [Anonymous Symbol]                       0x000004cc   Section        0  ir.o(.text.Init_ADC)
    __arm_cp.0_0                             0x000004e8   Number         4  ir.o(.text.Init_ADC)
    __arm_cp.0_1                             0x000004ec   Number         4  ir.o(.text.Init_ADC)
    __arm_cp.0_2                             0x000004f0   Number         4  ir.o(.text.Init_ADC)
    [Anonymous Symbol]                       0x000004f4   Section        0  ir.o(.text.Init_IR_LED)
    __arm_cp.2_0                             0x00000520   Number         4  ir.o(.text.Init_IR_LED)
    [Anonymous Symbol]                       0x00000524   Section        0  leds.o(.text.Init_RGB_LEDs)
    __arm_cp.0_0                             0x00000578   Number         4  leds.o(.text.Init_RGB_LEDs)
    __arm_cp.0_1                             0x0000057c   Number         4  leds.o(.text.Init_RGB_LEDs)
    __arm_cp.0_2                             0x00000580   Number         4  leds.o(.text.Init_RGB_LEDs)
    __arm_cp.0_3                             0x00000584   Number         4  leds.o(.text.Init_RGB_LEDs)
    __arm_cp.0_4                             0x00000588   Number         4  leds.o(.text.Init_RGB_LEDs)
    __arm_cp.0_5                             0x0000058c   Number         4  leds.o(.text.Init_RGB_LEDs)
    __arm_cp.0_6                             0x00000590   Number         4  leds.o(.text.Init_RGB_LEDs)
    [Anonymous Symbol]                       0x00000594   Section        0  ir.o(.text.Measure_IR)
    __arm_cp.3_0                             0x000005c0   Number         4  ir.o(.text.Measure_IR)
    __arm_cp.3_1                             0x000005c4   Number         4  ir.o(.text.Measure_IR)
    __arm_cp.3_2                             0x000005c8   Number         4  ir.o(.text.Measure_IR)
    [Anonymous Symbol]                       0x000005cc   Section        0  timers.o(.text.PIT_IRQHandler)
    __arm_cp.6_0                             0x00000638   Number         4  timers.o(.text.PIT_IRQHandler)
    __arm_cp.6_1                             0x0000063c   Number         4  timers.o(.text.PIT_IRQHandler)
    __arm_cp.6_2                             0x00000640   Number         4  timers.o(.text.PIT_IRQHandler)
    __arm_cp.6_3                             0x00000644   Number         4  timers.o(.text.PIT_IRQHandler)
    __arm_cp.6_4                             0x00000648   Number         4  timers.o(.text.PIT_IRQHandler)
    __arm_cp.6_5                             0x0000064c   Number         4  timers.o(.text.PIT_IRQHandler)
    [Anonymous Symbol]                       0x00000650   Section        0  queue.o(.text.Q_Dequeue)
    [Anonymous Symbol]                       0x0000069e   Section        0  queue.o(.text.Q_Empty)
    [Anonymous Symbol]                       0x000006b2   Section        0  queue.o(.text.Q_Enqueue)
    [Anonymous Symbol]                       0x000006fc   Section        0  queue.o(.text.Q_Full)
    [Anonymous Symbol]                       0x00000718   Section        0  uart.o(.text.UART1_IRQHandler)
    __arm_cp.9_0                             0x000007ac   Number         4  uart.o(.text.UART1_IRQHandler)
    __arm_cp.9_2                             0x000007b0   Number         4  uart.o(.text.UART1_IRQHandler)
    __arm_cp.9_3                             0x000007b4   Number         4  uart.o(.text.UART1_IRQHandler)
    [Anonymous Symbol]                       0x000007b8   Section        0  uart.o(.text.UART2_IRQHandler)
    __arm_cp.10_0                            0x0000084c   Number         4  uart.o(.text.UART2_IRQHandler)
    __arm_cp.10_1                            0x00000850   Number         4  uart.o(.text.UART2_IRQHandler)
    __arm_cp.10_2                            0x00000854   Number         4  uart.o(.text.UART2_IRQHandler)
    __arm_cp.10_3                            0x00000858   Number         4  uart.o(.text.UART2_IRQHandler)
    __arm_cp.10_4                            0x0000085c   Number         4  uart.o(.text.UART2_IRQHandler)
    __arm_cp.10_5                            0x00000860   Number         4  uart.o(.text.UART2_IRQHandler)
    __NVIC_ClearPendingIRQ                   0x00000865   Thumb Code    40  timers.o(.text.__NVIC_ClearPendingIRQ)
    [Anonymous Symbol]                       0x00000864   Section        0  timers.o(.text.__NVIC_ClearPendingIRQ)
    __NVIC_ClearPendingIRQ                   0x0000088d   Thumb Code    40  uart.o(.text.__NVIC_ClearPendingIRQ)
    [Anonymous Symbol]                       0x0000088c   Section        0  uart.o(.text.__NVIC_ClearPendingIRQ)
    __arm_cp.2_0                             0x000008b4   Number         4  uart.o(.text.__NVIC_ClearPendingIRQ)
    [Anonymous Symbol]                       0x000008b8   Section        0  main.o(.text.main)
    __arm_cp.0_0                             0x00000954   Number         4  main.o(.text.main)
    __arm_cp.0_1                             0x00000958   Number         4  main.o(.text.main)
    __arm_cp.0_2                             0x0000095c   Number         4  main.o(.text.main)
    __arm_cp.0_3                             0x00000960   Number         4  main.o(.text.main)
    __arm_cp.0_4                             0x00000964   Number         4  main.o(.text.main)
    .bss                                     0x1ffff018   Section       96  libspace.o(.bss)
    main.avg_diff                            0x1ffff2a0   Data           4  main.o(.bss.main.avg_diff)
    [Anonymous Symbol]                       0x1ffff2a0   Section        0  main.o(.bss.main.avg_diff)
    main.diff                                0x1ffff2a4   Data           4  main.o(.bss.main.diff)
    [Anonymous Symbol]                       0x1ffff2a4   Section        0  main.o(.bss.main.diff)
    main.off_brightness                      0x1ffff2a8   Data           4  main.o(.bss.main.off_brightness)
    [Anonymous Symbol]                       0x1ffff2a8   Section        0  main.o(.bss.main.off_brightness)
    main.on_brightness                       0x1ffff2ac   Data           4  main.o(.bss.main.on_brightness)
    [Anonymous Symbol]                       0x1ffff2ac   Section        0  main.o(.bss.main.on_brightness)
    Heap_Mem                                 0x1ffff2b8   Data           0  startup_mkl25z4.o(HEAP)
    Stack_Mem                                0x1ffff2b8   Data         256  startup_mkl25z4.o(STACK)
    HEAP                                     0x1ffff2b8   Section        0  startup_mkl25z4.o(HEAP)
    STACK                                    0x1ffff2b8   Section      256  startup_mkl25z4.o(STACK)
    __initial_sp                             0x1ffff3b8   Data           0  startup_mkl25z4.o(STACK)

    Global Symbols

    Symbol Name                              Value     Ov Type        Size  Object(Section)

    BuildAttributes$$THM_ISAv3M$S$PE$A:L22$X:L11$S22$IEEE1$IW$~IW$USESV6$~STKCKD$USESV7$~SHL$OSPACE$ROPI$EBA8$UX$STANDARDLIB$REQ8$PRES8$EABIv2 0x00000000   Number         0  anon$$obj.o ABSOLUTE
    __Vectors                                0x00000000   Data           4  startup_mkl25z4.o(RESET)
    __ARM_exceptions_init                     - Undefined Weak Reference
    __alloca_initialize                       - Undefined Weak Reference
    __arm_preinit_                            - Undefined Weak Reference
    __cpp_initialize__aeabi_                  - Undefined Weak Reference
    __cxa_finalize                            - Undefined Weak Reference
    __rt_locale                               - Undefined Weak Reference
    __sigvec_lookup                           - Undefined Weak Reference
    _atexit_init                              - Undefined Weak Reference
    _call_atexit_fns                          - Undefined Weak Reference
    _clock_init                               - Undefined Weak Reference
    _fp_trap_init                             - Undefined Weak Reference
    _fp_trap_shutdown                         - Undefined Weak Reference
    _get_lc_collate                           - Undefined Weak Reference
    _get_lc_ctype                             - Undefined Weak Reference
    _get_lc_monetary                          - Undefined Weak Reference
    _get_lc_numeric                           - Undefined Weak Reference
    _get_lc_time                              - Undefined Weak Reference
    _getenv_init                              - Undefined Weak Reference
    _handle_redirection                       - Undefined Weak Reference
    _init_alloc                               - Undefined Weak Reference
    _init_user_alloc                          - Undefined Weak Reference
    _initio                                   - Undefined Weak Reference
    _rand_init                                - Undefined Weak Reference
    _signal_finish                            - Undefined Weak Reference
    _signal_init                              - Undefined Weak Reference
    _terminate_alloc                          - Undefined Weak Reference
    _terminate_user_alloc                     - Undefined Weak Reference
    _terminateio                              - Undefined Weak Reference
    __Vectors_End                            0x000000c0   Data           0  startup_mkl25z4.o(RESET)
    __Vectors_Size                           0x000000c0   Number         0  startup_mkl25z4.o ABSOLUTE
    __main                                   0x000000c1   Thumb Code     8  __main.o(!!!main)
    __scatterload                            0x000000c9   Thumb Code     0  __scatter.o(!!!scatter)
    __scatterload_rt2                        0x000000c9   Thumb Code    52  __scatter.o(!!!scatter)
    __scatterload_rt2_thumb_only             0x000000c9   Thumb Code     0  __scatter.o(!!!scatter)
    __scatterload_null                       0x000000d9   Thumb Code     0  __scatter.o(!!!scatter)
    __scatterload_copy                       0x00000105   Thumb Code    26  __scatter_copy.o(!!handler_copy)
    __scatterload_zeroinit                   0x00000121   Thumb Code    28  __scatter_zi.o(!!handler_zi)
    __rt_lib_init                            0x0000013d   Thumb Code     0  libinit.o(.ARM.Collect$$libinit$$00000000)
    __rt_lib_init_alloca_1                   0x0000013f   Thumb Code     0  libinit2.o(.ARM.Collect$$libinit$$0000002E)
    __rt_lib_init_argv_1                     0x0000013f   Thumb Code     0  libinit2.o(.ARM.Collect$$libinit$$0000002C)
    __rt_lib_init_atexit_1                   0x0000013f   Thumb Code     0  libinit2.o(.ARM.Collect$$libinit$$0000001B)
    __rt_lib_init_clock_1                    0x0000013f   Thumb Code     0  libinit2.o(.ARM.Collect$$libinit$$00000021)
    __rt_lib_init_cpp_1                      0x0000013f   Thumb Code     0  libinit2.o(.ARM.Collect$$libinit$$00000032)
    __rt_lib_init_exceptions_1               0x0000013f   Thumb Code     0  libinit2.o(.ARM.Collect$$libinit$$00000030)
    __rt_lib_init_fp_1                       0x0000013f   Thumb Code     0  libinit2.o(.ARM.Collect$$libinit$$00000002)
    __rt_lib_init_fp_trap_1                  0x0000013f   Thumb Code     0  libinit2.o(.ARM.Collect$$libinit$$0000001F)
    __rt_lib_init_getenv_1                   0x0000013f   Thumb Code     0  libinit2.o(.ARM.Collect$$libinit$$00000023)
    __rt_lib_init_heap_1                     0x0000013f   Thumb Code     0  libinit2.o(.ARM.Collect$$libinit$$0000000A)
    __rt_lib_init_lc_collate_1               0x0000013f   Thumb Code     0  libinit2.o(.ARM.Collect$$libinit$$00000011)
    __rt_lib_init_lc_ctype_1                 0x0000013f   Thumb Code     0  libinit2.o(.ARM.Collect$$libinit$$00000013)
    __rt_lib_init_lc_monetary_1              0x0000013f   Thumb Code     0  libinit2.o(.ARM.Collect$$libinit$$00000015)
    __rt_lib_init_lc_numeric_1               0x0000013f   Thumb Code     0  libinit2.o(.ARM.Collect$$libinit$$00000017)
    __rt_lib_init_lc_time_1                  0x0000013f   Thumb Code     0  libinit2.o(.ARM.Collect$$libinit$$00000019)
    __rt_lib_init_preinit_1                  0x0000013f   Thumb Code     0  libinit2.o(.ARM.Collect$$libinit$$00000004)
    __rt_lib_init_rand_1                     0x0000013f   Thumb Code     0  libinit2.o(.ARM.Collect$$libinit$$0000000E)
    __rt_lib_init_return                     0x0000013f   Thumb Code     0  libinit2.o(.ARM.Collect$$libinit$$00000033)
    __rt_lib_init_signal_1                   0x0000013f   Thumb Code     0  libinit2.o(.ARM.Collect$$libinit$$0000001D)
    __rt_lib_init_stdio_1                    0x0000013f   Thumb Code     0  libinit2.o(.ARM.Collect$$libinit$$00000025)
    __rt_lib_init_user_alloc_1               0x0000013f   Thumb Code     0  libinit2.o(.ARM.Collect$$libinit$$0000000C)
    __rt_lib_shutdown                        0x00000141   Thumb Code     0  libshutdown.o(.ARM.Collect$$libshutdown$$00000000)
    __rt_lib_shutdown_cpp_1                  0x00000143   Thumb Code     0  libshutdown2.o(.ARM.Collect$$libshutdown$$00000002)
    __rt_lib_shutdown_fp_trap_1              0x00000143   Thumb Code     0  libshutdown2.o(.ARM.Collect$$libshutdown$$00000007)
    __rt_lib_shutdown_heap_1                 0x00000143   Thumb Code     0  libshutdown2.o(.ARM.Collect$$libshutdown$$0000000F)
    __rt_lib_shutdown_return                 0x00000143   Thumb Code     0  libshutdown2.o(.ARM.Collect$$libshutdown$$00000010)
    __rt_lib_shutdown_signal_1               0x00000143   Thumb Code     0  libshutdown2.o(.ARM.Collect$$libshutdown$$0000000A)
    __rt_lib_shutdown_stdio_1                0x00000143   Thumb Code     0  libshutdown2.o(.ARM.Collect$$libshutdown$$00000004)
    __rt_lib_shutdown_user_alloc_1           0x00000143   Thumb Code     0  libshutdown2.o(.ARM.Collect$$libshutdown$$0000000C)
    __rt_entry                               0x00000145   Thumb Code     0  __rtentry.o(.ARM.Collect$$rtentry$$00000000)
    __rt_entry_presh_1                       0x00000145   Thumb Code     0  __rtentry2.o(.ARM.Collect$$rtentry$$00000002)
    __rt_entry_sh                            0x00000145   Thumb Code     0  __rtentry4.o(.ARM.Collect$$rtentry$$00000004)
    __rt_entry_li                            0x0000014b   Thumb Code     0  __rtentry2.o(.ARM.Collect$$rtentry$$0000000A)
    __rt_entry_postsh_1                      0x0000014b   Thumb Code     0  __rtentry2.o(.ARM.Collect$$rtentry$$00000009)
    __rt_entry_main                          0x0000014f   Thumb Code     0  __rtentry2.o(.ARM.Collect$$rtentry$$0000000D)
    __rt_entry_postli_1                      0x0000014f   Thumb Code     0  __rtentry2.o(.ARM.Collect$$rtentry$$0000000C)
    __rt_exit                                0x00000157   Thumb Code     0  rtexit.o(.ARM.Collect$$rtexit$$00000000)
    __rt_exit_ls                             0x00000159   Thumb Code     0  rtexit2.o(.ARM.Collect$$rtexit$$00000003)
    __rt_exit_prels_1                        0x00000159   Thumb Code     0  rtexit2.o(.ARM.Collect$$rtexit$$00000002)
    __rt_exit_exit                           0x0000015d   Thumb Code     0  rtexit2.o(.ARM.Collect$$rtexit$$00000004)
    Reset_Handler                            0x00000165   Thumb Code    12  startup_mkl25z4.o(.text)
    NMI_Handler                              0x00000171   Thumb Code     2  startup_mkl25z4.o(.text)
    HardFault_Handler                        0x00000173   Thumb Code     2  startup_mkl25z4.o(.text)
    SVC_Handler                              0x00000175   Thumb Code     2  startup_mkl25z4.o(.text)
    PendSV_Handler                           0x00000177   Thumb Code     2  startup_mkl25z4.o(.text)
    SysTick_Handler                          0x00000179   Thumb Code     2  startup_mkl25z4.o(.text)
    ADC0_IRQHandler                          0x0000017b   Thumb Code     0  startup_mkl25z4.o(.text)
    CMP0_IRQHandler                          0x0000017b   Thumb Code     0  startup_mkl25z4.o(.text)
    DAC0_IRQHandler                          0x0000017b   Thumb Code     0  startup_mkl25z4.o(.text)
    DMA0_IRQHandler                          0x0000017b   Thumb Code     0  startup_mkl25z4.o(.text)
    DMA1_IRQHandler                          0x0000017b   Thumb Code     0  startup_mkl25z4.o(.text)
    DMA2_IRQHandler                          0x0000017b   Thumb Code     0  startup_mkl25z4.o(.text)
    DMA3_IRQHandler                          0x0000017b   Thumb Code     0  startup_mkl25z4.o(.text)
    DefaultISR                               0x0000017b   Thumb Code     0  startup_mkl25z4.o(.text)
    FTFA_IRQHandler                          0x0000017b   Thumb Code     0  startup_mkl25z4.o(.text)
    I2C0_IRQHandler                          0x0000017b   Thumb Code     0  startup_mkl25z4.o(.text)
    I2C1_IRQHandler                          0x0000017b   Thumb Code     0  startup_mkl25z4.o(.text)
    LLWU_IRQHandler                          0x0000017b   Thumb Code     0  startup_mkl25z4.o(.text)
    LPTMR0_IRQHandler                        0x0000017b   Thumb Code     0  startup_mkl25z4.o(.text)
    LVD_LVW_IRQHandler                       0x0000017b   Thumb Code     0  startup_mkl25z4.o(.text)
    MCG_IRQHandler                           0x0000017b   Thumb Code     0  startup_mkl25z4.o(.text)
    PORTA_IRQHandler                         0x0000017b   Thumb Code     0  startup_mkl25z4.o(.text)
    PORTD_IRQHandler                         0x0000017b   Thumb Code     0  startup_mkl25z4.o(.text)
    RTC_IRQHandler                           0x0000017b   Thumb Code     0  startup_mkl25z4.o(.text)
    RTC_Seconds_IRQHandler                   0x0000017b   Thumb Code     0  startup_mkl25z4.o(.text)
    Reserved20_IRQHandler                    0x0000017b   Thumb Code     0  startup_mkl25z4.o(.text)
    Reserved39_IRQHandler                    0x0000017b   Thumb Code     0  startup_mkl25z4.o(.text)
    Reserved45_IRQHandler                    0x0000017b   Thumb Code     0  startup_mkl25z4.o(.text)
    SPI0_IRQHandler                          0x0000017b   Thumb Code     0  startup_mkl25z4.o(.text)
    SPI1_IRQHandler                          0x0000017b   Thumb Code     0  startup_mkl25z4.o(.text)
    TPM0_IRQHandler                          0x0000017b   Thumb Code     0  startup_mkl25z4.o(.text)
    TPM1_IRQHandler                          0x0000017b   Thumb Code     0  startup_mkl25z4.o(.text)
    TPM2_IRQHandler                          0x0000017b   Thumb Code     0  startup_mkl25z4.o(.text)
    TSI0_IRQHandler                          0x0000017b   Thumb Code     0  startup_mkl25z4.o(.text)
    UART0_IRQHandler                         0x0000017b   Thumb Code     0  startup_mkl25z4.o(.text)
    USB0_IRQHandler                          0x0000017b   Thumb Code     0  startup_mkl25z4.o(.text)
    __user_initial_stackheap                 0x00000181   Thumb Code     0  startup_mkl25z4.o(.text)
    __aeabi_uidiv                            0x000001a5   Thumb Code     0  aeabi_sdiv.o(.text)
    __aeabi_uidivmod                         0x000001a5   Thumb Code    20  aeabi_sdiv.o(.text)
    __aeabi_idiv                             0x000001b9   Thumb Code     0  aeabi_sdiv.o(.text)
    __aeabi_idivmod                          0x000001b9   Thumb Code   338  aeabi_sdiv.o(.text)
    __use_two_region_memory                  0x00000311   Thumb Code     2  heapauxi.o(.text)
    __rt_heap_escrow$2region                 0x00000313   Thumb Code     2  heapauxi.o(.text)
    __rt_heap_expand$2region                 0x00000315   Thumb Code     2  heapauxi.o(.text)
    __user_setup_stackheap                   0x00000317   Thumb Code    62  sys_stackheap_outer.o(.text)
    exit                                     0x00000355   Thumb Code    16  exit.o(.text)
    __user_libspace                          0x00000365   Thumb Code     8  libspace.o(.text)
    __user_perproc_libspace                  0x00000365   Thumb Code     0  libspace.o(.text)
    __user_perthread_libspace                0x00000365   Thumb Code     0  libspace.o(.text)
    _sys_exit                                0x0000036d   Thumb Code     8  sys_exit.o(.text)
    __I$use$semihosting                      0x00000379   Thumb Code     0  use_no_semi.o(.text)
    __use_no_semihosting_swi                 0x00000379   Thumb Code     2  use_no_semi.o(.text)
    __semihosting_library_function           0x0000037b   Thumb Code     0  indicate_semi.o(.text)
    Control_IR_LED                           0x0000037d   Thumb Code    32  ir.o(.text.Control_IR_LED)
    Delay                                    0x0000039d   Thumb Code    36  delay.o(.text.Delay)
    Delay_us                                 0x000003c5   Thumb Code    38  ir.o(.text.Delay_us)
    SystemInit                               0x000003ed   Thumb Code     8  system_mkl25z4.o(.text.SystemInit)
    Control_RGB_LEDs                         0x00000411   Thumb Code    92  leds.o(.text.Control_RGB_LEDs)
    Display_Range                            0x0000047d   Thumb Code    72  ir.o(.text.Display_Range)
    Init_ADC                                 0x000004cd   Thumb Code    28  ir.o(.text.Init_ADC)
    Init_IR_LED                              0x000004f5   Thumb Code    44  ir.o(.text.Init_IR_LED)
    Init_RGB_LEDs                            0x00000525   Thumb Code    84  leds.o(.text.Init_RGB_LEDs)
    Measure_IR                               0x00000595   Thumb Code    44  ir.o(.text.Measure_IR)
    PIT_IRQHandler                           0x000005cd   Thumb Code   108  timers.o(.text.PIT_IRQHandler)
    Q_Dequeue                                0x00000651   Thumb Code    78  queue.o(.text.Q_Dequeue)
    Q_Empty                                  0x0000069f   Thumb Code    20  queue.o(.text.Q_Empty)
    Q_Enqueue                                0x000006b3   Thumb Code    74  queue.o(.text.Q_Enqueue)
    Q_Full                                   0x000006fd   Thumb Code    26  queue.o(.text.Q_Full)
    UART1_IRQHandler                         0x00000719   Thumb Code   148  uart.o(.text.UART1_IRQHandler)
    UART2_IRQHandler                         0x000007b9   Thumb Code   148  uart.o(.text.UART2_IRQHandler)
    main                                     0x000008b9   Thumb Code   156  main.o(.text.main)
    Colors                                   0x00000968   Data          72  ir.o(.rodata.Colors)
    Region$$Table$$Base                      0x000009b0   Number         0  anon$$obj.o(Region$$Table)
    Region$$Table$$Limit                     0x000009d0   Number         0  anon$$obj.o(Region$$Table)
    Threshold                                0x1ffff000   Data          24  ir.o(.data.Threshold)
    __libspace_start                         0x1ffff018   Data          96  libspace.o(.bss)
    CR_received                              0x1ffff078   Data           1  uart.o(.bss.CR_received)
    __temporary_stack_top$libspace           0x1ffff078   Data           0  libspace.o(.bss)
    IR_brightness                            0x1ffff07c   Data           4  timers.o(.bss.IR_brightness)
    IR_diff                                  0x1ffff080   Data           4  timers.o(.bss.IR_diff)
    IR_led_state                             0x1ffff084   Data           4  timers.o(.bss.IR_led_state)
    RxQ                                      0x1ffff088   Data         268  uart.o(.bss.RxQ)
    TxQ                                      0x1ffff194   Data         268  uart.o(.bss.TxQ)
    n_IR_samples                             0x1ffff2b0   Data           4  timers.o(.bss.n_IR_samples)



==============================================================================

Memory Map of the image

  Image Entry point : 0x00000165

  Load Region LR_1 (Base: 0x00000000, Size: 0x000009e8, Max: 0xffffffff, ABSOLUTE)

    Execution Region ER_RO (Exec base: 0x00000000, Load base: 0x00000000, Size: 0x000009d0, Max: 0xffffffff, ABSOLUTE)

    Exec Addr    Load Addr    Size         Type   Attr      Idx    E Section Name        Object

    0x00000000   0x00000000   0x000000c0   Data   RO          167    RESET               startup_mkl25z4.o
    0x000000c0   0x000000c0   0x00000008   Code   RO          197  * !!!main             c_p.l(__main.o)
    0x000000c8   0x000000c8   0x0000003c   Code   RO          372    !!!scatter          c_p.l(__scatter.o)
    0x00000104   0x00000104   0x0000001a   Code   RO          374    !!handler_copy      c_p.l(__scatter_copy.o)
    0x0000011e   0x0000011e   0x00000002   PAD
    0x00000120   0x00000120   0x0000001c   Code   RO          376    !!handler_zi        c_p.l(__scatter_zi.o)
    0x0000013c   0x0000013c   0x00000002   Code   RO          235    .ARM.Collect$$libinit$$00000000  c_p.l(libinit.o)
    0x0000013e   0x0000013e   0x00000000   Code   RO          249    .ARM.Collect$$libinit$$00000002  c_p.l(libinit2.o)
    0x0000013e   0x0000013e   0x00000000   Code   RO          251    .ARM.Collect$$libinit$$00000004  c_p.l(libinit2.o)
    0x0000013e   0x0000013e   0x00000000   Code   RO          254    .ARM.Collect$$libinit$$0000000A  c_p.l(libinit2.o)
    0x0000013e   0x0000013e   0x00000000   Code   RO          256    .ARM.Collect$$libinit$$0000000C  c_p.l(libinit2.o)
    0x0000013e   0x0000013e   0x00000000   Code   RO          258    .ARM.Collect$$libinit$$0000000E  c_p.l(libinit2.o)
    0x0000013e   0x0000013e   0x00000000   Code   RO          261    .ARM.Collect$$libinit$$00000011  c_p.l(libinit2.o)
    0x0000013e   0x0000013e   0x00000000   Code   RO          263    .ARM.Collect$$libinit$$00000013  c_p.l(libinit2.o)
    0x0000013e   0x0000013e   0x00000000   Code   RO          265    .ARM.Collect$$libinit$$00000015  c_p.l(libinit2.o)
    0x0000013e   0x0000013e   0x00000000   Code   RO          267    .ARM.Collect$$libinit$$00000017  c_p.l(libinit2.o)
    0x0000013e   0x0000013e   0x00000000   Code   RO          269    .ARM.Collect$$libinit$$00000019  c_p.l(libinit2.o)
    0x0000013e   0x0000013e   0x00000000   Code   RO          271    .ARM.Collect$$libinit$$0000001B  c_p.l(libinit2.o)
    0x0000013e   0x0000013e   0x00000000   Code   RO          273    .ARM.Collect$$libinit$$0000001D  c_p.l(libinit2.o)
    0x0000013e   0x0000013e   0x00000000   Code   RO          275    .ARM.Collect$$libinit$$0000001F  c_p.l(libinit2.o)
    0x0000013e   0x0000013e   0x00000000   Code   RO          277    .ARM.Collect$$libinit$$00000021  c_p.l(libinit2.o)
    0x0000013e   0x0000013e   0x00000000   Code   RO          279    .ARM.Collect$$libinit$$00000023  c_p.l(libinit2.o)
    0x0000013e   0x0000013e   0x00000000   Code   RO          281    .ARM.Collect$$libinit$$00000025  c_p.l(libinit2.o)
    0x0000013e   0x0000013e   0x00000000   Code   RO          285    .ARM.Collect$$libinit$$0000002C  c_p.l(libinit2.o)
    0x0000013e   0x0000013e   0x00000000   Code   RO          287    .ARM.Collect$$libinit$$0000002E  c_p.l(libinit2.o)
    0x0000013e   0x0000013e   0x00000000   Code   RO          289    .ARM.Collect$$libinit$$00000030  c_p.l(libinit2.o)
    0x0000013e   0x0000013e   0x00000000   Code   RO          291    .ARM.Collect$$libinit$$00000032  c_p.l(libinit2.o)
    0x0000013e   0x0000013e   0x00000002   Code   RO          292    .ARM.Collect$$libinit$$00000033  c_p.l(libinit2.o)
    0x00000140   0x00000140   0x00000002   Code   RO          327    .ARM.Collect$$libshutdown$$00000000  c_p.l(libshutdown.o)
    0x00000142   0x00000142   0x00000000   Code   RO          355    .ARM.Collect$$libshutdown$$00000002  c_p.l(libshutdown2.o)
    0x00000142   0x00000142   0x00000000   Code   RO          357    .ARM.Collect$$libshutdown$$00000004  c_p.l(libshutdown2.o)
    0x00000142   0x00000142   0x00000000   Code   RO          360    .ARM.Collect$$libshutdown$$00000007  c_p.l(libshutdown2.o)
    0x00000142   0x00000142   0x00000000   Code   RO          363    .ARM.Collect$$libshutdown$$0000000A  c_p.l(libshutdown2.o)
    0x00000142   0x00000142   0x00000000   Code   RO          365    .ARM.Collect$$libshutdown$$0000000C  c_p.l(libshutdown2.o)
    0x00000142   0x00000142   0x00000000   Code   RO          368    .ARM.Collect$$libshutdown$$0000000F  c_p.l(libshutdown2.o)
    0x00000142   0x00000142   0x00000002   Code   RO          369    .ARM.Collect$$libshutdown$$00000010  c_p.l(libshutdown2.o)
    0x00000144   0x00000144   0x00000000   Code   RO          199    .ARM.Collect$$rtentry$$00000000  c_p.l(__rtentry.o)
    0x00000144   0x00000144   0x00000000   Code   RO          205    .ARM.Collect$$rtentry$$00000002  c_p.l(__rtentry2.o)
    0x00000144   0x00000144   0x00000006   Code   RO          217    .ARM.Collect$$rtentry$$00000004  c_p.l(__rtentry4.o)
    0x0000014a   0x0000014a   0x00000000   Code   RO          207    .ARM.Collect$$rtentry$$00000009  c_p.l(__rtentry2.o)
    0x0000014a   0x0000014a   0x00000004   Code   RO          208    .ARM.Collect$$rtentry$$0000000A  c_p.l(__rtentry2.o)
    0x0000014e   0x0000014e   0x00000000   Code   RO          210    .ARM.Collect$$rtentry$$0000000C  c_p.l(__rtentry2.o)
    0x0000014e   0x0000014e   0x00000008   Code   RO          211    .ARM.Collect$$rtentry$$0000000D  c_p.l(__rtentry2.o)
    0x00000156   0x00000156   0x00000002   Code   RO          240    .ARM.Collect$$rtexit$$00000000  c_p.l(rtexit.o)
    0x00000158   0x00000158   0x00000000   Code   RO          298    .ARM.Collect$$rtexit$$00000002  c_p.l(rtexit2.o)
    0x00000158   0x00000158   0x00000004   Code   RO          299    .ARM.Collect$$rtexit$$00000003  c_p.l(rtexit2.o)
    0x0000015c   0x0000015c   0x00000006   Code   RO          300    .ARM.Collect$$rtexit$$00000004  c_p.l(rtexit2.o)
    0x00000162   0x00000162   0x00000002   PAD
    0x00000164   0x00000164   0x00000040   Code   RO          169  * .text               startup_mkl25z4.o
    0x000001a4   0x000001a4   0x0000016c   Code   RO          191    .text               c_p.l(aeabi_sdiv.o)
    0x00000310   0x00000310   0x00000006   Code   RO          195    .text               c_p.l(heapauxi.o)
    0x00000316   0x00000316   0x0000003e   Code   RO          221    .text               c_p.l(sys_stackheap_outer.o)
    0x00000354   0x00000354   0x00000010   Code   RO          224    .text               c_p.l(exit.o)
    0x00000364   0x00000364   0x00000008   Code   RO          236    .text               c_p.l(libspace.o)
    0x0000036c   0x0000036c   0x0000000c   Code   RO          293    .text               c_p.l(sys_exit.o)
    0x00000378   0x00000378   0x00000002   Code   RO          316    .text               c_p.l(use_no_semi.o)
    0x0000037a   0x0000037a   0x00000000   Code   RO          318    .text               c_p.l(indicate_semi.o)
    0x0000037a   0x0000037a   0x00000002   PAD
    0x0000037c   0x0000037c   0x00000020   Code   RO           17    .text.Control_IR_LED  ir.o
    0x0000039c   0x0000039c   0x00000028   Code   RO           62    .text.Delay         delay.o
    0x000003c4   0x000003c4   0x00000026   Code   RO           25    .text.Delay_us      ir.o
    0x000003ea   0x000003ea   0x00000002   PAD
    0x000003ec   0x000003ec   0x0000000c   Code   RO          178    .text.SystemInit    system_mkl25z4.o
    0x000003f8   0x000003f8   0x00000008   PAD
    0x00000400   0x00000400   0x00000010   Code   RO          168    .ARM.__at_0x400     startup_mkl25z4.o
    0x00000410   0x00000410   0x0000006c   Code   RO           99    .text.Control_RGB_LEDs  leds.o
    0x0000047c   0x0000047c   0x00000050   Code   RO           23    .text.Display_Range  ir.o
    0x000004cc   0x000004cc   0x00000028   Code   RO           15    .text.Init_ADC      ir.o
    0x000004f4   0x000004f4   0x00000030   Code   RO           19    .text.Init_IR_LED   ir.o
    0x00000524   0x00000524   0x00000070   Code   RO           97    .text.Init_RGB_LEDs  leds.o
    0x00000594   0x00000594   0x00000038   Code   RO           21    .text.Measure_IR    ir.o
    0x000005cc   0x000005cc   0x00000084   Code   RO           48    .text.PIT_IRQHandler  timers.o
    0x00000650   0x00000650   0x0000004e   Code   RO          116    .text.Q_Dequeue     queue.o
    0x0000069e   0x0000069e   0x00000014   Code   RO          108    .text.Q_Empty       queue.o
    0x000006b2   0x000006b2   0x0000004a   Code   RO          114    .text.Q_Enqueue     queue.o
    0x000006fc   0x000006fc   0x0000001a   Code   RO          110    .text.Q_Full        queue.o
    0x00000716   0x00000716   0x00000002   PAD
    0x00000718   0x00000718   0x000000a0   Code   RO          145    .text.UART1_IRQHandler  uart.o
    0x000007b8   0x000007b8   0x000000ac   Code   RO          147    .text.UART2_IRQHandler  uart.o
    0x00000864   0x00000864   0x00000028   Code   RO           40    .text.__NVIC_ClearPendingIRQ  timers.o
    0x0000088c   0x0000088c   0x0000002c   Code   RO          131    .text.__NVIC_ClearPendingIRQ  uart.o
    0x000008b8   0x000008b8   0x000000b0   Code   RO            2    .text.main          main.o
    0x00000968   0x00000968   0x00000048   Data   RO           28    .rodata.Colors      ir.o
    0x000009b0   0x000009b0   0x00000020   Data   RO          371    Region$$Table       anon$$obj.o


    Execution Region ER_RW (Exec base: 0x1ffff000, Load base: 0x000009d0, Size: 0x00000018, Max: 0xffffffff, ABSOLUTE)

    Exec Addr    Load Addr    Size         Type   Attr      Idx    E Section Name        Object

    0x1ffff000   0x000009d0   0x00000018   Data   RW           27    .data.Threshold     ir.o


    Execution Region ER_ZI (Exec base: 0x1ffff018, Load base: 0x000009e8, Size: 0x000003a0, Max: 0xffffffff, ABSOLUTE)

    Exec Addr    Load Addr    Size         Type   Attr      Idx    E Section Name        Object

    0x1ffff018        -       0x00000060   Zero   RW          237    .bss                c_p.l(libspace.o)
    0x1ffff078        -       0x00000001   Zero   RW          155    .bss.CR_received    uart.o
    0x1ffff079   0x000009e8   0x00000003   PAD
    0x1ffff07c        -       0x00000004   Zero   RW           51    .bss.IR_brightness  timers.o
    0x1ffff080        -       0x00000004   Zero   RW           54    .bss.IR_diff        timers.o
    0x1ffff084        -       0x00000004   Zero   RW           53    .bss.IR_led_state   timers.o
    0x1ffff088        -       0x0000010c   Zero   RW          157    .bss.RxQ            uart.o
    0x1ffff194        -       0x0000010c   Zero   RW          156    .bss.TxQ            uart.o
    0x1ffff2a0        -       0x00000004   Zero   RW            6    .bss.main.avg_diff  main.o
    0x1ffff2a4        -       0x00000004   Zero   RW            7    .bss.main.diff      main.o
    0x1ffff2a8        -       0x00000004   Zero   RW            5    .bss.main.off_brightness  main.o
    0x1ffff2ac        -       0x00000004   Zero   RW            4    .bss.main.on_brightness  main.o
    0x1ffff2b0        -       0x00000004   Zero   RW           52    .bss.n_IR_samples   timers.o
    0x1ffff2b4   0x000009e8   0x00000004   PAD
    0x1ffff2b8        -       0x00000000   Zero   RW          166    HEAP                startup_mkl25z4.o
    0x1ffff2b8        -       0x00000100   Zero   RW          165    STACK               startup_mkl25z4.o


==============================================================================

Image component sizes


      Code (inc. data)   RO Data    RW Data    ZI Data      Debug   Object Name

        40          4          0          0          0        599   delay.o
       294         36         72         24          0       3146   ir.o
       220         44          0          0          0       2062   leds.o
       176         20          0          0         16        679   main.o
       198          0          0          0          0       1572   queue.o
        80         44        192          0        256        940   startup_mkl25z4.o
        12          4          0          0          0       2598   system_mkl25z4.o
       172         24          0          0         16       4266   timers.o
       376         40          0          0        537       6474   uart.o

    ----------------------------------------------------------------------
      1580        224        296         24        832      22336   Object Totals
         0          0         32          0          0          0   (incl. Generated)
        12          8          0          0          7          0   (incl. Padding)

    ----------------------------------------------------------------------

      Code (inc. data)   RO Data    RW Data    ZI Data      Debug   Library Member Name

         8          0          0          0          0         68   __main.o
         0          0          0          0          0          0   __rtentry.o
        12          0          0          0          0          0   __rtentry2.o
         6          0          0          0          0          0   __rtentry4.o
        60          8          0          0          0          0   __scatter.o
        26          0          0          0          0          0   __scatter_copy.o
        28          0          0          0          0          0   __scatter_zi.o
       364          4          0          0          0         92   aeabi_sdiv.o
        16          0          0          0          0         68   exit.o
         6          0          0          0          0        136   heapauxi.o
         0          0          0          0          0          0   indicate_semi.o
         2          0          0          0          0          0   libinit.o
         2          0          0          0          0          0   libinit2.o
         2          0          0          0          0          0   libshutdown.o
         2          0          0          0          0          0   libshutdown2.o
         8          4          0          0         96         68   libspace.o
         2          0          0          0          0          0   rtexit.o
        10          0          0          0          0          0   rtexit2.o
        12          4          0          0          0         60   sys_exit.o
        62          0          0          0          0         80   sys_stackheap_outer.o
         2          0          0          0          0         68   use_no_semi.o

    ----------------------------------------------------------------------
       636         20          0          0         96        640   Library Totals
         6          0          0          0          0          0   (incl. Padding)

    ----------------------------------------------------------------------

      Code (inc. data)   RO Data    RW Data    ZI Data      Debug   Library Name

       630         20          0          0         96        640   c_p.l

    ----------------------------------------------------------------------
       636         20          0          0         96        640   Library Totals

    ----------------------------------------------------------------------

==============================================================================


      Code (inc. data)   RO Data    RW Data    ZI Data      Debug   

      2216        244        296         24        928      22692   Grand Totals
      2216        244        296         24        928      22692   ELF Image Totals
      2216        244        296         24          0          0   ROM Totals

==============================================================================

    Total RO  Size (Code + RO Data)                 2512 (   2.45kB)
    Total RW  Size (RW Data + ZI Data)               952 (   0.93kB)
    Total ROM Size (Code + RO Data + RW Data)       2536 (   2.48kB)

==============================================================================

