<html>
<body>
<pre>
<h1>µVision Build Log</h1>
<h2>Tool Versions:</h2>
IDE-Version: µVision V5.36.0.0
Copyright (C) 2021 ARM Ltd and ARM Germany GmbH. All rights reserved.
License Information: Zach Porter, Carleton University, LIC=----
 
Tool Versions:
Toolchain:       MDK-Lite  Version: 5.36.0.0
Toolchain Path:  C:\Keil_v5\ARM\ARMCC\Bin
C Compiler:      Armcc.exe V5.06 update 7 (build 960)
Assembler:       Armasm.exe V5.06 update 7 (build 960)
Linker/Locator:  ArmLink.exe V5.06 update 7 (build 960)
Library Manager: ArmAr.exe V5.06 update 7 (build 960)
Hex Converter:   FromElf.exe V5.06 update 7 (build 960)
CPU DLL:         SARMCM3.DLL V5.36.0.0
Dialog DLL:      DARMCM1.DLL V1.19.4.0
Target DLL:      PEMicro\Pemicro_ArmCortexInterface.dll V1.3.0.0
Dialog DLL:      TARMCM1.DLL V1.14.4.0
 
<h2>Project:</h2>
C:\Users\zaporter\Documents\_School\4th-Year\Capstone\ClockSolution\ClockSolution\BasicUI.uvproj
Project File Date:  12/01/2021

<h2>Output:</h2>
*** Using Compiler 'V5.06 update 7 (build 960)', folder: 'C:\Keil_v5\ARM\ARMCC\Bin'
Rebuild target 'KL25Z Flash'
assembling startup_MKL25Z4.s...
compiling LCD_4bit.c...
compiling delay.c...
compiling system_MKL25Z4.c...
compiling main.c...
.\inc\ultrasonic.h(19): warning:  #1295-D: Deprecated declaration Init_Ultrasonic - give arg types
  void Init_Ultrasonic();
src\main.c: 1 warning, 0 errors
compiling LEDs.c...
compiling timers.c...
.\inc\ultrasonic.h(19): warning:  #1295-D: Deprecated declaration Init_Ultrasonic - give arg types
  void Init_Ultrasonic();
src\timers.c(56): warning:  #177-D: variable "LCD_update_delay"  was declared but never referenced
  	static unsigned LCD_update_delay = LCD_UPDATE_PERIOD;
src\timers.c: 2 warnings, 0 errors
compiling ultrasonic.c...
.\inc\ultrasonic.h(19): warning:  #1295-D: Deprecated declaration Init_Ultrasonic - give arg types
  void Init_Ultrasonic();
src\ultrasonic.c(51): warning:  #1-D: last line of file ends without a newline
  }
src\ultrasonic.c: 2 warnings, 0 errors
linking...
Program Size: Code=4228 RO-data=224 RW-data=48 ZI-data=1024  
".\obj\BasicUI.axf" - 0 Error(s), 5 Warning(s).
Build Time Elapsed:  00:00:02
</pre>
</body>
</html>
