<html>
<body>
<pre>
<h1>µVision Build Log</h1>
<h2>Tool Versions:</h2>
IDE-Version: µVision V5.35.0.0
Copyright (C) 2021 ARM Ltd and ARM Germany GmbH. All rights reserved.
License Information: Nick Coutts, Carleton, LIC=----
 
Tool Versions:
Toolchain:       MDK-Lite  Version: 5.35.0.2
Toolchain Path:  C:\Keil_v5\ARM\ARMCC\Bin
C Compiler:      Armcc.exe V5.06 update 7 (build 960)
Assembler:       Armasm.exe V5.06 update 7 (build 960)
Linker/Locator:  ArmLink.exe V5.06 update 7 (build 960)
Library Manager: ArmAr.exe V5.06 update 7 (build 960)
Hex Converter:   FromElf.exe V5.06 update 7 (build 960)
CPU DLL:         SARMCM3.DLL V5.35.0.2
Dialog DLL:      DARMCM1.DLL V1.19.4.0
Target DLL:      PEMicro\Pemicro_ArmCortexInterface.dll V1.3.0.0
Dialog DLL:      TARMCM1.DLL V1.14.4.0
 
<h2>Project:</h2>
D:\Users\Nick\Documents\4th year stuff\4th year proj\Integration\SYSC4907-Integration\Integration\Ultrasonic\BasicUI.uvproj
Project File Date:  02/17/2022

<h2>Output:</h2>
*** Using Compiler 'V5.06 update 7 (build 960)', folder: 'C:\Keil_v5\ARM\ARMCC\Bin'
Rebuild Project 'BasicUI' - Target 'KL25Z Flash'
assembling startup_MKL25Z4.s...
compiling system_MKL25Z4.c...
compiling LCD_4bit.c...
D:\Users\Nick\Documents\4th year stuff\4th year proj\Integration\SYSC4907-Integration\Integration\Common\inc\delay.h(6): warning:  #1-D: last line of file ends without a newline
  #endif
..\Common\src\LCD_4bit.c: 1 warning, 0 errors
compiling delay.c...
D:\Users\Nick\Documents\4th year stuff\4th year proj\Integration\SYSC4907-Integration\Integration\Common\inc\delay.h(6): warning:  #1-D: last line of file ends without a newline
  #endif
..\Common\src\delay.c: 1 warning, 0 errors
compiling ultrasonic.c...
D:\Users\Nick\Documents\4th year stuff\4th year proj\Integration\SYSC4907-Integration\Integration\Ultrasonic\inc\ultrasonic.h(19): warning:  #1295-D: Deprecated declaration Init_Ultrasonic - give arg types
  void Init_Ultrasonic();
D:\Users\Nick\Documents\4th year stuff\4th year proj\Integration\SYSC4907-Integration\Integration\Ultrasonic\src\ultrasonic.c(56): warning:  #1-D: last line of file ends without a newline
  }
src\ultrasonic.c: 2 warnings, 0 errors
compiling main.c...
D:\Users\Nick\Documents\4th year stuff\4th year proj\Integration\SYSC4907-Integration\Integration\Common\inc\delay.h(6): warning:  #1-D: last line of file ends without a newline
  #endif
D:\Users\Nick\Documents\4th year stuff\4th year proj\Integration\SYSC4907-Integration\Integration\Ultrasonic\inc\ultrasonic.h(19): warning:  #1295-D: Deprecated declaration Init_Ultrasonic - give arg types
  void Init_Ultrasonic();
D:\Users\Nick\Documents\4th year stuff\4th year proj\Integration\SYSC4907-Integration\Integration\Common\inc\uart.h(90): warning:  #1-D: last line of file ends without a newline
  #endif
src\main.c: 3 warnings, 0 errors
compiling timers.c...
D:\Users\Nick\Documents\4th year stuff\4th year proj\Integration\SYSC4907-Integration\Integration\Common\inc\delay.h(6): warning:  #1-D: last line of file ends without a newline
  #endif
D:\Users\Nick\Documents\4th year stuff\4th year proj\Integration\SYSC4907-Integration\Integration\Ultrasonic\inc\ultrasonic.h(19): warning:  #1295-D: Deprecated declaration Init_Ultrasonic - give arg types
  void Init_Ultrasonic();
D:\Users\Nick\Documents\4th year stuff\4th year proj\Integration\SYSC4907-Integration\Integration\Ultrasonic\src\timers.c(66): warning:  #177-D: variable "LCD_update_delay"  was declared but never referenced
  	static unsigned LCD_update_delay = LCD_UPDATE_PERIOD;
src\timers.c: 3 warnings, 0 errors
compiling LEDs.c...
compiling queue.c...
compiling uart.c...
D:\Users\Nick\Documents\4th year stuff\4th year proj\Integration\SYSC4907-Integration\Integration\Common\inc\uart.h(90): warning:  #1-D: last line of file ends without a newline
  #endif
D:\Users\Nick\Documents\4th year stuff\4th year proj\Integration\SYSC4907-Integration\Integration\Common\src\uart.c(88): warning:  #188-D: enumerated type mixed with another type
  	NVIC_SetPriority(p_cfg->nvic_irq, priority); // 0, 64, 128 or 192
D:\Users\Nick\Documents\4th year stuff\4th year proj\Integration\SYSC4907-Integration\Integration\Common\src\uart.c(89): warning:  #188-D: enumerated type mixed with another type
  	NVIC_ClearPendingIRQ(p_cfg->nvic_irq); 
D:\Users\Nick\Documents\4th year stuff\4th year proj\Integration\SYSC4907-Integration\Integration\Common\src\uart.c(90): warning:  #188-D: enumerated type mixed with another type
  	NVIC_EnableIRQ(p_cfg->nvic_irq);
..\Common\src\uart.c: 4 warnings, 0 errors
linking...
Program Size: Code=5512 RO-data=224 RW-data=112 ZI-data=2096  
".\obj\BasicUI.axf" - 0 Error(s), 14 Warning(s).
Build Time Elapsed:  00:00:01
</pre>
</body>
</html>
