<html>
<body>
<pre>
<h1>µVision Build Log</h1>
<h2>Tool Versions:</h2>
IDE-Version: µVision V5.35.0.0
Copyright (C) 2021 ARM Ltd and ARM Germany GmbH. All rights reserved.
License Information: Erdem Yanikomeroglu, Carleton University, LIC=----
 
Tool Versions:
Toolchain:       MDK-Lite  Version: 5.35.0.2
Toolchain Path:  C:\Keil_v5\ARM\ARMCC\Bin
C Compiler:      Armcc.exe V5.06 update 7 (build 960)
Assembler:       Armasm.exe V5.06 update 7 (build 960)
Linker/Locator:  ArmLink.exe V5.06 update 7 (build 960)
Library Manager: ArmAr.exe V5.06 update 7 (build 960)
Hex Converter:   FromElf.exe V5.06 update 7 (build 960)
CPU DLL:         SARMCM3.DLL V5.35.0.2
Dialog DLL:      DARMCM1.DLL V1.19.4.0
Target DLL:      PEMicro\Pemicro_ArmCortexInterface.dll V1.3.0.0
Dialog DLL:      TARMCM1.DLL V1.14.4.0
 
<h2>Project:</h2>
D:\Skool\fourthyear\winter2022\SYSC4907\integrationv1\SYSC4907-Integration\Integration\Ultrasonic\BasicUI.uvproj
Project File Date:  02/03/2022

<h2>Output:</h2>
*** Using Compiler 'V5.06 update 7 (build 960)', folder: 'C:\Keil_v5\ARM\ARMCC\Bin'
Build Project 'BasicUI' - Target 'KL25Z Flash'
compiling system_MKL25Z4.c...
compiling timers.c...
D:\Skool\fourthyear\winter2022\SYSC4907\integrationv1\SYSC4907-Integration\Integration\Common\inc\delay.h(6): warning:  #1-D: last line of file ends without a newline
  #endif
D:\Skool\fourthyear\winter2022\SYSC4907\integrationv1\SYSC4907-Integration\Integration\Ultrasonic\inc\ultrasonic.h(19): warning:  #1295-D: Deprecated declaration Init_Ultrasonic - give arg types
  void Init_Ultrasonic();
src\timers.c: 2 warnings, 0 errors
compiling main.c...
D:\Skool\fourthyear\winter2022\SYSC4907\integrationv1\SYSC4907-Integration\Integration\Common\inc\delay.h(6): warning:  #1-D: last line of file ends without a newline
  #endif
D:\Skool\fourthyear\winter2022\SYSC4907\integrationv1\SYSC4907-Integration\Integration\Ultrasonic\inc\ultrasonic.h(19): warning:  #1295-D: Deprecated declaration Init_Ultrasonic - give arg types
  void Init_Ultrasonic();
D:\Skool\fourthyear\winter2022\SYSC4907\integrationv1\SYSC4907-Integration\Integration\Ultrasonic\src\main.c(31): warning:  #167-D: argument of type "volatile uart_transceiver_t *" is incompatible with parameter of type "uart_transceiver_t *"
  	Init_UART1(UART_BAUDRATE, sizeof(uint16_t), &uart1_transceiver);
D:\Skool\fourthyear\winter2022\SYSC4907\integrationv1\SYSC4907-Integration\Integration\Ultrasonic\src\main.c(51): warning:  #167-D: argument of type "volatile uart_transceiver_t *" is incompatible with parameter of type "uart_transceiver_t *"
  		send_data(&uart1_transceiver, &avg_diff);
D:\Skool\fourthyear\winter2022\SYSC4907\integrationv1\SYSC4907-Integration\Integration\Ultrasonic\src\main.c(26): warning:  #177-D: variable "on_brightness"  was declared but never referenced
  	static unsigned on_brightness = 0, off_brightness = 0;
D:\Skool\fourthyear\winter2022\SYSC4907\integrationv1\SYSC4907-Integration\Integration\Ultrasonic\src\main.c(26): warning:  #177-D: variable "off_brightness"  was declared but never referenced
  	static unsigned on_brightness = 0, off_brightness = 0;
D:\Skool\fourthyear\winter2022\SYSC4907\integrationv1\SYSC4907-Integration\Integration\Ultrasonic\src\main.c(28): warning:  #177-D: variable "diff"  was declared but never referenced
  	static int diff;
D:\Skool\fourthyear\winter2022\SYSC4907\integrationv1\SYSC4907-Integration\Integration\Ultrasonic\src\main.c(29): warning:  #177-D: variable "n"  was declared but never referenced
  	unsigned n;
src\main.c: 8 warnings, 0 errors
compiling LCD_4bit.c...
D:\Skool\fourthyear\winter2022\SYSC4907\integrationv1\SYSC4907-Integration\Integration\Common\inc\delay.h(6): warning:  #1-D: last line of file ends without a newline
  #endif
..\Common\src\LCD_4bit.c: 1 warning, 0 errors
compiling delay.c...
D:\Skool\fourthyear\winter2022\SYSC4907\integrationv1\SYSC4907-Integration\Integration\Common\inc\delay.h(6): warning:  #1-D: last line of file ends without a newline
  #endif
..\Common\src\delay.c: 1 warning, 0 errors
compiling ultrasonic.c...
D:\Skool\fourthyear\winter2022\SYSC4907\integrationv1\SYSC4907-Integration\Integration\Ultrasonic\inc\ultrasonic.h(19): warning:  #1295-D: Deprecated declaration Init_Ultrasonic - give arg types
  void Init_Ultrasonic();
D:\Skool\fourthyear\winter2022\SYSC4907\integrationv1\SYSC4907-Integration\Integration\Ultrasonic\src\ultrasonic.c(51): warning:  #1-D: last line of file ends without a newline
  }
src\ultrasonic.c: 2 warnings, 0 errors
linking...
Program Size: Code=3452 RO-data=224 RW-data=52 ZI-data=2644  
".\obj\BasicUI.axf" - 0 Error(s), 14 Warning(s).
Build Time Elapsed:  00:00:01
</pre>
</body>
</html>
