<html>
<body>
<pre>
<h1>µVision Build Log</h1>
<h2>Tool Versions:</h2>
IDE-Version: µVision V5.35.0.0
Copyright (C) 2021 ARM Ltd and ARM Germany GmbH. All rights reserved.
License Information: Rafid Dewan, Carleton University, LIC=----
 
Tool Versions:
Toolchain:       MDK-Lite  Version: 5.35.0.2
Toolchain Path:  C:\Keil_v5\ARM\ARMCC\Bin
C Compiler:      Armcc.exe V5.06 update 7 (build 960)
Assembler:       Armasm.exe V5.06 update 7 (build 960)
Linker/Locator:  ArmLink.exe V5.06 update 7 (build 960)
Library Manager: ArmAr.exe V5.06 update 7 (build 960)
Hex Converter:   FromElf.exe V5.06 update 7 (build 960)
CPU DLL:         SARMCM3.DLL V5.35.0.2
Dialog DLL:      DARMCM1.DLL V1.19.4.0
Target DLL:      PEMicro\Pemicro_ArmCortexInterface.dll V1.3.0.0
Dialog DLL:      TARMCM1.DLL V1.14.4.0
 
<h2>Project:</h2>
C:\Users\rafid\Documents\ClockSolution\BasicUI.uvproj
Project File Date:  02/22/2022

<h2>Output:</h2>
*** Using Compiler 'V5.06 update 7 (build 960)', folder: 'C:\Keil_v5\ARM\ARMCC\Bin'
Rebuild target 'KL25Z Flash'
assembling startup_MKL25Z4.s...
compiling delay.c...
compiling LEDs.c...
compiling main.c...
src\main.c(38): warning:  #550-D: variable "measuredDistance"  was set but never used
  	float measuredDistance[NUM_SENSORS];
src\main.c: 1 warning, 0 errors
compiling LCD_4bit.c...
compiling system_MKL25Z4.c...
compiling timers.c...
src\timers.c(160): warning:  #1-D: last line of file ends without a newline
  // *******************************ARM University Program Copyright © ARM Ltd 2013*************************************   
src\timers.c: 1 warning, 0 errors
compiling queue.c...
src\queue.c(49): warning:  #1-D: last line of file ends without a newline
  // *******************************ARM University Program Copyright © ARM Ltd 2013************************************* 
src\queue.c: 1 warning, 0 errors
compiling ultrasonic.c...
.\inc\ultrasonic.h(19): warning:  #1295-D: Deprecated declaration Init_Ultrasonic - give arg types
  void Init_Ultrasonic();
src\ultrasonic.c: 1 warning, 0 errors
compiling ultrasonic_array.c...
linking...
Program Size: Code=4200 RO-data=224 RW-data=496 ZI-data=1024  
".\obj\BasicUI.axf" - 0 Error(s), 4 Warning(s).
Build Time Elapsed:  00:00:02
</pre>
</body>
</html>
