<html>
<body>
<pre>
<h1>µVision Build Log</h1>
<h2>Tool Versions:</h2>
IDE-Version: µVision V5.35.0.0
Copyright (C) 2021 ARM Ltd and ARM Germany GmbH. All rights reserved.
License Information: Erdem Yanikomeroglu, Carleton University, LIC=----
 
Tool Versions:
Toolchain:       MDK-Lite  Version: 5.35.0.2
Toolchain Path:  C:\Keil_v5\ARM\ARMCLANG\Bin
C Compiler:      ArmClang.exe V6.16
Assembler:       Armasm.exe V6.16
Linker/Locator:  ArmLink.exe V6.16
Library Manager: ArmAr.exe V6.16
Hex Converter:   FromElf.exe V6.16
CPU DLL:         SARMCM3.DLL V5.35.0.2
Dialog DLL:      DARMCM1.DLL V1.19.4.0
Target DLL:      PEMicro\Pemicro_ArmCortexInterface.dll V1.3.0.0
Dialog DLL:      TARMCM1.DLL V1.14.4.0
 
<h2>Project:</h2>
D:\Skool\fourthyear\winter2022\SYSC4907\integrationv1\SYSC4907-Integration\Integration\Steering\Steering.uvprojx
Project File Date:  02/03/2022

<h2>Output:</h2>
*** Using Compiler 'V6.16', folder: 'C:\Keil_v5\ARM\ARMCLANG\Bin'
Rebuild Project 'Steering' - Target 'Steering'
compiling LCD_4bit.c...
compiling delay.c...
compiling queue.c...
compiling LEDs.c...
D:\Skool\fourthyear\winter2022\SYSC4907\integrationv1\SYSC4907-Integration\Integration\Steering\src\main.c(27): warning: passing 'volatile uart_transceiver_t *' to parameter of type 'uart_transceiver_t *' discards qualifiers [-Wincompatible-pointer-types-discards-qualifiers]
        Init_UART1(UART_BAUDRATE, sizeof(uint16_t), &uart1_transceiver);
                                                    ^~~~~~~~~~~~~~~~~~
D:\Skool\fourthyear\winter2022\SYSC4907\integrationv1\SYSC4907-Integration\Integration\Common\inc\uart.h(27): note: passing argument to parameter 'transceiver' here
void Init_UART1(uint32_t baud_rate, size_t data_bytes, uart_transceiver_t *transceiver);
                                                                           ^
D:\Skool\fourthyear\winter2022\SYSC4907\integrationv1\SYSC4907-Integration\Integration\Steering\src\main.c(46): warning: passing 'volatile uart_transceiver_t *' to parameter of type 'uart_transceiver_t *' discards qualifiers [-Wincompatible-pointer-types-discards-qualifiers]
                        i = (uint16_t)get_data(&uart1_transceiver);
                                               ^~~~~~~~~~~~~~~~~~
D:\Skool\fourthyear\winter2022\SYSC4907\integrationv1\SYSC4907-Integration\Integration\Common\inc\uart.h(40): note: passing argument to parameter 'transeiver' here
uint32_t get_data(uart_transceiver_t* transeiver);
                                      ^
2 warnings generated.
compiling main.c...
compiling timers.c...
D:\Skool\fourthyear\winter2022\SYSC4907\integrationv1\SYSC4907-Integration\Integration\Common\src\uart.c(127): warning: passing 'volatile Q_T *' to parameter of type 'Q_T *' discards qualifiers [-Wincompatible-pointer-types-discards-qualifiers]
  Q_Init(&transceiver->TxQ);
         ^~~~~~~~~~~~~~~~~
D:\Skool\fourthyear\winter2022\SYSC4907\integrationv1\SYSC4907-Integration\Integration\Common\inc\queue.h(21): note: passing argument to parameter 'q' here
extern void Q_Init(Q_T * q);
                         ^
D:\Skool\fourthyear\winter2022\SYSC4907\integrationv1\SYSC4907-Integration\Integration\Common\src\uart.c(128): warning: passing 'volatile Q_T *' to parameter of type 'Q_T *' discards qualifiers [-Wincompatible-pointer-types-discards-qualifiers]
        Q_Init(&transceiver->RxQ);
               ^~~~~~~~~~~~~~~~~
D:\Skool\fourthyear\winter2022\SYSC4907\integrationv1\SYSC4907-Integration\Integration\Common\inc\queue.h(21): note: passing argument to parameter 'q' here
extern void Q_Init(Q_T * q);
                         ^
D:\Skool\fourthyear\winter2022\SYSC4907\integrationv1\SYSC4907-Integration\Integration\Common\src\uart.c(170): warning: passing 'volatile Q_T *' to parameter of type 'Q_T *' discards qualifiers [-Wincompatible-pointer-types-discards-qualifiers]
        Q_Init(&transceiver->TxQ);
               ^~~~~~~~~~~~~~~~~
D:\Skool\fourthyear\winter2022\SYSC4907\integrationv1\SYSC4907-Integration\Integration\Common\inc\queue.h(21): note: passing argument to parameter 'q' here
extern void Q_Init(Q_T * q);
                         ^
D:\Skool\fourthyear\winter2022\SYSC4907\integrationv1\SYSC4907-Integration\Integration\Common\src\uart.c(171): warning: passing 'volatile Q_T *' to parameter of type 'Q_T *' discards qualifiers [-Wincompatible-pointer-types-discards-qualifiers]
        Q_Init(&transceiver->RxQ);
               ^~~~~~~~~~~~~~~~~
D:\Skool\fourthyear\winter2022\SYSC4907\integrationv1\SYSC4907-Integration\Integration\Common\inc\queue.h(21): note: passing argument to parameter 'q' here
extern void Q_Init(Q_T * q);
                         ^
D:\Skool\fourthyear\winter2022\SYSC4907\integrationv1\SYSC4907-Integration\Integration\Common\src\uart.c(204): warning: passing 'volatile Q_T *' to parameter of type 'Q_T *' discards qualifiers [-Wincompatible-pointer-types-discards-qualifiers]
                if (!Q_Empty(&uart1_transceiver.TxQ)) {
                             ^~~~~~~~~~~~~~~~~~~~~~
D:\Skool\fourthyear\winter2022\SYSC4907\integrationv1\SYSC4907-Integration\Integration\Common\inc\queue.h(17): note: passing argument to parameter 'q' here
extern int Q_Empty(Q_T * q);
                         ^
D:\Skool\fourthyear\winter2022\SYSC4907\integrationv1\SYSC4907-Integration\Integration\Common\src\uart.c(205): warning: passing 'volatile Q_T *' to parameter of type 'Q_T *' discards qualifiers [-Wincompatible-pointer-types-discards-qualifiers]
                        UART1->D = Q_Dequeue(&uart1_transceiver.TxQ);
                                             ^~~~~~~~~~~~~~~~~~~~~~
D:\Skool\fourthyear\winter2022\SYSC4907\integrationv1\SYSC4907-Integration\Integration\Common\inc\queue.h(20): note: passing argument to parameter 'q' here
extern uint8_t Q_Dequeue(Q_T * q);
                               ^
D:\Skool\fourthyear\winter2022\SYSC4907\integrationv1\SYSC4907-Integration\Integration\Common\src\uart.c(213): warning: passing 'volatile Q_T *' to parameter of type 'Q_T *' discards qualifiers [-Wincompatible-pointer-types-discards-qualifiers]
                if (!Q_Full(&uart1_transceiver.RxQ)) {
                            ^~~~~~~~~~~~~~~~~~~~~~
D:\Skool\fourthyear\winter2022\SYSC4907\integrationv1\SYSC4907-Integration\Integration\Common\inc\queue.h(18): note: passing argument to parameter 'q' here
extern int Q_Full(Q_T * q);
                        ^
D:\Skool\fourthyear\winter2022\SYSC4907\integrationv1\SYSC4907-Integration\Integration\Common\src\uart.c(215): warning: passing 'volatile Q_T *' to parameter of type 'Q_T *' discards qualifiers [-Wincompatible-pointer-types-discards-qualifiers]
                        Q_Enqueue(&uart1_transceiver.RxQ, c);
                                  ^~~~~~~~~~~~~~~~~~~~~~
D:\Skool\fourthyear\winter2022\SYSC4907\integrationv1\SYSC4907-Integration\Integration\Common\inc\queue.h(19): note: passing argument to parameter 'q' here
extern int Q_Enqueue(Q_T * q, uint8_t d);
                           ^
D:\Skool\fourthyear\winter2022\SYSC4907\integrationv1\SYSC4907-Integration\Integration\Common\src\uart.c(241): warning: passing 'volatile Q_T *' to parameter of type 'Q_T *' discards qualifiers [-Wincompatible-pointer-types-discards-qualifiers]
                if (!Q_Empty(&uart2_transceiver.TxQ)) {
                             ^~~~~~~~~~~~~~~~~~~~~~
D:\Skool\fourthyear\winter2022\SYSC4907\integrationv1\SYSC4907-Integration\Integration\Common\inc\queue.h(17): note: passing argument to parameter 'q' here
extern int Q_Empty(Q_T * q);
                         ^
D:\Skool\fourthyear\winter2022\SYSC4907\integrationv1\SYSC4907-Integration\Integration\Common\src\uart.c(242): warning: passing 'volatile Q_T *' to parameter of type 'Q_T *' discards qualifiers [-Wincompatible-pointer-types-discards-qualifiers]
                        UART2->D = Q_Dequeue(&uart2_transceiver.TxQ);
                                             ^~~~~~~~~~~~~~~~~~~~~~
D:\Skool\fourthyear\winter2022\SYSC4907\integrationv1\SYSC4907-Integration\Integration\Common\inc\queue.h(20): note: passing argument to parameter 'q' here
extern uint8_t Q_Dequeue(Q_T * q);
                               ^
D:\Skool\fourthyear\winter2022\SYSC4907\integrationv1\SYSC4907-Integration\Integration\Common\src\uart.c(250): warning: passing 'volatile Q_T *' to parameter of type 'Q_T *' discards qualifiers [-Wincompatible-pointer-types-discards-qualifiers]
                if (!Q_Full(&uart2_transceiver.RxQ)) {
                            ^~~~~~~~~~~~~~~~~~~~~~
D:\Skool\fourthyear\winter2022\SYSC4907\integrationv1\SYSC4907-Integration\Integration\Common\inc\queue.h(18): note: passing argument to parameter 'q' here
extern int Q_Full(Q_T * q);
                        ^
D:\Skool\fourthyear\winter2022\SYSC4907\integrationv1\SYSC4907-Integration\Integration\Common\src\uart.c(252): warning: passing 'volatile Q_T *' to parameter of type 'Q_T *' discards qualifiers [-Wincompatible-pointer-types-discards-qualifiers]
                        Q_Enqueue(&uart2_transceiver.RxQ, c);
                                  ^~~~~~~~~~~~~~~~~~~~~~
D:\Skool\fourthyear\winter2022\SYSC4907\integrationv1\SYSC4907-Integration\Integration\Common\inc\queue.h(19): note: passing argument to parameter 'q' here
extern int Q_Enqueue(Q_T * q, uint8_t d);
                           ^
D:\Skool\fourthyear\winter2022\SYSC4907\integrationv1\SYSC4907-Integration\Integration\Common\src\uart.c(289): warning: passing 'volatile Q_T *' to parameter of type 'Q_T *' discards qualifiers [-Wincompatible-pointer-types-discards-qualifiers]
                while(Q_Full(&transceiver->TxQ));
                             ^~~~~~~~~~~~~~~~~
D:\Skool\fourthyear\winter2022\SYSC4907\integrationv1\SYSC4907-Integration\Integration\Common\inc\queue.h(18): note: passing argument to parameter 'q' here
extern int Q_Full(Q_T * q);
                        ^
D:\Skool\fourthyear\winter2022\SYSC4907\integrationv1\SYSC4907-Integration\Integration\Common\src\uart.c(291): warning: passing 'volatile Q_T *' to parameter of type 'Q_T *' discards qualifiers [-Wincompatible-pointer-types-discards-qualifiers]
                Q_Enqueue(&transceiver->TxQ, (uint8_t)(transmit_data >> 8*byte_idx));
                          ^~~~~~~~~~~~~~~~~
D:\Skool\fourthyear\winter2022\SYSC4907\integrationv1\SYSC4907-Integration\Integration\Common\inc\queue.h(19): note: passing argument to parameter 'q' here
extern int Q_Enqueue(Q_T * q, uint8_t d);
                           ^
D:\Skool\fourthyear\winter2022\SYSC4907\integrationv1\SYSC4907-Integration\Integration\Common\src\uart.c(311): warning: passing 'volatile Q_T *' to parameter of type 'Q_T *' discards qualifiers [-Wincompatible-pointer-types-discards-qualifiers]
                while (Q_Empty(&transceiver->RxQ));
                               ^~~~~~~~~~~~~~~~~
D:\Skool\fourthyear\winter2022\SYSC4907\integrationv1\SYSC4907-Integration\Integration\Common\inc\queue.h(17): note: passing argument to parameter 'q' here
extern int Q_Empty(Q_T * q);
                         ^
D:\Skool\fourthyear\winter2022\SYSC4907\integrationv1\SYSC4907-Integration\Integration\Common\src\uart.c(314): warning: passing 'volatile Q_T *' to parameter of type 'Q_T *' discards qualifiers [-Wincompatible-pointer-types-discards-qualifiers]
                uint8_t byte = Q_Dequeue(&transceiver->RxQ);
                                         ^~~~~~~~~~~~~~~~~
D:\Skool\fourthyear\winter2022\SYSC4907\integrationv1\SYSC4907-Integration\Integration\Common\inc\queue.h(20): note: passing argument to parameter 'q' here
extern uint8_t Q_Dequeue(Q_T * q);
                               ^
16 warnings generated.
compiling uart.c...
compiling system_MKL25Z4.c...
assembling startup_MKL25Z4.s...
linking...
Program Size: Code=2936 RO-data=208 RW-data=0 ZI-data=1704  
".\Objects\Steering.axf" - 0 Error(s), 18 Warning(s).

<h2>Software Packages used:</h2>

Package Vendor: ARM
                http://www.keil.com/pack/ARM.CMSIS.5.8.0.pack
                ARM.CMSIS.5.8.0
                CMSIS (Common Microcontroller Software Interface Standard)
   * Component: CORE Version: 5.5.0

Package Vendor: Keil
                http://www.keil.com/pack/Keil.Kinetis_KLxx_DFP.1.15.0.pack
                Keil.Kinetis_KLxx_DFP.1.15.0
                NXP Kinetis KLxx Series Device Support and Examples
   * Component: Startup Version: 2.5.0

<h2>Collection of Component include folders:</h2>
  .\RTE\Device\MKL25Z128xxx4
  .\RTE\_Steering
  C:\Users\Erdem\AppData\Local\Arm\Packs\ARM\CMSIS\5.8.0\CMSIS\Core\Include
  C:\Users\Erdem\AppData\Local\Arm\Packs\Keil\Kinetis_KLxx_DFP\1.15.0\Device\Include

<h2>Collection of Component Files used:</h2>

   * Component: ARM::CMSIS:CORE:5.5.0

   * Component: Keil::Device:Startup:2.5.0
      Source file:   Device\Source\system_MKL25Z4.c
      Source file:   Device\Source\ARM\startup_MKL25Z4.s
      Include file:  Device\Source\system_MKL25Z4.h
Build Time Elapsed:  00:00:01
</pre>
</body>
</html>
