<html>
<body>
<pre>
<h1>µVision Build Log</h1>
<h2>Tool Versions:</h2>
IDE-Version: µVision V5.35.0.0
Copyright (C) 2021 ARM Ltd and ARM Germany GmbH. All rights reserved.
License Information: Nick Coutts, Carleton, LIC=----
 
Tool Versions:
Toolchain:       MDK-Lite  Version: 5.35.0.2
Toolchain Path:  C:\Keil_v5\ARM\ARMCLANG\Bin
C Compiler:      ArmClang.exe V6.16
Assembler:       Armasm.exe V6.16
Linker/Locator:  ArmLink.exe V6.16
Library Manager: ArmAr.exe V6.16
Hex Converter:   FromElf.exe V6.16
CPU DLL:         SARMCM3.DLL V5.35.0.2
Dialog DLL:      DARMCM1.DLL V1.19.4.0
Target DLL:      PEMicro\Pemicro_ArmCortexInterface.dll V1.3.0.0
Dialog DLL:      TARMCM1.DLL V1.14.4.0
 
<h2>Project:</h2>
D:\Users\Nick\Documents\4th year stuff\4th year proj\Integration\SYSC4907-Integration\Integration\Testing\testing.uvprojx
Project File Date:  03/18/2022

<h2>Output:</h2>
*** Using Compiler 'V6.16', folder: 'C:\Keil_v5\ARM\ARMCLANG\Bin'
Rebuild target 'Target 1'
assembling startup_MKL25Z4.s...
src/main.c(3): warning: non-portable path to file '<MKL25Z4.h>'; specified path differs in case from file name on disk [-Wnonportable-include-path]
#include <MKL25Z4.H>
         ^~~~~~~~~~~
         <MKL25Z4.h>
src/main.c(6): warning: In file included from...
../Common/inc\GPIO_defs.h(21): warning: this function declaration is not a prototype [-Wstrict-prototypes]
void Init_GPIO();
              ^
               void
../Common/inc\GPIO_defs.h(22): warning: this function declaration is not a prototype [-Wstrict-prototypes]
int check_ultrasonic_low();
                        ^
                         void
src/main.c(8): warning: In file included from...
../Common/inc\delay.h(6): warning: no newline at end of file [-Wnewline-eof]
#endif
      ^
src/main.c(9): warning: In file included from...
../Common/inc\lcd_4bit.h(1): warning: non-portable path to file '<MKL25Z4.h>'; specified path differs in case from file name on disk [-Wnonportable-include-path]
#include <MKL25Z4.H>
         ^~~~~~~~~~~
         <MKL25Z4.h>
5 warnings generated.
compiling main.c...
../Common/src/delay.c(2): warning: In file included from...
../Common/inc\delay.h(6): warning: no newline at end of file [-Wnewline-eof]
#endif
      ^
1 warning generated.
compiling delay.c...
compiling timers.c...
../Common/src/LEDs.c(1): warning: non-portable path to file '<MKL25Z4.h>'; specified path differs in case from file name on disk [-Wnonportable-include-path]
#include <MKL25Z4.H>
         ^~~~~~~~~~~
         <MKL25Z4.h>
../Common/src/LEDs.c(3): warning: non-portable path to file '"GPIO_defs.h"'; specified path differs in case from file name on disk [-Wnonportable-include-path]
#include "gpio_defs.h"
         ^~~~~~~~~~~~~
         "GPIO_defs.h"
../Common/src/LEDs.c(3): warning: In file included from...
../Common/inc\gpio_defs.h(21): warning: this function declaration is not a prototype [-Wstrict-prototypes]
void Init_GPIO();
              ^
               void
../Common/inc\gpio_defs.h(22): warning: this function declaration is not a prototype [-Wstrict-prototypes]
int check_ultrasonic_low();
                        ^
                         void
../Common/src/LEDs.c(7): warning: empty expression statement has no effect; remove unnecessary ';' to silence this warning [-Wextra-semi-stmt]
        SIM->SCGC5 |= SIM_SCGC5_PORTB_MASK | SIM_SCGC5_PORTD_MASK;;
                                                                  ^
5 warnings generated.
compiling LEDs.c...
compiling system_MKL25Z4.c...
src/motor.c(67): warning: no newline at end of file [-Wnewline-eof]
}
 ^
1 warning generated.
compiling motor.c...
linking...
Program Size: Code=464 RO-data=576 RW-data=0 ZI-data=352  
".\Objects\testing.axf" - 0 Error(s), 12 Warning(s).

<h2>Software Packages used:</h2>

Package Vendor: ARM
                http://www.keil.com/pack/ARM.CMSIS.5.8.0.pack
                ARM.CMSIS.5.8.0
                CMSIS (Common Microcontroller Software Interface Standard)
   * Component: CORE Version: 5.5.0

Package Vendor: Keil
                http://www.keil.com/pack/Keil.Kinetis_KLxx_DFP.1.15.0.pack
                Keil.Kinetis_KLxx_DFP.1.15.0
                NXP Kinetis KLxx Series Device Support and Examples
   * Component: Startup Version: 2.5.0

<h2>Collection of Component include folders:</h2>
  .\RTE\Device\MKL25Z128xxx4
  .\RTE\_Target_1
  C:\Users\Nick\AppData\Local\Arm\Packs\ARM\CMSIS\5.8.0\CMSIS\Core\Include
  C:\Users\Nick\AppData\Local\Arm\Packs\Keil\Kinetis_KLxx_DFP\1.15.0\Device\Include

<h2>Collection of Component Files used:</h2>

   * Component: ARM::CMSIS:CORE:5.5.0

   * Component: Keil::Device:Startup:2.5.0
      Source file:   Device\Source\system_MKL25Z4.c
      Include file:  Device\Source\system_MKL25Z4.h
      Source file:   Device\Source\ARM\startup_MKL25Z4.s
Build Time Elapsed:  00:00:01
</pre>
</body>
</html>
