Component: ARM Compiler 6.16 Tool: armlink [5dfeaa00]

==============================================================================

Section Cross References

    main.o(.text.main) refers to uart.o(.text.__uart_init) for __uart_init
    main.o(.text.main) refers to sprintf.o(.text) for sprintf
    main.o(.text.main) refers to uart.o(.text.__uart_send) for __uart_send
    main.o(.text.main) refers to delay.o(.text.Delay) for Delay
    main.o(.text.main) refers to uart.o(.data.uart1_cfg) for uart1_cfg
    main.o(.text.main) refers to uart.o(.bss.uart1_txQ) for uart1_txQ
    main.o(.text.main) refers to uart.o(.bss.uart1_rxQ) for uart1_rxQ
    main.o(.text.main) refers to main.o(.rodata.str1.1) for [Anonymous Symbol]
    main.o(.ARM.exidx.text.main) refers to main.o(.text.main) for [Anonymous Symbol]
    delay.o(.ARM.exidx.text.Delay) refers to delay.o(.text.Delay) for [Anonymous Symbol]
    queue.o(.ARM.exidx.text.Q_Empty) refers to queue.o(.text.Q_Empty) for [Anonymous Symbol]
    queue.o(.ARM.exidx.text.Q_Full) refers to queue.o(.text.Q_Full) for [Anonymous Symbol]
    queue.o(.ARM.exidx.text.Q_Size) refers to queue.o(.text.Q_Size) for [Anonymous Symbol]
    queue.o(.text.Q_Enqueue) refers to queue.o(.text.Q_Full) for Q_Full
    queue.o(.ARM.exidx.text.Q_Enqueue) refers to queue.o(.text.Q_Enqueue) for [Anonymous Symbol]
    queue.o(.text.Q_Dequeue) refers to queue.o(.text.Q_Empty) for Q_Empty
    queue.o(.ARM.exidx.text.Q_Dequeue) refers to queue.o(.text.Q_Dequeue) for [Anonymous Symbol]
    queue.o(.ARM.exidx.text.Q_Init) refers to queue.o(.text.Q_Init) for [Anonymous Symbol]
    uart.o(.text.__uart_init) refers to queue.o(.text.Q_Init) for Q_Init
    uart.o(.text.__uart_init) refers to aeabi_sdiv.o(.text) for __aeabi_uidiv
    uart.o(.text.__uart_init) refers to uart.o(.text.__NVIC_SetPriority) for __NVIC_SetPriority
    uart.o(.text.__uart_init) refers to uart.o(.text.__NVIC_ClearPendingIRQ) for __NVIC_ClearPendingIRQ
    uart.o(.text.__uart_init) refers to uart.o(.text.__NVIC_EnableIRQ) for __NVIC_EnableIRQ
    uart.o(.ARM.exidx.text.__uart_init) refers to uart.o(.text.__uart_init) for [Anonymous Symbol]
    uart.o(.ARM.exidx.text.__NVIC_SetPriority) refers to uart.o(.text.__NVIC_SetPriority) for [Anonymous Symbol]
    uart.o(.ARM.exidx.text.__NVIC_ClearPendingIRQ) refers to uart.o(.text.__NVIC_ClearPendingIRQ) for [Anonymous Symbol]
    uart.o(.ARM.exidx.text.__NVIC_EnableIRQ) refers to uart.o(.text.__NVIC_EnableIRQ) for [Anonymous Symbol]
    uart.o(.text.__uart_send) refers to queue.o(.text.Q_Full) for Q_Full
    uart.o(.text.__uart_send) refers to queue.o(.text.Q_Enqueue) for Q_Enqueue
    uart.o(.ARM.exidx.text.__uart_send) refers to uart.o(.text.__uart_send) for [Anonymous Symbol]
    uart.o(.text.__uart_read) refers to queue.o(.text.Q_Dequeue) for Q_Dequeue
    uart.o(.text.__uart_read) refers to queue.o(.text.Q_Empty) for Q_Empty
    uart.o(.ARM.exidx.text.__uart_read) refers to uart.o(.text.__uart_read) for [Anonymous Symbol]
    uart.o(.text.UART1_IRQHandler) refers to uart.o(.text.__NVIC_ClearPendingIRQ) for __NVIC_ClearPendingIRQ
    uart.o(.text.UART1_IRQHandler) refers to queue.o(.text.Q_Empty) for Q_Empty
    uart.o(.text.UART1_IRQHandler) refers to queue.o(.text.Q_Dequeue) for Q_Dequeue
    uart.o(.text.UART1_IRQHandler) refers to queue.o(.text.Q_Full) for Q_Full
    uart.o(.text.UART1_IRQHandler) refers to queue.o(.text.Q_Enqueue) for Q_Enqueue
    uart.o(.text.UART1_IRQHandler) refers to uart.o(.bss.uart1_txQ) for uart1_txQ
    uart.o(.text.UART1_IRQHandler) refers to uart.o(.bss.uart1_rxQ) for uart1_rxQ
    uart.o(.ARM.exidx.text.UART1_IRQHandler) refers to uart.o(.text.UART1_IRQHandler) for [Anonymous Symbol]
    uart.o(.text.UART2_IRQHandler) refers to uart.o(.text.__NVIC_ClearPendingIRQ) for __NVIC_ClearPendingIRQ
    uart.o(.text.UART2_IRQHandler) refers to queue.o(.text.Q_Empty) for Q_Empty
    uart.o(.text.UART2_IRQHandler) refers to queue.o(.text.Q_Dequeue) for Q_Dequeue
    uart.o(.text.UART2_IRQHandler) refers to queue.o(.text.Q_Full) for Q_Full
    uart.o(.text.UART2_IRQHandler) refers to queue.o(.text.Q_Enqueue) for Q_Enqueue
    uart.o(.text.UART2_IRQHandler) refers to uart.o(.bss.uart2_txQ) for uart2_txQ
    uart.o(.text.UART2_IRQHandler) refers to uart.o(.bss.uart2_rxQ) for uart2_rxQ
    uart.o(.ARM.exidx.text.UART2_IRQHandler) refers to uart.o(.text.UART2_IRQHandler) for [Anonymous Symbol]
    startup_mkl25z4.o(STACK) refers (Special) to heapauxi.o(.text) for __use_two_region_memory
    startup_mkl25z4.o(HEAP) refers (Special) to heapauxi.o(.text) for __use_two_region_memory
    startup_mkl25z4.o(RESET) refers (Special) to heapauxi.o(.text) for __use_two_region_memory
    startup_mkl25z4.o(RESET) refers to startup_mkl25z4.o(STACK) for __initial_sp
    startup_mkl25z4.o(RESET) refers to startup_mkl25z4.o(.text) for Reset_Handler
    startup_mkl25z4.o(RESET) refers to uart.o(.text.UART1_IRQHandler) for UART1_IRQHandler
[...]
    rtexit2.o(.ARM.exidx) refers to rtexit2.o(.ARM.Collect$$rtexit$$00000001) for .ARM.Collect$$rtexit$$00000001
    rtexit2.o(.ARM.exidx) refers to rtexit2.o(.ARM.Collect$$rtexit$$00000003) for .ARM.Collect$$rtexit$$00000003
    rtexit2.o(.ARM.exidx) refers to rtexit2.o(.ARM.Collect$$rtexit$$00000004) for .ARM.Collect$$rtexit$$00000004
    __raise.o(.text) refers to defsig.o(CL$$defsig) for __default_signal_handler
    defsig_general.o(.text) refers to sys_wrch.o(.text) for _ttywrch
    sys_wrch.o(.text) refers (Special) to use_no_semi.o(.text) for __I$use$semihosting
    sys_wrch.o(.text) refers (Special) to indicate_semi.o(.text) for __semihosting_library_function
    sys_wrch_hlt.o(.text) refers (Special) to use_no_semi.o(.text) for __I$use$semihosting
    sys_wrch_hlt.o(.text) refers (Special) to indicate_semi.o(.text) for __semihosting_library_function
    defsig.o(CL$$defsig) refers to defsig_fpe_inner.o(.text) for __rt_SIGFPE_inner
    defsig.o(CL$$defsig) refers to defsig_rtmem_inner.o(.text) for __rt_SIGRTMEM_inner
    _get_argv_nomalloc.o(.text) refers (Special) to hrguard.o(.text) for __heap_region$guard
    _get_argv_nomalloc.o(.text) refers to defsig_rtmem_outer.o(.text) for __rt_SIGRTMEM
    _get_argv_nomalloc.o(.text) refers to sys_command.o(.text) for _sys_command_string
    libshutdown.o(.ARM.Collect$$libshutdown$$00000000) refers (Special) to libshutdown2.o(.ARM.Collect$$libshutdown$$00000002) for __rt_lib_shutdown_cpp_1
    libshutdown.o(.ARM.Collect$$libshutdown$$00000000) refers (Special) to libshutdown2.o(.ARM.Collect$$libshutdown$$00000007) for __rt_lib_shutdown_fp_trap_1
    libshutdown.o(.ARM.Collect$$libshutdown$$00000000) refers (Special) to libshutdown2.o(.ARM.Collect$$libshutdown$$0000000F) for __rt_lib_shutdown_heap_1
    libshutdown.o(.ARM.Collect$$libshutdown$$00000000) refers (Special) to libshutdown2.o(.ARM.Collect$$libshutdown$$00000010) for __rt_lib_shutdown_return
    libshutdown.o(.ARM.Collect$$libshutdown$$00000000) refers (Special) to libshutdown2.o(.ARM.Collect$$libshutdown$$0000000A) for __rt_lib_shutdown_signal_1
    libshutdown.o(.ARM.Collect$$libshutdown$$00000000) refers (Special) to libshutdown2.o(.ARM.Collect$$libshutdown$$00000004) for __rt_lib_shutdown_stdio_1
    libshutdown.o(.ARM.Collect$$libshutdown$$00000000) refers (Special) to libshutdown2.o(.ARM.Collect$$libshutdown$$0000000C) for __rt_lib_shutdown_user_alloc_1
    sys_command.o(.text) refers (Special) to use_no_semi.o(.text) for __I$use$semihosting
    sys_command.o(.text) refers (Special) to indicate_semi.o(.text) for __semihosting_library_function
    sys_command_hlt.o(.text) refers (Special) to use_no_semi.o(.text) for __I$use$semihosting
    sys_command_hlt.o(.text) refers (Special) to indicate_semi.o(.text) for __semihosting_library_function
    defsig_abrt_inner.o(.text) refers to defsig_general.o(.text) for __default_signal_display
    defsig_rtred_inner.o(.text) refers to defsig_general.o(.text) for __default_signal_display
    defsig_rtmem_inner.o(.text) refers to defsig_general.o(.text) for __default_signal_display
    defsig_rtmem_outer.o(.text) refers to defsig_rtmem_inner.o(.text) for __rt_SIGRTMEM_inner
    defsig_rtmem_outer.o(.text) refers to defsig_exit.o(.text) for __sig_exit
    defsig_rtmem_formal.o(.text) refers to rt_raise.o(.text) for __rt_raise
    defsig_stak_inner.o(.text) refers to defsig_general.o(.text) for __default_signal_display
    defsig_pvfn_inner.o(.text) refers to defsig_general.o(.text) for __default_signal_display
    defsig_cppl_inner.o(.text) refers to defsig_general.o(.text) for __default_signal_display
    defsig_segv_inner.o(.text) refers to defsig_general.o(.text) for __default_signal_display
    defsig_other.o(.text) refers to defsig_general.o(.text) for __default_signal_display


==============================================================================

Removing Unused input sections from the image.

    Removing main.o(.text), (0 bytes).
    Removing main.o(.ARM.exidx.text.main), (8 bytes).
    Removing main.o(.ARM.use_no_argv), (4 bytes).
    Removing system_mkl25z4.o(.text), (0 bytes).
    Removing system_mkl25z4.o(.ARM.exidx.text.SystemInit), (8 bytes).
    Removing system_mkl25z4.o(.text.SystemCoreClockUpdate), (556 bytes).
    Removing system_mkl25z4.o(.ARM.exidx.text.SystemCoreClockUpdate), (8 bytes).
    Removing system_mkl25z4.o(.data.SystemCoreClock), (4 bytes).

8 unused section(s) (total 588 bytes) removed from the image.

==============================================================================

Image Symbol Table

    Local Symbols

    Symbol Name                              Value     Ov Type        Size  Object(Section)

    ../clib/angel/boardlib.s                 0x00000000   Number         0  boardinit1.o ABSOLUTE
    ../clib/angel/boardlib.s                 0x00000000   Number         0  boardinit2.o ABSOLUTE
    ../clib/angel/boardlib.s                 0x00000000   Number         0  boardinit3.o ABSOLUTE
    ../clib/angel/boardlib.s                 0x00000000   Number         0  boardshut.o ABSOLUTE
    ../clib/angel/handlers.s                 0x00000000   Number         0  __scatter_copy.o ABSOLUTE
    ../clib/angel/handlers.s                 0x00000000   Number         0  __scatter_zi.o ABSOLUTE
    ../clib/angel/kernel.s                   0x00000000   Number         0  __rtentry.o ABSOLUTE
    ../clib/angel/kernel.s                   0x00000000   Number         0  __rtentry2.o ABSOLUTE
    ../clib/angel/kernel.s                   0x00000000   Number         0  __rtentry4.o ABSOLUTE
    ../clib/angel/kernel.s                   0x00000000   Number         0  rtexit.o ABSOLUTE
    ../clib/angel/kernel.s                   0x00000000   Number         0  rtexit2.o ABSOLUTE
    ../clib/angel/rt.s                       0x00000000   Number         0  aeabi_idiv0.o ABSOLUTE
    ../clib/angel/rt.s                       0x00000000   Number         0  aeabi_idiv0_sigfpe.o ABSOLUTE
    ../clib/angel/rt.s                       0x00000000   Number         0  rt_div0.o ABSOLUTE
    ../clib/angel/rt.s                       0x00000000   Number         0  rt_ctype_table.o ABSOLUTE
    ../clib/angel/rt.s                       0x00000000   Number         0  rt_locale.o ABSOLUTE
    ../clib/angel/rt.s                       0x00000000   Number         0  rt_locale_intlibspace.o ABSOLUTE
    ../clib/angel/rt.s                       0x00000000   Number         0  rt_raise.o ABSOLUTE
    ../clib/angel/scatterp.s                 0x00000000   Number         0  __scatter.o ABSOLUTE
    ../clib/angel/startup.s                  0x00000000   Number         0  __main.o ABSOLUTE
    ../clib/angel/sys.s                      0x00000000   Number         0  sys_stackheap_outer.o ABSOLUTE
    ../clib/angel/sys.s                      0x00000000   Number         0  libspace.o ABSOLUTE
    ../clib/angel/sys.s                      0x00000000   Number         0  tempstk.o ABSOLUTE
    ../clib/angel/sys.s                      0x00000000   Number         0  use_no_semi.o ABSOLUTE
    ../clib/angel/sys.s                      0x00000000   Number         0  indicate_semi.o ABSOLUTE
    ../clib/angel/sysapp.c                   0x00000000   Number         0  sys_exit.o ABSOLUTE
    ../clib/angel/sysapp.c                   0x00000000   Number         0  sys_exit_hlt.o ABSOLUTE
    ../clib/angel/sysapp.c                   0x00000000   Number         0  sys_wrch.o ABSOLUTE
    ../clib/angel/sysapp.c                   0x00000000   Number         0  sys_wrch_hlt.o ABSOLUTE
    ../clib/angel/sysapp.c                   0x00000000   Number         0  sys_command.o ABSOLUTE
    ../clib/angel/sysapp.c                   0x00000000   Number         0  sys_command_hlt.o ABSOLUTE
    ../clib/armsys.c                         0x00000000   Number         0  argv_veneer.o ABSOLUTE
    ../clib/armsys.c                         0x00000000   Number         0  _get_argv_nomalloc.o ABSOLUTE
    ../clib/armsys.c                         0x00000000   Number         0  no_argv.o ABSOLUTE
    ../clib/bigflt.c                         0x00000000   Number         0  bigflt0.o ABSOLUTE
    ../clib/btod.c                           0x00000000   Number         0  btod.o ABSOLUTE
    ../clib/btod_accurate.c                  0x00000000   Number         0  btod_accurate.o ABSOLUTE
    ../clib/btod_accurate.c                  0x00000000   Number         0  btod_accurate_common.o ABSOLUTE
    ../clib/division.c                       0x00000000   Number         0  lludiv10.o ABSOLUTE
    ../clib/division.c                       0x00000000   Number         0  rtudiv10.o ABSOLUTE
    ../clib/division.s                       0x00000000   Number         0  aeabi_sdiv.o ABSOLUTE
    ../clib/division.s                       0x00000000   Number         0  aeabi_sdiv_div0.o ABSOLUTE
    ../clib/heapalloc.c                      0x00000000   Number         0  hrguard.o ABSOLUTE
    ../clib/heapaux.c                        0x00000000   Number         0  heapauxi.o ABSOLUTE
    ../clib/libinit.s                        0x00000000   Number         0  libinit.o ABSOLUTE
    ../clib/libinit.s                        0x00000000   Number         0  libinit2.o ABSOLUTE
    ../clib/libinit.s                        0x00000000   Number         0  libshutdown.o ABSOLUTE
    ../clib/libinit.s                        0x00000000   Number         0  libshutdown2.o ABSOLUTE
    ../clib/locale.c                         0x00000000   Number         0  _c16rtomb.o ABSOLUTE
    ../clib/locale.s                         0x00000000   Number         0  lc_numeric_c.o ABSOLUTE
    ../clib/locale.s                         0x00000000   Number         0  lc_ctype_c.o ABSOLUTE
    ../clib/longlong.c                       0x00000000   Number         0  llushr.o ABSOLUTE
    ../clib/misc.s                           0x00000000   Number         0  printf_stubs.o ABSOLUTE
    ../clib/printf.c                         0x00000000   Number         0  sprintf.o ABSOLUTE
    ../clib/printf.c                         0x00000000   Number         0  __printf.o ABSOLUTE
    ../clib/printf.c                         0x00000000   Number         0  _printf_pad.o ABSOLUTE
    ../clib/printf.c                         0x00000000   Number         0  _printf_truncate.o ABSOLUTE
    ../clib/printf.c                         0x00000000   Number         0  _printf_str.o ABSOLUTE
    ../clib/printf.c                         0x00000000   Number         0  _printf_dec.o ABSOLUTE
    ../clib/printf.c                         0x00000000   Number         0  _printf_charcount.o ABSOLUTE
    ../clib/printf.c                         0x00000000   Number         0  _printf_char_common.o ABSOLUTE
    ../clib/printf.c                         0x00000000   Number         0  _sputc.o ABSOLUTE
    ../clib/printf.c                         0x00000000   Number         0  _printf_wctomb.o ABSOLUTE
    ../clib/printf.c                         0x00000000   Number         0  _printf_longlong_dec.o ABSOLUTE
    ../clib/printf.c                         0x00000000   Number         0  _printf_oct_ll.o ABSOLUTE
    ../clib/printf.c                         0x00000000   Number         0  _printf_oct_int.o ABSOLUTE
    ../clib/printf.c                         0x00000000   Number         0  _printf_oct_int_ll.o ABSOLUTE
    ../clib/printf.c                         0x00000000   Number         0  _printf_hex_ll.o ABSOLUTE
    ../clib/printf.c                         0x00000000   Number         0  _printf_hex_int.o ABSOLUTE
    ../clib/printf.c                         0x00000000   Number         0  _printf_hex_int_ll.o ABSOLUTE
    ../clib/printf.c                         0x00000000   Number         0  _printf_hex_ptr.o ABSOLUTE
    ../clib/printf.c                         0x00000000   Number         0  _printf_hex_int_ptr.o ABSOLUTE
    ../clib/printf.c                         0x00000000   Number         0  _printf_hex_ll_ptr.o ABSOLUTE
    ../clib/printf.c                         0x00000000   Number         0  _printf_hex_int_ll_ptr.o ABSOLUTE
    ../clib/printf.c                         0x00000000   Number         0  __printf_flags.o ABSOLUTE
    ../clib/printf.c                         0x00000000   Number         0  __printf_ss.o ABSOLUTE
    ../clib/printf.c                         0x00000000   Number         0  __printf_flags_ss.o ABSOLUTE
    ../clib/printf.c                         0x00000000   Number         0  __printf_wp.o ABSOLUTE
    ../clib/printf.c                         0x00000000   Number         0  __printf_flags_wp.o ABSOLUTE
    ../clib/printf.c                         0x00000000   Number         0  __printf_ss_wp.o ABSOLUTE
    ../clib/printf.c                         0x00000000   Number         0  __printf_flags_ss_wp.o ABSOLUTE
    ../clib/printf.c                         0x00000000   Number         0  _printf_intcommon.o ABSOLUTE
    ../clib/printf.c                         0x00000000   Number         0  _printf_fp_dec.o ABSOLUTE
    ../clib/printf.c                         0x00000000   Number         0  _printf_fp_dec_accurate.o ABSOLUTE
    ../clib/printf.c                         0x00000000   Number         0  _printf_fp_hex.o ABSOLUTE
    ../clib/printf.c                         0x00000000   Number         0  __printf_nopercent.o ABSOLUTE
    ../clib/printf.c                         0x00000000   Number         0  _printf_char.o ABSOLUTE
    ../clib/printf.c                         0x00000000   Number         0  _printf_wchar.o ABSOLUTE
    ../clib/printf.c                         0x00000000   Number         0  _printf_fp_infnan.o ABSOLUTE
    ../clib/printf_percent.s                 0x00000000   Number         0  _printf_c.o ABSOLUTE
    ../clib/printf_percent.s                 0x00000000   Number         0  _printf_s.o ABSOLUTE
    ../clib/printf_percent.s                 0x00000000   Number         0  _printf_n.o ABSOLUTE
    ../clib/printf_percent.s                 0x00000000   Number         0  _printf_x.o ABSOLUTE
    ../clib/printf_percent.s                 0x00000000   Number         0  _printf_p.o ABSOLUTE
    ../clib/printf_percent.s                 0x00000000   Number         0  _printf_o.o ABSOLUTE
    ../clib/printf_percent.s                 0x00000000   Number         0  _printf_i.o ABSOLUTE
    ../clib/printf_percent.s                 0x00000000   Number         0  _printf_d.o ABSOLUTE
    ../clib/printf_percent.s                 0x00000000   Number         0  _printf_u.o ABSOLUTE
    ../clib/printf_percent.s                 0x00000000   Number         0  _printf_f.o ABSOLUTE
    ../clib/printf_percent.s                 0x00000000   Number         0  _printf_e.o ABSOLUTE
    ../clib/printf_percent.s                 0x00000000   Number         0  _printf_g.o ABSOLUTE
    ../clib/printf_percent.s                 0x00000000   Number         0  _printf_a.o ABSOLUTE
    ../clib/printf_percent.s                 0x00000000   Number         0  _printf_percent.o ABSOLUTE
    ../clib/printf_percent.s                 0x00000000   Number         0  _printf_lli.o ABSOLUTE
    ../clib/printf_percent.s                 0x00000000   Number         0  _printf_lld.o ABSOLUTE
    ../clib/printf_percent.s                 0x00000000   Number         0  _printf_llu.o ABSOLUTE
    ../clib/printf_percent.s                 0x00000000   Number         0  _printf_ll.o ABSOLUTE
    ../clib/printf_percent.s                 0x00000000   Number         0  _printf_l.o ABSOLUTE
    ../clib/printf_percent.s                 0x00000000   Number         0  _printf_lc.o ABSOLUTE
    ../clib/printf_percent.s                 0x00000000   Number         0  _printf_ls.o ABSOLUTE
    ../clib/printf_percent.s                 0x00000000   Number         0  _printf_llo.o ABSOLUTE
    ../clib/printf_percent.s                 0x00000000   Number         0  _printf_llx.o ABSOLUTE
    ../clib/printf_percent.s                 0x00000000   Number         0  _printf_percent_end.o ABSOLUTE
    ../clib/signal.c                         0x00000000   Number         0  defsig_fpe_outer.o ABSOLUTE
    ../clib/signal.c                         0x00000000   Number         0  defsig_fpe_formal.o ABSOLUTE
    ../clib/signal.c                         0x00000000   Number         0  defsig_exit.o ABSOLUTE
    ../clib/signal.c                         0x00000000   Number         0  defsig_fpe_inner.o ABSOLUTE
    ../clib/signal.c                         0x00000000   Number         0  __raise.o ABSOLUTE
    ../clib/signal.c                         0x00000000   Number         0  defsig_general.o ABSOLUTE
    ../clib/signal.c                         0x00000000   Number         0  defsig_abrt_inner.o ABSOLUTE
    ../clib/signal.c                         0x00000000   Number         0  defsig_rtred_inner.o ABSOLUTE
    ../clib/signal.c                         0x00000000   Number         0  defsig_rtmem_inner.o ABSOLUTE
    ../clib/signal.c                         0x00000000   Number         0  defsig_rtmem_outer.o ABSOLUTE
    ../clib/signal.c                         0x00000000   Number         0  defsig_rtmem_formal.o ABSOLUTE
    ../clib/signal.c                         0x00000000   Number         0  defsig_stak_inner.o ABSOLUTE
    ../clib/signal.c                         0x00000000   Number         0  defsig_pvfn_inner.o ABSOLUTE
    ../clib/signal.c                         0x00000000   Number         0  defsig_cppl_inner.o ABSOLUTE
    ../clib/signal.c                         0x00000000   Number         0  defsig_segv_inner.o ABSOLUTE
    ../clib/signal.c                         0x00000000   Number         0  defsig_other.o ABSOLUTE
    ../clib/signal.s                         0x00000000   Number         0  defsig.o ABSOLUTE
    ../clib/stdlib.c                         0x00000000   Number         0  exit.o ABSOLUTE
    ../clib/string.c                         0x00000000   Number         0  strcmp.o ABSOLUTE
    ../fplib/cfplib/fpinit.c                 0x00000000   Number         0  fpinit.o ABSOLUTE
    ../fplib/cfplib/ieee_status.c            0x00000000   Number         0  ieee_status.o ABSOLUTE
    ../fplib/printf1.s                       0x00000000   Number         0  printf1.o ABSOLUTE
    ../fplib/printf2.s                       0x00000000   Number         0  printf2.o ABSOLUTE
    ../fplib/printf2a.s                      0x00000000   Number         0  printf2a.o ABSOLUTE
    ../fplib/printf2b.s                      0x00000000   Number         0  printf2b.o ABSOLUTE
    ../fplib/usenofp.s                       0x00000000   Number         0  usenofp.o ABSOLUTE
    ../mathlib/fpclassify.c                  0x00000000   Number         0  fpclassify.o ABSOLUTE
    RTE/Device/MKL25Z128xxx4/startup_MKL25Z4.s 0x00000000   Number         0  startup_mkl25z4.o ABSOLUTE
    dc.s                                     0x00000000   Number         0  dc.o ABSOLUTE
    delay.c                                  0x00000000   Number         0  delay.o ABSOLUTE
    main.c                                   0x00000000   Number         0  main.o ABSOLUTE
    queue.c                                  0x00000000   Number         0  queue.o ABSOLUTE
    system_MKL25Z4.c                         0x00000000   Number         0  system_mkl25z4.o ABSOLUTE
    uart.c                                   0x00000000   Number         0  uart.o ABSOLUTE
    RESET                                    0x00000000   Section      192  startup_mkl25z4.o(RESET)
    !!!main                                  0x000000c0   Section        8  __main.o(!!!main)
    !!!scatter                               0x000000c8   Section       60  __scatter.o(!!!scatter)
    !!handler_copy                           0x00000104   Section       26  __scatter_copy.o(!!handler_copy)
    !!handler_zi                             0x00000120   Section       28  __scatter_zi.o(!!handler_zi)
    .ARM.Collect$$_printf_percent$$00000000  0x0000013c   Section        2  _printf_percent.o(.ARM.Collect$$_printf_percent$$00000000)
    .ARM.Collect$$_printf_percent$$00000001  0x0000013e   Section       10  _printf_n.o(.ARM.Collect$$_printf_percent$$00000001)
    .ARM.Collect$$_printf_percent$$00000002  0x00000148   Section       10  _printf_p.o(.ARM.Collect$$_printf_percent$$00000002)
    .ARM.Collect$$_printf_percent$$00000003  0x00000152   Section       10  _printf_f.o(.ARM.Collect$$_printf_percent$$00000003)
    .ARM.Collect$$_printf_percent$$00000004  0x0000015c   Section       10  _printf_e.o(.ARM.Collect$$_printf_percent$$00000004)
    .ARM.Collect$$_printf_percent$$00000005  0x00000166   Section       10  _printf_g.o(.ARM.Collect$$_printf_percent$$00000005)
    .ARM.Collect$$_printf_percent$$00000006  0x00000170   Section       10  _printf_a.o(.ARM.Collect$$_printf_percent$$00000006)
    .ARM.Collect$$_printf_percent$$00000007  0x0000017a   Section       10  _printf_ll.o(.ARM.Collect$$_printf_percent$$00000007)
    .ARM.Collect$$_printf_percent$$00000008  0x00000184   Section       10  _printf_i.o(.ARM.Collect$$_printf_percent$$00000008)
    .ARM.Collect$$_printf_percent$$00000009  0x0000018e   Section       10  _printf_d.o(.ARM.Collect$$_printf_percent$$00000009)
    .ARM.Collect$$_printf_percent$$0000000A  0x00000198   Section       10  _printf_u.o(.ARM.Collect$$_printf_percent$$0000000A)
    .ARM.Collect$$_printf_percent$$0000000B  0x000001a2   Section       10  _printf_o.o(.ARM.Collect$$_printf_percent$$0000000B)
    .ARM.Collect$$_printf_percent$$0000000C  0x000001ac   Section       10  _printf_x.o(.ARM.Collect$$_printf_percent$$0000000C)
    .ARM.Collect$$_printf_percent$$0000000D  0x000001b6   Section       10  _printf_lli.o(.ARM.Collect$$_printf_percent$$0000000D)
    .ARM.Collect$$_printf_percent$$0000000E  0x000001c0   Section       10  _printf_lld.o(.ARM.Collect$$_printf_percent$$0000000E)
    .ARM.Collect$$_printf_percent$$0000000F  0x000001ca   Section       10  _printf_llu.o(.ARM.Collect$$_printf_percent$$0000000F)
    .ARM.Collect$$_printf_percent$$00000010  0x000001d4   Section       10  _printf_llo.o(.ARM.Collect$$_printf_percent$$00000010)
    .ARM.Collect$$_printf_percent$$00000011  0x000001de   Section       10  _printf_llx.o(.ARM.Collect$$_printf_percent$$00000011)
    .ARM.Collect$$_printf_percent$$00000012  0x000001e8   Section       10  _printf_l.o(.ARM.Collect$$_printf_percent$$00000012)
    .ARM.Collect$$_printf_percent$$00000013  0x000001f2   Section       10  _printf_c.o(.ARM.Collect$$_printf_percent$$00000013)
    .ARM.Collect$$_printf_percent$$00000014  0x000001fc   Section       10  _printf_s.o(.ARM.Collect$$_printf_percent$$00000014)
    .ARM.Collect$$_printf_percent$$00000015  0x00000206   Section       10  _printf_lc.o(.ARM.Collect$$_printf_percent$$00000015)
    .ARM.Collect$$_printf_percent$$00000016  0x00000210   Section       10  _printf_ls.o(.ARM.Collect$$_printf_percent$$00000016)
    .ARM.Collect$$_printf_percent$$00000017  0x0000021a   Section        4  _printf_percent_end.o(.ARM.Collect$$_printf_percent$$00000017)
    .ARM.Collect$$libinit$$00000000          0x0000021e   Section        2  libinit.o(.ARM.Collect$$libinit$$00000000)
    .ARM.Collect$$libinit$$00000002          0x00000220   Section        0  libinit2.o(.ARM.Collect$$libinit$$00000002)
    .ARM.Collect$$libinit$$00000004          0x00000220   Section        0  libinit2.o(.ARM.Collect$$libinit$$00000004)
    .ARM.Collect$$libinit$$0000000A          0x00000220   Section        0  libinit2.o(.ARM.Collect$$libinit$$0000000A)
    .ARM.Collect$$libinit$$0000000C          0x00000220   Section        0  libinit2.o(.ARM.Collect$$libinit$$0000000C)
    .ARM.Collect$$libinit$$0000000E          0x00000220   Section        0  libinit2.o(.ARM.Collect$$libinit$$0000000E)
    .ARM.Collect$$libinit$$0000000F          0x00000220   Section        6  libinit2.o(.ARM.Collect$$libinit$$0000000F)
    .ARM.Collect$$libinit$$00000011          0x00000226   Section        0  libinit2.o(.ARM.Collect$$libinit$$00000011)
    .ARM.Collect$$libinit$$00000012          0x00000226   Section       12  libinit2.o(.ARM.Collect$$libinit$$00000012)
    .ARM.Collect$$libinit$$00000013          0x00000232   Section        0  libinit2.o(.ARM.Collect$$libinit$$00000013)
    .ARM.Collect$$libinit$$00000015          0x00000232   Section        0  libinit2.o(.ARM.Collect$$libinit$$00000015)
    .ARM.Collect$$libinit$$00000016          0x00000232   Section       10  libinit2.o(.ARM.Collect$$libinit$$00000016)
    .ARM.Collect$$libinit$$00000017          0x0000023c   Section        0  libinit2.o(.ARM.Collect$$libinit$$00000017)
    .ARM.Collect$$libinit$$00000019          0x0000023c   Section        0  libinit2.o(.ARM.Collect$$libinit$$00000019)
    .ARM.Collect$$libinit$$0000001B          0x0000023c   Section        0  libinit2.o(.ARM.Collect$$libinit$$0000001B)
    .ARM.Collect$$libinit$$0000001D          0x0000023c   Section        0  libinit2.o(.ARM.Collect$$libinit$$0000001D)
    .ARM.Collect$$libinit$$0000001F          0x0000023c   Section        0  libinit2.o(.ARM.Collect$$libinit$$0000001F)
    .ARM.Collect$$libinit$$00000021          0x0000023c   Section        0  libinit2.o(.ARM.Collect$$libinit$$00000021)
    .ARM.Collect$$libinit$$00000023          0x0000023c   Section        0  libinit2.o(.ARM.Collect$$libinit$$00000023)
    .ARM.Collect$$libinit$$00000025          0x0000023c   Section        0  libinit2.o(.ARM.Collect$$libinit$$00000025)
    .ARM.Collect$$libinit$$0000002C          0x0000023c   Section        0  libinit2.o(.ARM.Collect$$libinit$$0000002C)
    .ARM.Collect$$libinit$$0000002E          0x0000023c   Section        0  libinit2.o(.ARM.Collect$$libinit$$0000002E)
    .ARM.Collect$$libinit$$00000030          0x0000023c   Section        0  libinit2.o(.ARM.Collect$$libinit$$00000030)
    .ARM.Collect$$libinit$$00000032          0x0000023c   Section        0  libinit2.o(.ARM.Collect$$libinit$$00000032)
    .ARM.Collect$$libinit$$00000033          0x0000023c   Section        2  libinit2.o(.ARM.Collect$$libinit$$00000033)
    .ARM.Collect$$libshutdown$$00000000      0x0000023e   Section        2  libshutdown.o(.ARM.Collect$$libshutdown$$00000000)
    .ARM.Collect$$libshutdown$$00000002      0x00000240   Section        0  libshutdown2.o(.ARM.Collect$$libshutdown$$00000002)
    .ARM.Collect$$libshutdown$$00000004      0x00000240   Section        0  libshutdown2.o(.ARM.Collect$$libshutdown$$00000004)
    .ARM.Collect$$libshutdown$$00000007      0x00000240   Section        0  libshutdown2.o(.ARM.Collect$$libshutdown$$00000007)
    .ARM.Collect$$libshutdown$$0000000A      0x00000240   Section        0  libshutdown2.o(.ARM.Collect$$libshutdown$$0000000A)
    .ARM.Collect$$libshutdown$$0000000C      0x00000240   Section        0  libshutdown2.o(.ARM.Collect$$libshutdown$$0000000C)
    .ARM.Collect$$libshutdown$$0000000F      0x00000240   Section        0  libshutdown2.o(.ARM.Collect$$libshutdown$$0000000F)
    .ARM.Collect$$libshutdown$$00000010      0x00000240   Section        2  libshutdown2.o(.ARM.Collect$$libshutdown$$00000010)
    .ARM.Collect$$rtentry$$00000000          0x00000242   Section        0  __rtentry.o(.ARM.Collect$$rtentry$$00000000)
    .ARM.Collect$$rtentry$$00000002          0x00000242   Section        0  __rtentry2.o(.ARM.Collect$$rtentry$$00000002)
    .ARM.Collect$$rtentry$$00000004          0x00000242   Section        6  __rtentry4.o(.ARM.Collect$$rtentry$$00000004)
    .ARM.Collect$$rtentry$$00000009          0x00000248   Section        0  __rtentry2.o(.ARM.Collect$$rtentry$$00000009)
    .ARM.Collect$$rtentry$$0000000A          0x00000248   Section        4  __rtentry2.o(.ARM.Collect$$rtentry$$0000000A)
    .ARM.Collect$$rtentry$$0000000C          0x0000024c   Section        0  __rtentry2.o(.ARM.Collect$$rtentry$$0000000C)
    .ARM.Collect$$rtentry$$0000000D          0x0000024c   Section        8  __rtentry2.o(.ARM.Collect$$rtentry$$0000000D)
    .ARM.Collect$$rtexit$$00000000           0x00000254   Section        2  rtexit.o(.ARM.Collect$$rtexit$$00000000)
    .ARM.Collect$$rtexit$$00000002           0x00000256   Section        0  rtexit2.o(.ARM.Collect$$rtexit$$00000002)
    .ARM.Collect$$rtexit$$00000003           0x00000256   Section        4  rtexit2.o(.ARM.Collect$$rtexit$$00000003)
    .ARM.Collect$$rtexit$$00000004           0x0000025a   Section        6  rtexit2.o(.ARM.Collect$$rtexit$$00000004)
    .text                                    0x00000260   Section       64  startup_mkl25z4.o(.text)
    .text                                    0x000002a0   Section        0  sprintf.o(.text)
    .text                                    0x000002cc   Section        0  heapauxi.o(.text)
    .text                                    0x000002d2   Section        0  _printf_pad.o(.text)
    .text                                    0x00000320   Section        0  _printf_truncate.o(.text)
    .text                                    0x00000344   Section        0  _printf_str.o(.text)
    .text                                    0x00000396   Section        0  _printf_charcount.o(.text)
    _printf_input_char                       0x000003bd   Thumb Code    10  _printf_char_common.o(.text)
    .text                                    0x000003bc   Section        0  _printf_char_common.o(.text)
    .text                                    0x000003ec   Section        0  _sputc.o(.text)
    .text                                    0x000003f8   Section        8  rt_locale_intlibspace.o(.text)
    .ARM.__at_0x400                          0x00000400   Section       16  startup_mkl25z4.o(.ARM.__at_0x400)
    .text                                    0x00000410   Section      364  aeabi_sdiv.o(.text)
    .text                                    0x0000057c   Section        0  _printf_dec.o(.text)
    .text                                    0x000005e8   Section        0  _printf_wctomb.o(.text)
    .text                                    0x000006a4   Section        0  _printf_longlong_dec.o(.text)
    _printf_longlong_oct_internal            0x00000715   Thumb Code     0  _printf_oct_int_ll.o(.text)
    .text                                    0x00000714   Section        0  _printf_oct_int_ll.o(.text)
    _printf_hex_common                       0x00000785   Thumb Code     0  _printf_hex_int_ll_ptr.o(.text)
    .text                                    0x00000784   Section        0  _printf_hex_int_ll_ptr.o(.text)
    .text                                    0x0000081c   Section        0  __printf_flags_ss_wp.o(.text)
    .text                                    0x000009a4   Section        0  lludiv10.o(.text)
    .text                                    0x00000a1e   Section        0  _printf_intcommon.o(.text)
    _fp_digits                               0x00000ad1   Thumb Code   412  _printf_fp_dec.o(.text)
    .text                                    0x00000ad0   Section        0  _printf_fp_dec.o(.text)
    .text                                    0x00000ee4   Section        0  _printf_fp_hex.o(.text)
    .text                                    0x000011bc   Section        0  _printf_char.o(.text)
    .text                                    0x000011ea   Section        0  _printf_wchar.o(.text)
    .text                                    0x00001218   Section        0  _c16rtomb.o(.text)
    .text                                    0x0000125a   Section        0  rtudiv10.o(.text)
    .text                                    0x00001282   Section       62  sys_stackheap_outer.o(.text)
    .text                                    0x000012c0   Section       16  rt_ctype_table.o(.text)
    .text                                    0x000012d0   Section        0  _printf_fp_infnan.o(.text)
    .text                                    0x00001358   Section        0  bigflt0.o(.text)
    .text                                    0x00001430   Section        0  btod.o(.text)
    btod_internal_mul                        0x00001471   Thumb Code   492  btod.o(.text)
    btod_internal_div                        0x0000165d   Thumb Code   520  btod.o(.text)
    .text                                    0x000019b0   Section        0  exit.o(.text)
    .text                                    0x000019c0   Section        8  libspace.o(.text)
    .text                                    0x000019c8   Section        0  strcmp.o(.text)
    .text                                    0x00001a50   Section        0  sys_exit.o(.text)
    .text                                    0x00001a5c   Section        2  use_no_semi.o(.text)
    .text                                    0x00001a5e   Section        0  indicate_semi.o(.text)
    [Anonymous Symbol]                       0x00001a60   Section        0  delay.o(.text.Delay)
    __arm_cp.0_0                             0x00001a84   Number         4  delay.o(.text.Delay)
    [Anonymous Symbol]                       0x00001a88   Section        0  queue.o(.text.Q_Dequeue)
    [Anonymous Symbol]                       0x00001ad6   Section        0  queue.o(.text.Q_Empty)
    [Anonymous Symbol]                       0x00001aea   Section        0  queue.o(.text.Q_Enqueue)
    [Anonymous Symbol]                       0x00001b34   Section        0  queue.o(.text.Q_Full)
    [Anonymous Symbol]                       0x00001b4e   Section        0  queue.o(.text.Q_Init)
    [Anonymous Symbol]                       0x00001b90   Section        0  queue.o(.text.Q_Size)
    [Anonymous Symbol]                       0x00001ba0   Section        0  system_mkl25z4.o(.text.SystemInit)
    __arm_cp.0_0                             0x00001ba8   Number         4  system_mkl25z4.o(.text.SystemInit)
    [Anonymous Symbol]                       0x00001bac   Section        0  uart.o(.text.UART1_IRQHandler)
    __arm_cp.6_0                             0x00001c38   Number         4  uart.o(.text.UART1_IRQHandler)
    __arm_cp.6_2                             0x00001c3c   Number         4  uart.o(.text.UART1_IRQHandler)
    [Anonymous Symbol]                       0x00001c40   Section        0  uart.o(.text.UART2_IRQHandler)
    __arm_cp.7_0                             0x00001ccc   Number         4  uart.o(.text.UART2_IRQHandler)
    __arm_cp.7_1                             0x00001cd0   Number         4  uart.o(.text.UART2_IRQHandler)
    __arm_cp.7_2                             0x00001cd4   Number         4  uart.o(.text.UART2_IRQHandler)
    __arm_cp.7_3                             0x00001cd8   Number         4  uart.o(.text.UART2_IRQHandler)
    __arm_cp.7_4                             0x00001cdc   Number         4  uart.o(.text.UART2_IRQHandler)
    __NVIC_ClearPendingIRQ                   0x00001ce1   Thumb Code    40  uart.o(.text.__NVIC_ClearPendingIRQ)
    [Anonymous Symbol]                       0x00001ce0   Section        0  uart.o(.text.__NVIC_ClearPendingIRQ)
    __arm_cp.2_0                             0x00001d08   Number         4  uart.o(.text.__NVIC_ClearPendingIRQ)
    __NVIC_EnableIRQ                         0x00001d0d   Thumb Code    40  uart.o(.text.__NVIC_EnableIRQ)
    [Anonymous Symbol]                       0x00001d0c   Section        0  uart.o(.text.__NVIC_EnableIRQ)
    __arm_cp.3_0                             0x00001d34   Number         4  uart.o(.text.__NVIC_EnableIRQ)
    __NVIC_SetPriority                       0x00001d39   Thumb Code   128  uart.o(.text.__NVIC_SetPriority)
    [Anonymous Symbol]                       0x00001d38   Section        0  uart.o(.text.__NVIC_SetPriority)
    __arm_cp.1_0                             0x00001db8   Number         4  uart.o(.text.__NVIC_SetPriority)
    __arm_cp.1_1                             0x00001dbc   Number         4  uart.o(.text.__NVIC_SetPriority)
    [Anonymous Symbol]                       0x00001dc0   Section        0  uart.o(.text.__uart_init)
    __arm_cp.0_0                             0x00001e8c   Number         4  uart.o(.text.__uart_init)
    __arm_cp.0_1                             0x00001e90   Number         4  uart.o(.text.__uart_init)
    __arm_cp.0_2                             0x00001e94   Number         4  uart.o(.text.__uart_init)
    [Anonymous Symbol]                       0x00001e98   Section        0  uart.o(.text.__uart_read)
    [Anonymous Symbol]                       0x00001ee8   Section        0  uart.o(.text.__uart_send)
    __arm_cp.4_0                             0x00001f48   Number         4  uart.o(.text.__uart_send)
    [Anonymous Symbol]                       0x00001f4c   Section        0  main.o(.text.main)
    __arm_cp.0_0                             0x00001f80   Number         4  main.o(.text.main)
    __arm_cp.0_1                             0x00001f84   Number         4  main.o(.text.main)
    __arm_cp.0_2                             0x00001f88   Number         4  main.o(.text.main)
    __arm_cp.0_3                             0x00001f8c   Number         4  main.o(.text.main)
    i.__ARM_common_ll_muluu                  0x00001f90   Section        0  btod.o(i.__ARM_common_ll_muluu)
    i.__ARM_fpclassify                       0x00001fc0   Section        0  fpclassify.o(i.__ARM_fpclassify)
    i._is_digit                              0x00001fec   Section        0  __printf_wp.o(i._is_digit)
    locale$$code                             0x00001ffc   Section       44  lc_numeric_c.o(locale$$code)
    locale$$code                             0x00002028   Section       44  lc_ctype_c.o(locale$$code)
    x$fpl$printf1                            0x00002054   Section       16  printf1.o(x$fpl$printf1)
    x$fpl$printf2                            0x00002064   Section       16  printf2.o(x$fpl$printf2)
    initial_mbstate                          0x00002074   Data           8  _printf_wctomb.o(.constdata)
    .constdata                               0x00002074   Section        8  _printf_wctomb.o(.constdata)
    x$fpl$usenofp                            0x00002074   Section        0  usenofp.o(x$fpl$usenofp)
    uc_hextab                                0x0000207c   Data          20  _printf_hex_int_ll_ptr.o(.constdata)
    .constdata                               0x0000207c   Section       40  _printf_hex_int_ll_ptr.o(.constdata)
    lc_hextab                                0x00002090   Data          20  _printf_hex_int_ll_ptr.o(.constdata)
    maptable                                 0x000020a4   Data          17  __printf_flags_ss_wp.o(.constdata)
    .constdata                               0x000020a4   Section       17  __printf_flags_ss_wp.o(.constdata)
    lc_hextab                                0x000020b5   Data          19  _printf_fp_hex.o(.constdata)
    .constdata                               0x000020b5   Section       38  _printf_fp_hex.o(.constdata)
    uc_hextab                                0x000020c8   Data          19  _printf_fp_hex.o(.constdata)
    tenpwrs_x                                0x000020dc   Data          60  bigflt0.o(.constdata)
    .constdata                               0x000020dc   Section      148  bigflt0.o(.constdata)
    tenpwrs_i                                0x00002118   Data          64  bigflt0.o(.constdata)
    [Anonymous Symbol]                       0x00002170   Section        0  main.o(.rodata.str1.1)
    locale$$data                             0x00002194   Section       28  lc_numeric_c.o(locale$$data)
    __lcnum_c_name                           0x00002198   Data           2  lc_numeric_c.o(locale$$data)
    __lcnum_c_start                          0x000021a0   Data           0  lc_numeric_c.o(locale$$data)
    __lcnum_c_point                          0x000021ac   Data           0  lc_numeric_c.o(locale$$data)
    __lcnum_c_thousands                      0x000021ae   Data           0  lc_numeric_c.o(locale$$data)
    __lcnum_c_grouping                       0x000021af   Data           0  lc_numeric_c.o(locale$$data)
    __lcnum_c_end                            0x000021b0   Data           0  lc_numeric_c.o(locale$$data)
    locale$$data                             0x000021b0   Section      272  lc_ctype_c.o(locale$$data)
    __lcctype_c_name                         0x000021b4   Data           2  lc_ctype_c.o(locale$$data)
    __lcctype_c_start                        0x000021bc   Data           0  lc_ctype_c.o(locale$$data)
    __lcctype_c_end                          0x000022c0   Data           0  lc_ctype_c.o(locale$$data)
    .bss                                     0x1ffff040   Section       96  libspace.o(.bss)
    Heap_Mem                                 0x1ffff4d0   Data           0  startup_mkl25z4.o(HEAP)
    Stack_Mem                                0x1ffff4d0   Data         256  startup_mkl25z4.o(STACK)
    HEAP                                     0x1ffff4d0   Section        0  startup_mkl25z4.o(HEAP)
    STACK                                    0x1ffff4d0   Section      256  startup_mkl25z4.o(STACK)
    __initial_sp                             0x1ffff5d0   Data           0  startup_mkl25z4.o(STACK)

    Global Symbols

    Symbol Name                              Value     Ov Type        Size  Object(Section)

    BuildAttributes$$THM_ISAv3M$S$PE$A:L22$X:L11$S22$IEEE1$IW$~IW$USESV6$~STKCKD$USESV7$~SHL$OTIME$ROPI$IEEEJ$EBA8$UX$STANDARDLIB$REQ8$PRES8$EABIv2 0x00000000   Number         0  anon$$obj.o ABSOLUTE
    __Vectors                                0x00000000   Data           4  startup_mkl25z4.o(RESET)
    _printf_flags                            0x00000000   Number         0  printf_stubs.o ABSOLUTE
    _printf_return_value                     0x00000000   Number         0  printf_stubs.o ABSOLUTE
    _printf_sizespec                         0x00000000   Number         0  printf_stubs.o ABSOLUTE
    _printf_widthprec                        0x00000000   Number         0  printf_stubs.o ABSOLUTE
    __ARM_exceptions_init                     - Undefined Weak Reference
    __alloca_initialize                       - Undefined Weak Reference
    __arm_preinit_                            - Undefined Weak Reference
    __cpp_initialize__aeabi_                  - Undefined Weak Reference
    __cxa_finalize                            - Undefined Weak Reference
    __sigvec_lookup                           - Undefined Weak Reference
    _atexit_init                              - Undefined Weak Reference
    _call_atexit_fns                          - Undefined Weak Reference
    _clock_init                               - Undefined Weak Reference
    _fp_trap_init                             - Undefined Weak Reference
    _fp_trap_shutdown                         - Undefined Weak Reference
    _get_lc_collate                           - Undefined Weak Reference
    _get_lc_monetary                          - Undefined Weak Reference
    _get_lc_time                              - Undefined Weak Reference
    _getenv_init                              - Undefined Weak Reference
    _handle_redirection                       - Undefined Weak Reference
    _init_alloc                               - Undefined Weak Reference
    _init_user_alloc                          - Undefined Weak Reference
    _initio                                   - Undefined Weak Reference
    _printf_mbtowc                            - Undefined Weak Reference
    _printf_wc                                - Undefined Weak Reference
    _rand_init                                - Undefined Weak Reference
    _signal_finish                            - Undefined Weak Reference
    _signal_init                              - Undefined Weak Reference
    _terminate_alloc                          - Undefined Weak Reference
    _terminate_user_alloc                     - Undefined Weak Reference
    _terminateio                              - Undefined Weak Reference
    __Vectors_End                            0x000000c0   Data           0  startup_mkl25z4.o(RESET)
    __Vectors_Size                           0x000000c0   Number         0  startup_mkl25z4.o ABSOLUTE
    __main                                   0x000000c1   Thumb Code     8  __main.o(!!!main)
    __scatterload                            0x000000c9   Thumb Code     0  __scatter.o(!!!scatter)
    __scatterload_rt2                        0x000000c9   Thumb Code    52  __scatter.o(!!!scatter)
    __scatterload_rt2_thumb_only             0x000000c9   Thumb Code     0  __scatter.o(!!!scatter)
    __scatterload_null                       0x000000d9   Thumb Code     0  __scatter.o(!!!scatter)
    __scatterload_copy                       0x00000105   Thumb Code    26  __scatter_copy.o(!!handler_copy)
    __scatterload_zeroinit                   0x00000121   Thumb Code    28  __scatter_zi.o(!!handler_zi)
    _printf_percent                          0x0000013d   Thumb Code     0  _printf_percent.o(.ARM.Collect$$_printf_percent$$00000000)
    _printf_n                                0x0000013f   Thumb Code     0  _printf_n.o(.ARM.Collect$$_printf_percent$$00000001)
    _printf_p                                0x00000149   Thumb Code     0  _printf_p.o(.ARM.Collect$$_printf_percent$$00000002)
    _printf_f                                0x00000153   Thumb Code     0  _printf_f.o(.ARM.Collect$$_printf_percent$$00000003)
    _printf_e                                0x0000015d   Thumb Code     0  _printf_e.o(.ARM.Collect$$_printf_percent$$00000004)
    _printf_g                                0x00000167   Thumb Code     0  _printf_g.o(.ARM.Collect$$_printf_percent$$00000005)
    _printf_a                                0x00000171   Thumb Code     0  _printf_a.o(.ARM.Collect$$_printf_percent$$00000006)
    _printf_ll                               0x0000017b   Thumb Code     0  _printf_ll.o(.ARM.Collect$$_printf_percent$$00000007)
    _printf_i                                0x00000185   Thumb Code     0  _printf_i.o(.ARM.Collect$$_printf_percent$$00000008)
    _printf_d                                0x0000018f   Thumb Code     0  _printf_d.o(.ARM.Collect$$_printf_percent$$00000009)
    _printf_u                                0x00000199   Thumb Code     0  _printf_u.o(.ARM.Collect$$_printf_percent$$0000000A)
    _printf_o                                0x000001a3   Thumb Code     0  _printf_o.o(.ARM.Collect$$_printf_percent$$0000000B)
    _printf_x                                0x000001ad   Thumb Code     0  _printf_x.o(.ARM.Collect$$_printf_percent$$0000000C)
    _printf_lli                              0x000001b7   Thumb Code     0  _printf_lli.o(.ARM.Collect$$_printf_percent$$0000000D)
    _printf_lld                              0x000001c1   Thumb Code     0  _printf_lld.o(.ARM.Collect$$_printf_percent$$0000000E)
    _printf_llu                              0x000001cb   Thumb Code     0  _printf_llu.o(.ARM.Collect$$_printf_percent$$0000000F)
    _printf_llo                              0x000001d5   Thumb Code     0  _printf_llo.o(.ARM.Collect$$_printf_percent$$00000010)
    _printf_llx                              0x000001df   Thumb Code     0  _printf_llx.o(.ARM.Collect$$_printf_percent$$00000011)
    _printf_l                                0x000001e9   Thumb Code     0  _printf_l.o(.ARM.Collect$$_printf_percent$$00000012)
    _printf_c                                0x000001f3   Thumb Code     0  _printf_c.o(.ARM.Collect$$_printf_percent$$00000013)
    _printf_s                                0x000001fd   Thumb Code     0  _printf_s.o(.ARM.Collect$$_printf_percent$$00000014)
    _printf_lc                               0x00000207   Thumb Code     0  _printf_lc.o(.ARM.Collect$$_printf_percent$$00000015)
    _printf_ls                               0x00000211   Thumb Code     0  _printf_ls.o(.ARM.Collect$$_printf_percent$$00000016)
    _printf_percent_end                      0x0000021b   Thumb Code     0  _printf_percent_end.o(.ARM.Collect$$_printf_percent$$00000017)
    __rt_lib_init                            0x0000021f   Thumb Code     0  libinit.o(.ARM.Collect$$libinit$$00000000)
    __rt_lib_init_fp_1                       0x00000221   Thumb Code     0  libinit2.o(.ARM.Collect$$libinit$$00000002)
    __rt_lib_init_heap_1                     0x00000221   Thumb Code     0  libinit2.o(.ARM.Collect$$libinit$$0000000A)
    __rt_lib_init_lc_common                  0x00000221   Thumb Code     0  libinit2.o(.ARM.Collect$$libinit$$0000000F)
    __rt_lib_init_preinit_1                  0x00000221   Thumb Code     0  libinit2.o(.ARM.Collect$$libinit$$00000004)
    __rt_lib_init_rand_1                     0x00000221   Thumb Code     0  libinit2.o(.ARM.Collect$$libinit$$0000000E)
    __rt_lib_init_user_alloc_1               0x00000221   Thumb Code     0  libinit2.o(.ARM.Collect$$libinit$$0000000C)
    __rt_lib_init_lc_collate_1               0x00000227   Thumb Code     0  libinit2.o(.ARM.Collect$$libinit$$00000011)
    __rt_lib_init_lc_ctype_2                 0x00000227   Thumb Code     0  libinit2.o(.ARM.Collect$$libinit$$00000012)
    __rt_lib_init_lc_ctype_1                 0x00000233   Thumb Code     0  libinit2.o(.ARM.Collect$$libinit$$00000013)
    __rt_lib_init_lc_monetary_1              0x00000233   Thumb Code     0  libinit2.o(.ARM.Collect$$libinit$$00000015)
    __rt_lib_init_lc_numeric_2               0x00000233   Thumb Code     0  libinit2.o(.ARM.Collect$$libinit$$00000016)
    __rt_lib_init_alloca_1                   0x0000023d   Thumb Code     0  libinit2.o(.ARM.Collect$$libinit$$0000002E)
    __rt_lib_init_argv_1                     0x0000023d   Thumb Code     0  libinit2.o(.ARM.Collect$$libinit$$0000002C)
    __rt_lib_init_atexit_1                   0x0000023d   Thumb Code     0  libinit2.o(.ARM.Collect$$libinit$$0000001B)
    __rt_lib_init_clock_1                    0x0000023d   Thumb Code     0  libinit2.o(.ARM.Collect$$libinit$$00000021)
    __rt_lib_init_cpp_1                      0x0000023d   Thumb Code     0  libinit2.o(.ARM.Collect$$libinit$$00000032)
    __rt_lib_init_exceptions_1               0x0000023d   Thumb Code     0  libinit2.o(.ARM.Collect$$libinit$$00000030)
    __rt_lib_init_fp_trap_1                  0x0000023d   Thumb Code     0  libinit2.o(.ARM.Collect$$libinit$$0000001F)
    __rt_lib_init_getenv_1                   0x0000023d   Thumb Code     0  libinit2.o(.ARM.Collect$$libinit$$00000023)
    __rt_lib_init_lc_numeric_1               0x0000023d   Thumb Code     0  libinit2.o(.ARM.Collect$$libinit$$00000017)
    __rt_lib_init_lc_time_1                  0x0000023d   Thumb Code     0  libinit2.o(.ARM.Collect$$libinit$$00000019)
    __rt_lib_init_return                     0x0000023d   Thumb Code     0  libinit2.o(.ARM.Collect$$libinit$$00000033)
    __rt_lib_init_signal_1                   0x0000023d   Thumb Code     0  libinit2.o(.ARM.Collect$$libinit$$0000001D)
    __rt_lib_init_stdio_1                    0x0000023d   Thumb Code     0  libinit2.o(.ARM.Collect$$libinit$$00000025)
    __rt_lib_shutdown                        0x0000023f   Thumb Code     0  libshutdown.o(.ARM.Collect$$libshutdown$$00000000)
    __rt_lib_shutdown_cpp_1                  0x00000241   Thumb Code     0  libshutdown2.o(.ARM.Collect$$libshutdown$$00000002)
    __rt_lib_shutdown_fp_trap_1              0x00000241   Thumb Code     0  libshutdown2.o(.ARM.Collect$$libshutdown$$00000007)
    __rt_lib_shutdown_heap_1                 0x00000241   Thumb Code     0  libshutdown2.o(.ARM.Collect$$libshutdown$$0000000F)
    __rt_lib_shutdown_return                 0x00000241   Thumb Code     0  libshutdown2.o(.ARM.Collect$$libshutdown$$00000010)
    __rt_lib_shutdown_signal_1               0x00000241   Thumb Code     0  libshutdown2.o(.ARM.Collect$$libshutdown$$0000000A)
    __rt_lib_shutdown_stdio_1                0x00000241   Thumb Code     0  libshutdown2.o(.ARM.Collect$$libshutdown$$00000004)
    __rt_lib_shutdown_user_alloc_1           0x00000241   Thumb Code     0  libshutdown2.o(.ARM.Collect$$libshutdown$$0000000C)
    __rt_entry                               0x00000243   Thumb Code     0  __rtentry.o(.ARM.Collect$$rtentry$$00000000)
    __rt_entry_presh_1                       0x00000243   Thumb Code     0  __rtentry2.o(.ARM.Collect$$rtentry$$00000002)
    __rt_entry_sh                            0x00000243   Thumb Code     0  __rtentry4.o(.ARM.Collect$$rtentry$$00000004)
    __rt_entry_li                            0x00000249   Thumb Code     0  __rtentry2.o(.ARM.Collect$$rtentry$$0000000A)
    __rt_entry_postsh_1                      0x00000249   Thumb Code     0  __rtentry2.o(.ARM.Collect$$rtentry$$00000009)
    __rt_entry_main                          0x0000024d   Thumb Code     0  __rtentry2.o(.ARM.Collect$$rtentry$$0000000D)
    __rt_entry_postli_1                      0x0000024d   Thumb Code     0  __rtentry2.o(.ARM.Collect$$rtentry$$0000000C)
    __rt_exit                                0x00000255   Thumb Code     0  rtexit.o(.ARM.Collect$$rtexit$$00000000)
    __rt_exit_ls                             0x00000257   Thumb Code     0  rtexit2.o(.ARM.Collect$$rtexit$$00000003)
    __rt_exit_prels_1                        0x00000257   Thumb Code     0  rtexit2.o(.ARM.Collect$$rtexit$$00000002)
    __rt_exit_exit                           0x0000025b   Thumb Code     0  rtexit2.o(.ARM.Collect$$rtexit$$00000004)
    Reset_Handler                            0x00000261   Thumb Code    12  startup_mkl25z4.o(.text)
    NMI_Handler                              0x0000026d   Thumb Code     2  startup_mkl25z4.o(.text)
    HardFault_Handler                        0x0000026f   Thumb Code     2  startup_mkl25z4.o(.text)
    SVC_Handler                              0x00000271   Thumb Code     2  startup_mkl25z4.o(.text)
    PendSV_Handler                           0x00000273   Thumb Code     2  startup_mkl25z4.o(.text)
    SysTick_Handler                          0x00000275   Thumb Code     2  startup_mkl25z4.o(.text)
    ADC0_IRQHandler                          0x00000277   Thumb Code     0  startup_mkl25z4.o(.text)
    CMP0_IRQHandler                          0x00000277   Thumb Code     0  startup_mkl25z4.o(.text)
    DAC0_IRQHandler                          0x00000277   Thumb Code     0  startup_mkl25z4.o(.text)
    DMA0_IRQHandler                          0x00000277   Thumb Code     0  startup_mkl25z4.o(.text)
    DMA1_IRQHandler                          0x00000277   Thumb Code     0  startup_mkl25z4.o(.text)
    DMA2_IRQHandler                          0x00000277   Thumb Code     0  startup_mkl25z4.o(.text)
    DMA3_IRQHandler                          0x00000277   Thumb Code     0  startup_mkl25z4.o(.text)
    DefaultISR                               0x00000277   Thumb Code     0  startup_mkl25z4.o(.text)
    FTFA_IRQHandler                          0x00000277   Thumb Code     0  startup_mkl25z4.o(.text)
    I2C0_IRQHandler                          0x00000277   Thumb Code     0  startup_mkl25z4.o(.text)
    I2C1_IRQHandler                          0x00000277   Thumb Code     0  startup_mkl25z4.o(.text)
    LLWU_IRQHandler                          0x00000277   Thumb Code     0  startup_mkl25z4.o(.text)
    LPTMR0_IRQHandler                        0x00000277   Thumb Code     0  startup_mkl25z4.o(.text)
    LVD_LVW_IRQHandler                       0x00000277   Thumb Code     0  startup_mkl25z4.o(.text)
    MCG_IRQHandler                           0x00000277   Thumb Code     0  startup_mkl25z4.o(.text)
    PIT_IRQHandler                           0x00000277   Thumb Code     0  startup_mkl25z4.o(.text)
    PORTA_IRQHandler                         0x00000277   Thumb Code     0  startup_mkl25z4.o(.text)
    PORTD_IRQHandler                         0x00000277   Thumb Code     0  startup_mkl25z4.o(.text)
    RTC_IRQHandler                           0x00000277   Thumb Code     0  startup_mkl25z4.o(.text)
    RTC_Seconds_IRQHandler                   0x00000277   Thumb Code     0  startup_mkl25z4.o(.text)
    Reserved20_IRQHandler                    0x00000277   Thumb Code     0  startup_mkl25z4.o(.text)
    Reserved39_IRQHandler                    0x00000277   Thumb Code     0  startup_mkl25z4.o(.text)
    Reserved45_IRQHandler                    0x00000277   Thumb Code     0  startup_mkl25z4.o(.text)
    SPI0_IRQHandler                          0x00000277   Thumb Code     0  startup_mkl25z4.o(.text)
    SPI1_IRQHandler                          0x00000277   Thumb Code     0  startup_mkl25z4.o(.text)
    TPM0_IRQHandler                          0x00000277   Thumb Code     0  startup_mkl25z4.o(.text)
    TPM1_IRQHandler                          0x00000277   Thumb Code     0  startup_mkl25z4.o(.text)
    TPM2_IRQHandler                          0x00000277   Thumb Code     0  startup_mkl25z4.o(.text)
    TSI0_IRQHandler                          0x00000277   Thumb Code     0  startup_mkl25z4.o(.text)
    UART0_IRQHandler                         0x00000277   Thumb Code     0  startup_mkl25z4.o(.text)
    USB0_IRQHandler                          0x00000277   Thumb Code     0  startup_mkl25z4.o(.text)
    __user_initial_stackheap                 0x0000027d   Thumb Code     0  startup_mkl25z4.o(.text)
    sprintf                                  0x000002a1   Thumb Code    40  sprintf.o(.text)
    __use_two_region_memory                  0x000002cd   Thumb Code     2  heapauxi.o(.text)
    __rt_heap_escrow$2region                 0x000002cf   Thumb Code     2  heapauxi.o(.text)
    __rt_heap_expand$2region                 0x000002d1   Thumb Code     2  heapauxi.o(.text)
    _printf_pre_padding                      0x000002d3   Thumb Code    44  _printf_pad.o(.text)
    _printf_post_padding                     0x000002ff   Thumb Code    34  _printf_pad.o(.text)
    _printf_truncate_signed                  0x00000321   Thumb Code    18  _printf_truncate.o(.text)
    _printf_truncate_unsigned                0x00000333   Thumb Code    18  _printf_truncate.o(.text)
    _printf_str                              0x00000345   Thumb Code    82  _printf_str.o(.text)
    _printf_charcount                        0x00000397   Thumb Code    38  _printf_charcount.o(.text)
    _printf_char_common                      0x000003c7   Thumb Code    32  _printf_char_common.o(.text)
    _sputc                                   0x000003ed   Thumb Code    10  _sputc.o(.text)
    __rt_locale                              0x000003f9   Thumb Code     8  rt_locale_intlibspace.o(.text)
    __aeabi_uidiv                            0x00000411   Thumb Code     0  aeabi_sdiv.o(.text)
    __aeabi_uidivmod                         0x00000411   Thumb Code    20  aeabi_sdiv.o(.text)
    __aeabi_idiv                             0x00000425   Thumb Code     0  aeabi_sdiv.o(.text)
    __aeabi_idivmod                          0x00000425   Thumb Code   338  aeabi_sdiv.o(.text)
    _printf_int_dec                          0x0000057d   Thumb Code    90  _printf_dec.o(.text)
    _printf_wctomb                           0x000005e9   Thumb Code   182  _printf_wctomb.o(.text)
    _printf_longlong_dec                     0x000006a5   Thumb Code    94  _printf_longlong_dec.o(.text)
    _printf_longlong_oct                     0x00000715   Thumb Code    68  _printf_oct_int_ll.o(.text)
    _printf_int_oct                          0x00000759   Thumb Code    24  _printf_oct_int_ll.o(.text)
    _printf_ll_oct                           0x00000771   Thumb Code    10  _printf_oct_int_ll.o(.text)
    _printf_longlong_hex                     0x00000785   Thumb Code    88  _printf_hex_int_ll_ptr.o(.text)
    _printf_int_hex                          0x000007dd   Thumb Code    28  _printf_hex_int_ll_ptr.o(.text)
    _printf_ll_hex                           0x000007f9   Thumb Code    10  _printf_hex_int_ll_ptr.o(.text)
    _printf_hex_ptr                          0x00000803   Thumb Code    22  _printf_hex_int_ll_ptr.o(.text)
    __printf                                 0x0000081d   Thumb Code   386  __printf_flags_ss_wp.o(.text)
    _ll_udiv10                               0x000009a5   Thumb Code   122  lludiv10.o(.text)
    _printf_int_common                       0x00000a1f   Thumb Code   176  _printf_intcommon.o(.text)
    _printf_fp_dec_real                      0x00000c6d   Thumb Code   620  _printf_fp_dec.o(.text)
    _printf_fp_hex_real                      0x00000ee5   Thumb Code   718  _printf_fp_hex.o(.text)
    _printf_cs_common                        0x000011bd   Thumb Code    22  _printf_char.o(.text)
    _printf_char                             0x000011d3   Thumb Code    16  _printf_char.o(.text)
    _printf_string                           0x000011e3   Thumb Code     8  _printf_char.o(.text)
    _printf_lcs_common                       0x000011eb   Thumb Code    22  _printf_wchar.o(.text)
    _printf_wchar                            0x00001201   Thumb Code    16  _printf_wchar.o(.text)
    _printf_wstring                          0x00001211   Thumb Code     8  _printf_wchar.o(.text)
    _c16rtomb                                0x00001219   Thumb Code    66  _c16rtomb.o(.text)
    _wcrtomb                                 0x00001219   Thumb Code     0  _c16rtomb.o(.text)
    __rt_udiv10                              0x0000125b   Thumb Code    40  rtudiv10.o(.text)
    __user_setup_stackheap                   0x00001283   Thumb Code    62  sys_stackheap_outer.o(.text)
    __rt_ctype_table                         0x000012c1   Thumb Code    16  rt_ctype_table.o(.text)
    _printf_fp_infnan                        0x000012d1   Thumb Code   120  _printf_fp_infnan.o(.text)
    _btod_etento                             0x00001359   Thumb Code   210  bigflt0.o(.text)
    _btod_d2e                                0x00001431   Thumb Code    64  btod.o(.text)
    _btod_emul                               0x00001865   Thumb Code    28  btod.o(.text)
    _btod_emuld                              0x00001881   Thumb Code   144  btod.o(.text)
    _btod_ediv                               0x00001911   Thumb Code    26  btod.o(.text)
    _btod_edivd                              0x0000192b   Thumb Code   124  btod.o(.text)
    exit                                     0x000019b1   Thumb Code    16  exit.o(.text)
    __user_libspace                          0x000019c1   Thumb Code     8  libspace.o(.text)
    __user_perproc_libspace                  0x000019c1   Thumb Code     0  libspace.o(.text)
    __user_perthread_libspace                0x000019c1   Thumb Code     0  libspace.o(.text)
    strcmp                                   0x000019c9   Thumb Code   132  strcmp.o(.text)
    _sys_exit                                0x00001a51   Thumb Code     8  sys_exit.o(.text)
    __I$use$semihosting                      0x00001a5d   Thumb Code     0  use_no_semi.o(.text)
    __use_no_semihosting_swi                 0x00001a5d   Thumb Code     2  use_no_semi.o(.text)
    __semihosting_library_function           0x00001a5f   Thumb Code     0  indicate_semi.o(.text)
    Delay                                    0x00001a61   Thumb Code    36  delay.o(.text.Delay)
    Q_Dequeue                                0x00001a89   Thumb Code    78  queue.o(.text.Q_Dequeue)
    Q_Empty                                  0x00001ad7   Thumb Code    20  queue.o(.text.Q_Empty)
    Q_Enqueue                                0x00001aeb   Thumb Code    74  queue.o(.text.Q_Enqueue)
    Q_Full                                   0x00001b35   Thumb Code    26  queue.o(.text.Q_Full)
    Q_Init                                   0x00001b4f   Thumb Code    66  queue.o(.text.Q_Init)
    Q_Size                                   0x00001b91   Thumb Code    16  queue.o(.text.Q_Size)
    SystemInit                               0x00001ba1   Thumb Code     8  system_mkl25z4.o(.text.SystemInit)
    UART1_IRQHandler                         0x00001bad   Thumb Code   140  uart.o(.text.UART1_IRQHandler)
    UART2_IRQHandler                         0x00001c41   Thumb Code   140  uart.o(.text.UART2_IRQHandler)
    __uart_init                              0x00001dc1   Thumb Code   204  uart.o(.text.__uart_init)
    __uart_read                              0x00001e99   Thumb Code    80  uart.o(.text.__uart_read)
    __uart_send                              0x00001ee9   Thumb Code    96  uart.o(.text.__uart_send)
    main                                     0x00001f4d   Thumb Code    52  main.o(.text.main)
    __ARM_common_ll_muluu                    0x00001f91   Thumb Code    48  btod.o(i.__ARM_common_ll_muluu)
    __ARM_fpclassify                         0x00001fc1   Thumb Code    40  fpclassify.o(i.__ARM_fpclassify)
    _is_digit                                0x00001fed   Thumb Code    14  __printf_wp.o(i._is_digit)
    _get_lc_numeric                          0x00001ffd   Thumb Code    44  lc_numeric_c.o(locale$$code)
    _get_lc_ctype                            0x00002029   Thumb Code    44  lc_ctype_c.o(locale$$code)
    _printf_fp_dec                           0x00002055   Thumb Code    16  printf1.o(x$fpl$printf1)
    _printf_fp_hex                           0x00002065   Thumb Code    16  printf2.o(x$fpl$printf2)
    __I$use$fp                               0x00002074   Number         0  usenofp.o(x$fpl$usenofp)
    Region$$Table$$Base                      0x00002174   Number         0  anon$$obj.o(Region$$Table)
    Region$$Table$$Limit                     0x00002194   Number         0  anon$$obj.o(Region$$Table)
    __ctype                                  0x000021bd   Data           0  lc_ctype_c.o(locale$$data)
    uart1_cfg                                0x1ffff000   Data          32  uart.o(.data.uart1_cfg)
    uart2_cfg                                0x1ffff020   Data          32  uart.o(.data.uart2_cfg)
    __libspace_start                         0x1ffff040   Data          96  libspace.o(.bss)
    __temporary_stack_top$libspace           0x1ffff0a0   Data           0  libspace.o(.bss)
    uart1_rxQ                                0x1ffff0a0   Data         268  uart.o(.bss.uart1_rxQ)
    uart1_txQ                                0x1ffff1ac   Data         268  uart.o(.bss.uart1_txQ)
    uart2_rxQ                                0x1ffff2b8   Data         268  uart.o(.bss.uart2_rxQ)
    uart2_txQ                                0x1ffff3c4   Data         268  uart.o(.bss.uart2_txQ)



==============================================================================

Memory Map of the image

  Image Entry point : 0x00000261

  Load Region LR_1 (Base: 0x00000000, Size: 0x00002308, Max: 0xffffffff, ABSOLUTE)

    Execution Region ER_RO (Exec base: 0x00000000, Load base: 0x00000000, Size: 0x000022c8, Max: 0xffffffff, ABSOLUTE)

    Exec Addr    Load Addr    Size         Type   Attr      Idx    E Section Name        Object

    0x00000000   0x00000000   0x000000c0   Data   RO           69    RESET               startup_mkl25z4.o
    0x000000c0   0x000000c0   0x00000008   Code   RO          101  * !!!main             c_p.l(__main.o)
    0x000000c8   0x000000c8   0x0000003c   Code   RO          432    !!!scatter          c_p.l(__scatter.o)
    0x00000104   0x00000104   0x0000001a   Code   RO          434    !!handler_copy      c_p.l(__scatter_copy.o)
    0x0000011e   0x0000011e   0x00000002   PAD
    0x00000120   0x00000120   0x0000001c   Code   RO          436    !!handler_zi        c_p.l(__scatter_zi.o)
    0x0000013c   0x0000013c   0x00000002   Code   RO          189    .ARM.Collect$$_printf_percent$$00000000  c_p.l(_printf_percent.o)
    0x0000013e   0x0000013e   0x0000000a   Code   RO          178    .ARM.Collect$$_printf_percent$$00000001  c_p.l(_printf_n.o)
    0x00000148   0x00000148   0x0000000a   Code   RO          180    .ARM.Collect$$_printf_percent$$00000002  c_p.l(_printf_p.o)
    0x00000152   0x00000152   0x0000000a   Code   RO          185    .ARM.Collect$$_printf_percent$$00000003  c_p.l(_printf_f.o)
    0x0000015c   0x0000015c   0x0000000a   Code   RO          186    .ARM.Collect$$_printf_percent$$00000004  c_p.l(_printf_e.o)
    0x00000166   0x00000166   0x0000000a   Code   RO          187    .ARM.Collect$$_printf_percent$$00000005  c_p.l(_printf_g.o)
    0x00000170   0x00000170   0x0000000a   Code   RO          188    .ARM.Collect$$_printf_percent$$00000006  c_p.l(_printf_a.o)
    0x0000017a   0x0000017a   0x0000000a   Code   RO          193    .ARM.Collect$$_printf_percent$$00000007  c_p.l(_printf_ll.o)
    0x00000184   0x00000184   0x0000000a   Code   RO          182    .ARM.Collect$$_printf_percent$$00000008  c_p.l(_printf_i.o)
    0x0000018e   0x0000018e   0x0000000a   Code   RO          183    .ARM.Collect$$_printf_percent$$00000009  c_p.l(_printf_d.o)
    0x00000198   0x00000198   0x0000000a   Code   RO          184    .ARM.Collect$$_printf_percent$$0000000A  c_p.l(_printf_u.o)
    0x000001a2   0x000001a2   0x0000000a   Code   RO          181    .ARM.Collect$$_printf_percent$$0000000B  c_p.l(_printf_o.o)
    0x000001ac   0x000001ac   0x0000000a   Code   RO          179    .ARM.Collect$$_printf_percent$$0000000C  c_p.l(_printf_x.o)
    0x000001b6   0x000001b6   0x0000000a   Code   RO          190    .ARM.Collect$$_printf_percent$$0000000D  c_p.l(_printf_lli.o)
    0x000001c0   0x000001c0   0x0000000a   Code   RO          191    .ARM.Collect$$_printf_percent$$0000000E  c_p.l(_printf_lld.o)
    0x000001ca   0x000001ca   0x0000000a   Code   RO          192    .ARM.Collect$$_printf_percent$$0000000F  c_p.l(_printf_llu.o)
    0x000001d4   0x000001d4   0x0000000a   Code   RO          197    .ARM.Collect$$_printf_percent$$00000010  c_p.l(_printf_llo.o)
    0x000001de   0x000001de   0x0000000a   Code   RO          198    .ARM.Collect$$_printf_percent$$00000011  c_p.l(_printf_llx.o)
    0x000001e8   0x000001e8   0x0000000a   Code   RO          194    .ARM.Collect$$_printf_percent$$00000012  c_p.l(_printf_l.o)
    0x000001f2   0x000001f2   0x0000000a   Code   RO          176    .ARM.Collect$$_printf_percent$$00000013  c_p.l(_printf_c.o)
    0x000001fc   0x000001fc   0x0000000a   Code   RO          177    .ARM.Collect$$_printf_percent$$00000014  c_p.l(_printf_s.o)
    0x00000206   0x00000206   0x0000000a   Code   RO          195    .ARM.Collect$$_printf_percent$$00000015  c_p.l(_printf_lc.o)
    0x00000210   0x00000210   0x0000000a   Code   RO          196    .ARM.Collect$$_printf_percent$$00000016  c_p.l(_printf_ls.o)
    0x0000021a   0x0000021a   0x00000004   Code   RO          241    .ARM.Collect$$_printf_percent$$00000017  c_p.l(_printf_percent_end.o)
    0x0000021e   0x0000021e   0x00000002   Code   RO          281    .ARM.Collect$$libinit$$00000000  c_p.l(libinit.o)
    0x00000220   0x00000220   0x00000000   Code   RO          307    .ARM.Collect$$libinit$$00000002  c_p.l(libinit2.o)
    0x00000220   0x00000220   0x00000000   Code   RO          309    .ARM.Collect$$libinit$$00000004  c_p.l(libinit2.o)
    0x00000220   0x00000220   0x00000000   Code   RO          312    .ARM.Collect$$libinit$$0000000A  c_p.l(libinit2.o)
    0x00000220   0x00000220   0x00000000   Code   RO          314    .ARM.Collect$$libinit$$0000000C  c_p.l(libinit2.o)
    0x00000220   0x00000220   0x00000000   Code   RO          316    .ARM.Collect$$libinit$$0000000E  c_p.l(libinit2.o)
    0x00000220   0x00000220   0x00000006   Code   RO          317    .ARM.Collect$$libinit$$0000000F  c_p.l(libinit2.o)
    0x00000226   0x00000226   0x00000000   Code   RO          319    .ARM.Collect$$libinit$$00000011  c_p.l(libinit2.o)
    0x00000226   0x00000226   0x0000000c   Code   RO          320    .ARM.Collect$$libinit$$00000012  c_p.l(libinit2.o)
    0x00000232   0x00000232   0x00000000   Code   RO          321    .ARM.Collect$$libinit$$00000013  c_p.l(libinit2.o)
    0x00000232   0x00000232   0x00000000   Code   RO          323    .ARM.Collect$$libinit$$00000015  c_p.l(libinit2.o)
    0x00000232   0x00000232   0x0000000a   Code   RO          324    .ARM.Collect$$libinit$$00000016  c_p.l(libinit2.o)
    0x0000023c   0x0000023c   0x00000000   Code   RO          325    .ARM.Collect$$libinit$$00000017  c_p.l(libinit2.o)
    0x0000023c   0x0000023c   0x00000000   Code   RO          327    .ARM.Collect$$libinit$$00000019  c_p.l(libinit2.o)
    0x0000023c   0x0000023c   0x00000000   Code   RO          329    .ARM.Collect$$libinit$$0000001B  c_p.l(libinit2.o)
    0x0000023c   0x0000023c   0x00000000   Code   RO          331    .ARM.Collect$$libinit$$0000001D  c_p.l(libinit2.o)
    0x0000023c   0x0000023c   0x00000000   Code   RO          333    .ARM.Collect$$libinit$$0000001F  c_p.l(libinit2.o)
    0x0000023c   0x0000023c   0x00000000   Code   RO          335    .ARM.Collect$$libinit$$00000021  c_p.l(libinit2.o)
    0x0000023c   0x0000023c   0x00000000   Code   RO          337    .ARM.Collect$$libinit$$00000023  c_p.l(libinit2.o)
    0x0000023c   0x0000023c   0x00000000   Code   RO          339    .ARM.Collect$$libinit$$00000025  c_p.l(libinit2.o)
    0x0000023c   0x0000023c   0x00000000   Code   RO          343    .ARM.Collect$$libinit$$0000002C  c_p.l(libinit2.o)
    0x0000023c   0x0000023c   0x00000000   Code   RO          345    .ARM.Collect$$libinit$$0000002E  c_p.l(libinit2.o)
    0x0000023c   0x0000023c   0x00000000   Code   RO          347    .ARM.Collect$$libinit$$00000030  c_p.l(libinit2.o)
    0x0000023c   0x0000023c   0x00000000   Code   RO          349    .ARM.Collect$$libinit$$00000032  c_p.l(libinit2.o)
    0x0000023c   0x0000023c   0x00000002   Code   RO          350    .ARM.Collect$$libinit$$00000033  c_p.l(libinit2.o)
    0x0000023e   0x0000023e   0x00000002   Code   RO          387    .ARM.Collect$$libshutdown$$00000000  c_p.l(libshutdown.o)
    0x00000240   0x00000240   0x00000000   Code   RO          415    .ARM.Collect$$libshutdown$$00000002  c_p.l(libshutdown2.o)
    0x00000240   0x00000240   0x00000000   Code   RO          417    .ARM.Collect$$libshutdown$$00000004  c_p.l(libshutdown2.o)
    0x00000240   0x00000240   0x00000000   Code   RO          420    .ARM.Collect$$libshutdown$$00000007  c_p.l(libshutdown2.o)
    0x00000240   0x00000240   0x00000000   Code   RO          423    .ARM.Collect$$libshutdown$$0000000A  c_p.l(libshutdown2.o)
    0x00000240   0x00000240   0x00000000   Code   RO          425    .ARM.Collect$$libshutdown$$0000000C  c_p.l(libshutdown2.o)
    0x00000240   0x00000240   0x00000000   Code   RO          428    .ARM.Collect$$libshutdown$$0000000F  c_p.l(libshutdown2.o)
    0x00000240   0x00000240   0x00000002   Code   RO          429    .ARM.Collect$$libshutdown$$00000010  c_p.l(libshutdown2.o)
    0x00000242   0x00000242   0x00000000   Code   RO          103    .ARM.Collect$$rtentry$$00000000  c_p.l(__rtentry.o)
    0x00000242   0x00000242   0x00000000   Code   RO          208    .ARM.Collect$$rtentry$$00000002  c_p.l(__rtentry2.o)
    0x00000242   0x00000242   0x00000006   Code   RO          220    .ARM.Collect$$rtentry$$00000004  c_p.l(__rtentry4.o)
    0x00000248   0x00000248   0x00000000   Code   RO          210    .ARM.Collect$$rtentry$$00000009  c_p.l(__rtentry2.o)
    0x00000248   0x00000248   0x00000004   Code   RO          211    .ARM.Collect$$rtentry$$0000000A  c_p.l(__rtentry2.o)
    0x0000024c   0x0000024c   0x00000000   Code   RO          213    .ARM.Collect$$rtentry$$0000000C  c_p.l(__rtentry2.o)
    0x0000024c   0x0000024c   0x00000008   Code   RO          214    .ARM.Collect$$rtentry$$0000000D  c_p.l(__rtentry2.o)
    0x00000254   0x00000254   0x00000002   Code   RO          291    .ARM.Collect$$rtexit$$00000000  c_p.l(rtexit.o)
    0x00000256   0x00000256   0x00000000   Code   RO          356    .ARM.Collect$$rtexit$$00000002  c_p.l(rtexit2.o)
    0x00000256   0x00000256   0x00000004   Code   RO          357    .ARM.Collect$$rtexit$$00000003  c_p.l(rtexit2.o)
    0x0000025a   0x0000025a   0x00000006   Code   RO          358    .ARM.Collect$$rtexit$$00000004  c_p.l(rtexit2.o)
    0x00000260   0x00000260   0x00000000   Code   RO           11    .text               libserial.lib (delay.o)
    0x00000260   0x00000260   0x00000000   Code   RO           19    .text               libserial.lib (queue.o)
    0x00000260   0x00000260   0x00000000   Code   RO           38    .text               libserial.lib (uart.o)
    0x00000260   0x00000260   0x00000040   Code   RO           71  * .text               startup_mkl25z4.o
    0x000002a0   0x000002a0   0x0000002c   Code   RO           93    .text               c_p.l(sprintf.o)
    0x000002cc   0x000002cc   0x00000006   Code   RO           99    .text               c_p.l(heapauxi.o)
    0x000002d2   0x000002d2   0x0000004e   Code   RO          110    .text               c_p.l(_printf_pad.o)
    0x00000320   0x00000320   0x00000024   Code   RO          112    .text               c_p.l(_printf_truncate.o)
    0x00000344   0x00000344   0x00000052   Code   RO          114    .text               c_p.l(_printf_str.o)
    0x00000396   0x00000396   0x00000026   Code   RO          118    .text               c_p.l(_printf_charcount.o)
    0x000003bc   0x000003bc   0x00000030   Code   RO          120    .text               c_p.l(_printf_char_common.o)
    0x000003ec   0x000003ec   0x0000000a   Code   RO          122    .text               c_p.l(_sputc.o)
    0x000003f6   0x000003f6   0x00000002   PAD
    0x000003f8   0x000003f8   0x00000008   Code   RO          254    .text               c_p.l(rt_locale_intlibspace.o)
    0x00000400   0x00000400   0x00000010   Code   RO           70    .ARM.__at_0x400     startup_mkl25z4.o
    0x00000410   0x00000410   0x0000016c   Code   RO           95    .text               c_p.l(aeabi_sdiv.o)
    0x0000057c   0x0000057c   0x0000006c   Code   RO          116    .text               c_p.l(_printf_dec.o)
    0x000005e8   0x000005e8   0x000000bc   Code   RO          124    .text               c_p.l(_printf_wctomb.o)
    0x000006a4   0x000006a4   0x00000070   Code   RO          127    .text               c_p.l(_printf_longlong_dec.o)
    0x00000714   0x00000714   0x00000070   Code   RO          133    .text               c_p.l(_printf_oct_int_ll.o)
    0x00000784   0x00000784   0x00000098   Code   RO          153    .text               c_p.l(_printf_hex_int_ll_ptr.o)
    0x0000081c   0x0000081c   0x00000188   Code   RO          173    .text               c_p.l(__printf_flags_ss_wp.o)
    0x000009a4   0x000009a4   0x0000007a   Code   RO          224    .text               c_p.l(lludiv10.o)
    0x00000a1e   0x00000a1e   0x000000b0   Code   RO          226    .text               c_p.l(_printf_intcommon.o)
    0x00000ace   0x00000ace   0x00000002   PAD
    0x00000ad0   0x00000ad0   0x00000414   Code   RO          228    .text               c_p.l(_printf_fp_dec.o)
    0x00000ee4   0x00000ee4   0x000002d8   Code   RO          232    .text               c_p.l(_printf_fp_hex.o)
    0x000011bc   0x000011bc   0x0000002e   Code   RO          237    .text               c_p.l(_printf_char.o)
    0x000011ea   0x000011ea   0x0000002e   Code   RO          239    .text               c_p.l(_printf_wchar.o)
    0x00001218   0x00001218   0x00000042   Code   RO          242    .text               c_p.l(_c16rtomb.o)
    0x0000125a   0x0000125a   0x00000028   Code   RO          244    .text               c_p.l(rtudiv10.o)
    0x00001282   0x00001282   0x0000003e   Code   RO          246    .text               c_p.l(sys_stackheap_outer.o)
    0x000012c0   0x000012c0   0x00000010   Code   RO          249    .text               c_p.l(rt_ctype_table.o)
    0x000012d0   0x000012d0   0x00000088   Code   RO          256    .text               c_p.l(_printf_fp_infnan.o)
    0x00001358   0x00001358   0x000000d8   Code   RO          258    .text               c_p.l(bigflt0.o)
    0x00001430   0x00001430   0x00000580   Code   RO          261    .text               c_p.l(btod.o)
    0x000019b0   0x000019b0   0x00000010   Code   RO          270    .text               c_p.l(exit.o)
    0x000019c0   0x000019c0   0x00000008   Code   RO          287    .text               c_p.l(libspace.o)
    0x000019c8   0x000019c8   0x00000088   Code   RO          304    .text               c_p.l(strcmp.o)
    0x00001a50   0x00001a50   0x0000000c   Code   RO          351    .text               c_p.l(sys_exit.o)
    0x00001a5c   0x00001a5c   0x00000002   Code   RO          376    .text               c_p.l(use_no_semi.o)
    0x00001a5e   0x00001a5e   0x00000000   Code   RO          378    .text               c_p.l(indicate_semi.o)
    0x00001a5e   0x00001a5e   0x00000002   PAD
    0x00001a60   0x00001a60   0x00000028   Code   RO           12    .text.Delay         libserial.lib (delay.o)
    0x00001a88   0x00001a88   0x0000004e   Code   RO           28    .text.Q_Dequeue     libserial.lib (queue.o)
    0x00001ad6   0x00001ad6   0x00000014   Code   RO           20    .text.Q_Empty       libserial.lib (queue.o)
    0x00001aea   0x00001aea   0x0000004a   Code   RO           26    .text.Q_Enqueue     libserial.lib (queue.o)
    0x00001b34   0x00001b34   0x0000001a   Code   RO           22    .text.Q_Full        libserial.lib (queue.o)
    0x00001b4e   0x00001b4e   0x00000042   Code   RO           30    .text.Q_Init        libserial.lib (queue.o)
    0x00001b90   0x00001b90   0x00000010   Code   RO           24    .text.Q_Size        libserial.lib (queue.o)
    0x00001ba0   0x00001ba0   0x0000000c   Code   RO           80    .text.SystemInit    system_mkl25z4.o
    0x00001bac   0x00001bac   0x00000094   Code   RO           51    .text.UART1_IRQHandler  libserial.lib (uart.o)
    0x00001c40   0x00001c40   0x000000a0   Code   RO           53    .text.UART2_IRQHandler  libserial.lib (uart.o)
    0x00001ce0   0x00001ce0   0x0000002c   Code   RO           43    .text.__NVIC_ClearPendingIRQ  libserial.lib (uart.o)
    0x00001d0c   0x00001d0c   0x0000002c   Code   RO           45    .text.__NVIC_EnableIRQ  libserial.lib (uart.o)
    0x00001d38   0x00001d38   0x00000088   Code   RO           41    .text.__NVIC_SetPriority  libserial.lib (uart.o)
    0x00001dc0   0x00001dc0   0x000000d8   Code   RO           39    .text.__uart_init   libserial.lib (uart.o)
    0x00001e98   0x00001e98   0x00000050   Code   RO           49    .text.__uart_read   libserial.lib (uart.o)
    0x00001ee8   0x00001ee8   0x00000064   Code   RO           47    .text.__uart_send   libserial.lib (uart.o)
    0x00001f4c   0x00001f4c   0x00000044   Code   RO            2    .text.main          main.o
    0x00001f90   0x00001f90   0x00000030   Code   RO          263    i.__ARM_common_ll_muluu  c_p.l(btod.o)
    0x00001fc0   0x00001fc0   0x0000002c   Code   RO          285    i.__ARM_fpclassify  m_ps.l(fpclassify.o)
    0x00001fec   0x00001fec   0x0000000e   Code   RO          166    i._is_digit         c_p.l(__printf_wp.o)
    0x00001ffa   0x00001ffa   0x00000002   PAD
    0x00001ffc   0x00001ffc   0x0000002c   Code   RO          268    locale$$code        c_p.l(lc_numeric_c.o)
    0x00002028   0x00002028   0x0000002c   Code   RO          298    locale$$code        c_p.l(lc_ctype_c.o)
    0x00002054   0x00002054   0x00000010   Code   RO          199    x$fpl$printf1       fz_ps.l(printf1.o)
    0x00002064   0x00002064   0x00000010   Code   RO          201    x$fpl$printf2       fz_ps.l(printf2.o)
    0x00002074   0x00002074   0x00000000   Code   RO          284    x$fpl$usenofp       fz_ps.l(usenofp.o)
    0x00002074   0x00002074   0x00000008   Data   RO          125    .constdata          c_p.l(_printf_wctomb.o)
    0x0000207c   0x0000207c   0x00000028   Data   RO          154    .constdata          c_p.l(_printf_hex_int_ll_ptr.o)
    0x000020a4   0x000020a4   0x00000011   Data   RO          174    .constdata          c_p.l(__printf_flags_ss_wp.o)
    0x000020b5   0x000020b5   0x00000026   Data   RO          233    .constdata          c_p.l(_printf_fp_hex.o)
    0x000020db   0x000020db   0x00000001   PAD
    0x000020dc   0x000020dc   0x00000094   Data   RO          259    .constdata          c_p.l(bigflt0.o)
    0x00002170   0x00002170   0x00000002   Data   RO            4    .rodata.str1.1      main.o
    0x00002172   0x00002172   0x00000002   PAD
    0x00002174   0x00002174   0x00000020   Data   RO          431    Region$$Table       anon$$obj.o
    0x00002194   0x00002194   0x0000001c   Data   RO          267    locale$$data        c_p.l(lc_numeric_c.o)
    0x000021b0   0x000021b0   0x00000110   Data   RO          297    locale$$data        c_p.l(lc_ctype_c.o)
    0x000022c0   0x000022c0   0x00000008   Data   RO           13    .ARM.exidx.text.Delay  libserial.lib (delay.o)


    Execution Region ER_RW (Exec base: 0x1ffff000, Load base: 0x000022c8, Size: 0x00000040, Max: 0xffffffff, ABSOLUTE)

    Exec Addr    Load Addr    Size         Type   Attr      Idx    E Section Name        Object

    0x1ffff000   0x000022c8   0x00000020   Data   RW           55    .data.uart1_cfg     libserial.lib (uart.o)
    0x1ffff020   0x000022e8   0x00000020   Data   RW           56    .data.uart2_cfg     libserial.lib (uart.o)


    Execution Region ER_ZI (Exec base: 0x1ffff040, Load base: 0x00002308, Size: 0x00000590, Max: 0xffffffff, ABSOLUTE)

    Exec Addr    Load Addr    Size         Type   Attr      Idx    E Section Name        Object

    0x1ffff040        -       0x00000060   Zero   RW          288    .bss                c_p.l(libspace.o)
    0x1ffff0a0        -       0x0000010c   Zero   RW           58    .bss.uart1_rxQ      libserial.lib (uart.o)
    0x1ffff1ac        -       0x0000010c   Zero   RW           57    .bss.uart1_txQ      libserial.lib (uart.o)
    0x1ffff2b8        -       0x0000010c   Zero   RW           60    .bss.uart2_rxQ      libserial.lib (uart.o)
    0x1ffff3c4        -       0x0000010c   Zero   RW           59    .bss.uart2_txQ      libserial.lib (uart.o)
    0x1ffff4d0        -       0x00000000   Zero   RW           68    HEAP                startup_mkl25z4.o
    0x1ffff4d0        -       0x00000100   Zero   RW           67    STACK               startup_mkl25z4.o


==============================================================================

Image component sizes


      Code (inc. data)   RO Data    RW Data    ZI Data      Debug   Object Name

        68         16          2          0          0        575   main.o
        80         44        192          0        256       1060   startup_mkl25z4.o
        12          4          0          0          0       2657   system_mkl25z4.o

    ----------------------------------------------------------------------
       160         64        228          0        256       4292   Object Totals
         0          0         32          0          0          0   (incl. Generated)
         0          0          2          0          0          0   (incl. Padding)

    ----------------------------------------------------------------------

      Code (inc. data)   RO Data    RW Data    ZI Data      Debug   Library Member Name

         8          0          0          0          0         68   __main.o
       392          6         17          0          0         76   __printf_flags_ss_wp.o
        14          0          0          0          0         60   __printf_wp.o
         0          0          0          0          0          0   __rtentry.o
        12          0          0          0          0          0   __rtentry2.o
         6          0          0          0          0          0   __rtentry4.o
        60          8          0          0          0          0   __scatter.o
        26          0          0          0          0          0   __scatter_copy.o
        28          0          0          0          0          0   __scatter_zi.o
        66          0          0          0          0         76   _c16rtomb.o
        10          0          0          0          0          0   _printf_a.o
        10          0          0          0          0          0   _printf_c.o
        46          0          0          0          0        100   _printf_char.o
        48          6          0          0          0         88   _printf_char_common.o
        38          0          0          0          0         60   _printf_charcount.o
        10          0          0          0          0          0   _printf_d.o
       108         18          0          0          0         76   _printf_dec.o
        10          0          0          0          0          0   _printf_e.o
        10          0          0          0          0          0   _printf_f.o
      1044         12          0          0          0        116   _printf_fp_dec.o
       728         10         38          0          0         84   _printf_fp_hex.o
       136         16          0          0          0         76   _printf_fp_infnan.o
        10          0          0          0          0          0   _printf_g.o
       152          4         40          0          0        148   _printf_hex_int_ll_ptr.o
        10          0          0          0          0          0   _printf_i.o
       176          0          0          0          0         84   _printf_intcommon.o
        10          0          0          0          0          0   _printf_l.o
        10          0          0          0          0          0   _printf_lc.o
        10          0          0          0          0          0   _printf_ll.o
        10          0          0          0          0          0   _printf_lld.o
        10          0          0          0          0          0   _printf_lli.o
        10          0          0          0          0          0   _printf_llo.o
        10          0          0          0          0          0   _printf_llu.o
        10          0          0          0          0          0   _printf_llx.o
       112         18          0          0          0         76   _printf_longlong_dec.o
        10          0          0          0          0          0   _printf_ls.o
        10          0          0          0          0          0   _printf_n.o
        10          0          0          0          0          0   _printf_o.o
       112         10          0          0          0        112   _printf_oct_int_ll.o
        10          0          0          0          0          0   _printf_p.o
        78          0          0          0          0        100   _printf_pad.o
         2          0          0          0          0          0   _printf_percent.o
         4          0          0          0          0          0   _printf_percent_end.o
        10          0          0          0          0          0   _printf_s.o
        82          0          0          0          0         72   _printf_str.o
        36          0          0          0          0         76   _printf_truncate.o
        10          0          0          0          0          0   _printf_u.o
        46          0          0          0          0        100   _printf_wchar.o
       188          6          8          0          0         80   _printf_wctomb.o
        10          0          0          0          0          0   _printf_x.o
        10          0          0          0          0         60   _sputc.o
       364          4          0          0          0         92   aeabi_sdiv.o
       216          6        148          0          0         80   bigflt0.o
      1456         30          0          0          0        336   btod.o
        16          0          0          0          0         68   exit.o
         6          0          0          0          0        136   heapauxi.o
         0          0          0          0          0          0   indicate_semi.o
        44         10        272          0          0         76   lc_ctype_c.o
        44         10         28          0          0         76   lc_numeric_c.o
         2          0          0          0          0          0   libinit.o
        30          0          0          0          0          0   libinit2.o
         2          0          0          0          0          0   libshutdown.o
         2          0          0          0          0          0   libshutdown2.o
         8          4          0          0         96         68   libspace.o
       122          0          0          0          0         72   lludiv10.o
        16          4          0          0          0         76   rt_ctype_table.o
         8          4          0          0          0         68   rt_locale_intlibspace.o
         2          0          0          0          0          0   rtexit.o
        10          0          0          0          0          0   rtexit2.o
        40          0          0          0          0         60   rtudiv10.o
        44          4          0          0          0         84   sprintf.o
       136          4          0          0          0         72   strcmp.o
        12          4          0          0          0         60   sys_exit.o
        62          0          0          0          0         80   sys_stackheap_outer.o
         2          0          0          0          0         68   use_no_semi.o
        16          4          0          0          0         76   printf1.o
        16          4          0          0          0         76   printf2.o
         0          0          0          0          0          0   usenofp.o
        40          4          8          0          0        630   delay.o
       280          0          0          0          0       1595   queue.o
       928         60          0         64       1072       5756   uart.o
        44          4          0          0          0         60   fpclassify.o

    ----------------------------------------------------------------------
      7956        274        560         64       1168      11553   Library Totals
        10          0          1          0          0          0   (incl. Padding)

    ----------------------------------------------------------------------

      Code (inc. data)   RO Data    RW Data    ZI Data      Debug   Library Name

      6622        198        551          0         96       3360   c_p.l
        32          8          0          0          0        152   fz_ps.l
      1248         64          8         64       1072       7981   libserial.lib 
        44          4          0          0          0         60   m_ps.l

    ----------------------------------------------------------------------
      7956        274        560         64       1168      11553   Library Totals

    ----------------------------------------------------------------------

==============================================================================


      Code (inc. data)   RO Data    RW Data    ZI Data      Debug   

      8116        338        788         64       1424      14077   Grand Totals
      8116        338        788         64       1424      14077   ELF Image Totals
      8116        338        788         64          0          0   ROM Totals

==============================================================================

    Total RO  Size (Code + RO Data)                 8904 (   8.70kB)
    Total RW  Size (RW Data + ZI Data)              1488 (   1.45kB)
    Total ROM Size (Code + RO Data + RW Data)       8968 (   8.76kB)

==============================================================================

